Component: ARM Compiler 5.05 update 1 (build 106) Tool: armlink [4d0efa]

==============================================================================

Section Cross References

    main.o(i.led0_thread_entry) refers to delay.o(i.delay_ms) for delay_ms
    main.o(i.led1_thread_entry) refers to delay.o(i.delay_ms) for delay_ms
    main.o(i.led1_thread_entry) refers to test.o(i.Master_Slave_Test) for Master_Slave_Test
    main.o(i.main) refers to context_rvds.o(.text) for rt_hw_interrupt_disable
    main.o(i.main) refers to led.o(i.LED_Init) for LED_Init
    main.o(i.main) refers to ms_comm.o(i.MS_Comm_Init) for MS_Comm_Init
    main.o(i.main) refers to delay.o(i.delay_us) for delay_us
    main.o(i.main) refers to kservice.o(i.rt_kprintf) for rt_kprintf
    main.o(i.main) refers to thread.o(i.rt_thread_init) for rt_thread_init
    main.o(i.main) refers to thread.o(i.rt_thread_startup) for rt_thread_startup
    main.o(i.main) refers to main.o(.bss) for rt_led0_thread_stack
    main.o(i.main) refers to main.o(i.led0_thread_entry) for led0_thread_entry
    main.o(i.main) refers to main.o(i.led1_thread_entry) for led1_thread_entry
    system_stm32f4xx.o(i.SystemCoreClockUpdate) refers to system_stm32f4xx.o(.data) for SystemCoreClock
    system_stm32f4xx.o(i.SystemInit) refers to system_stm32f4xx.o(i.SetSysClock) for SetSysClock
    test.o(i.AHRS_calc_CRC) refers to delay.o(i.delay_ms) for delay_ms
    test.o(i.Master_Slave_Test) refers to ms_com_process.o(i.Master_Slave_Comm) for Master_Slave_Comm
    test.o(i.Master_Slave_Test) refers to ms_com_process.o(.data) for left_pectoral
    test.o(i.Master_Slave_Test) refers to ms_com_process.o(.bss) for oil_pumb_motor
    test.o(i.RDSS_test) refers to upper_comm.o(i.Upper_Message_Analy) for Upper_Message_Analy
    test.o(i.RDSS_test) refers to bd_rdss.o(i.BD_RDSS_TXSQ) for BD_RDSS_TXSQ
    test.o(i.RDSS_test) refers to upper_comm.o(i.data_upload_upper) for data_upload_upper
    test.o(i.RDSS_test) refers to wk2124.o(.data) for WK2124_Rev_Flag
    test.o(i.RDSS_test) refers to bd_rdss.o(.bss) for RDSS_REV_buf
    test.o(i.RF_test) refers to upper_comm.o(i.stat_back_frame) for stat_back_frame
    test.o(i.RF_test) refers to upper_comm.o(i.Upper_Message_Analy) for Upper_Message_Analy
    test.o(i.RF_test) refers to wk2124.o(.data) for WK2124_Rev_Flag
    test.o(i.RF_test) refers to rf.o(.bss) for RF_Rev_Buf
    test.o(i.RNSS_test) refers to bd_rnss.o(i.BD_data_trans) for BD_data_trans
    test.o(i.RNSS_test) refers to kservice.o(i.rt_kprintf) for rt_kprintf
    test.o(i.RNSS_test) refers to f2d.o(x$fpl$f2d) for __aeabi_f2d
    test.o(i.RNSS_test) refers to bd_rnss.o(i.RNSS_start) for RNSS_start
    test.o(i.RNSS_test) refers to wk2124.o(.data) for WK2124_Rev_Flag
    test.o(i.RNSS_test) refers to bd_rnss.o(.bss) for BD_raw_data
    test.o(i.RTC_test) refers to _printf_pad.o(.text) for _printf_pre_padding
    test.o(i.RTC_test) refers to _printf_percent.o(.ARM.Collect$$_printf_percent$$00000000) for _printf_percent
    test.o(i.RTC_test) refers to _printf_d.o(.ARM.Collect$$_printf_percent$$00000009) for _printf_d
    test.o(i.RTC_test) refers to _printf_dec.o(.text) for _printf_int_dec
    test.o(i.RTC_test) refers to stm32f4xx_rtc.o(i.RTC_ReadBackupRegister) for RTC_ReadBackupRegister
    test.o(i.RTC_test) refers to rtc.o(i.MY_RTC_Init) for MY_RTC_Init
    test.o(i.RTC_test) refers to stm32f4xx_rtc.o(i.RTC_GetTime) for RTC_GetTime
    test.o(i.RTC_test) refers to stm32f4xx_rtc.o(i.RTC_GetDate) for RTC_GetDate
    test.o(i.RTC_test) refers to noretval__2sprintf.o(.text) for __2sprintf
    test.o(i.RTC_test) refers to upper_comm.o(i.data_upload_upper) for data_upload_upper
    test.o(i.SD_test) refers to kservice.o(i.rt_kprintf) for rt_kprintf
    test.o(i.SD_test) refers to sd.o(i.SD_Init) for SD_Init
    test.o(i.SD_test) refers to delay.o(i.delay_us) for delay_us
    test.o(i.SD_test) refers to exfuns.o(i.exf_getfree) for exf_getfree
    test.o(i.SD_test) refers to fattester.o(i.mf_scan_files) for mf_scan_files
    test.o(i.SD_test) refers to test.o(.data) for init_flag
    test.o(i.Test_AHRS_USART1) refers to _printf_pad.o(.text) for _printf_pre_padding
    test.o(i.Test_AHRS_USART1) refers to _printf_percent.o(.ARM.Collect$$_printf_percent$$00000000) for _printf_percent
    test.o(i.Test_AHRS_USART1) refers to _printf_f.o(.ARM.Collect$$_printf_percent$$00000003) for _printf_f
    test.o(i.Test_AHRS_USART1) refers to printf1.o(x$fpl$printf1) for _printf_fp_dec
    test.o(i.Test_AHRS_USART1) refers to ahrs.o(i.AHRS_data_analys) for AHRS_data_analys
    test.o(i.Test_AHRS_USART1) refers to f2d.o(x$fpl$f2d) for __aeabi_f2d
    test.o(i.Test_AHRS_USART1) refers to noretval__2sprintf.o(.text) for __2sprintf
    test.o(i.Test_AHRS_USART1) refers to kservice.o(i.rt_kprintf) for rt_kprintf
    test.o(i.Test_AHRS_USART1) refers to ahrs.o(i.AHRS_Require) for AHRS_Require
    test.o(i.Test_AHRS_USART1) refers to ahrs.o(.data) for ahrs_rev_flag
[...]
    i.rt_thread_exit                         0x080042f0   Section        0  thread.o(i.rt_thread_exit)
    i.rt_thread_idle_entry                   0x08004344   Section        0  idle.o(i.rt_thread_idle_entry)
    rt_thread_idle_entry                     0x08004345   Thumb Code     8  idle.o(i.rt_thread_idle_entry)
    i.rt_thread_idle_excute                  0x0800434c   Section        0  idle.o(i.rt_thread_idle_excute)
    i.rt_thread_idle_init                    0x080043c4   Section        0  idle.o(i.rt_thread_idle_init)
    i.rt_thread_init                         0x08004400   Section        0  thread.o(i.rt_thread_init)
    i.rt_thread_resume                       0x08004434   Section        0  thread.o(i.rt_thread_resume)
    i.rt_thread_self                         0x0800446c   Section        0  thread.o(i.rt_thread_self)
    i.rt_thread_sleep                        0x08004478   Section        0  thread.o(i.rt_thread_sleep)
    i.rt_thread_startup                      0x080044bc   Section        0  thread.o(i.rt_thread_startup)
    i.rt_thread_suspend                      0x080044fa   Section        0  thread.o(i.rt_thread_suspend)
    i.rt_thread_timeout                      0x08004530   Section        0  thread.o(i.rt_thread_timeout)
    i.rt_thread_timer_entry                  0x08004550   Section        0  timer.o(i.rt_thread_timer_entry)
    rt_thread_timer_entry                    0x08004551   Thumb Code    62  timer.o(i.rt_thread_timer_entry)
    i.rt_thread_yield                        0x08004594   Section        0  thread.o(i.rt_thread_yield)
    i.rt_tick_get                            0x080045f4   Section        0  clock.o(i.rt_tick_get)
    i.rt_tick_increase                       0x08004600   Section        0  clock.o(i.rt_tick_increase)
    i.rt_timer_check                         0x08004630   Section        0  timer.o(i.rt_timer_check)
    i.rt_timer_control                       0x080046ac   Section        0  timer.o(i.rt_timer_control)
    i.rt_timer_detach                        0x080046e4   Section        0  timer.o(i.rt_timer_detach)
    i.rt_timer_init                          0x08004704   Section        0  timer.o(i.rt_timer_init)
    i.rt_timer_list_next_timeout             0x08004732   Section        0  timer.o(i.rt_timer_list_next_timeout)
    rt_timer_list_next_timeout               0x08004733   Thumb Code    28  timer.o(i.rt_timer_list_next_timeout)
    i.rt_timer_start                         0x08004750   Section        0  timer.o(i.rt_timer_start)
    i.rt_timer_stop                          0x08004878   Section        0  timer.o(i.rt_timer_stop)
    i.rt_vsnprintf                           0x080048a8   Section        0  kservice.o(i.rt_vsnprintf)
    i.rti_board_end                          0x08004bd0   Section        0  components.o(i.rti_board_end)
    rti_board_end                            0x08004bd1   Thumb Code     4  components.o(i.rti_board_end)
    i.rti_board_start                        0x08004bd4   Section        0  components.o(i.rti_board_start)
    rti_board_start                          0x08004bd5   Thumb Code     4  components.o(i.rti_board_start)
    i.rti_end                                0x08004bd8   Section        0  components.o(i.rti_end)
    rti_end                                  0x08004bd9   Thumb Code     4  components.o(i.rti_end)
    i.rtthread_startup                       0x08004bdc   Section        0  components.o(i.rtthread_startup)
    i.skip_atoi                              0x08004c06   Section        0  kservice.o(i.skip_atoi)
    skip_atoi                                0x08004c07   Thumb Code    38  kservice.o(i.skip_atoi)
    i.sys_check_framing                      0x08004c2c   Section        0  ms_com_process.o(i.sys_check_framing)
    i.sys_timing_framing                     0x08004cc0   Section        0  ms_com_process.o(i.sys_timing_framing)
    i.uart4_init                             0x08004d54   Section        0  print_uart.o(i.uart4_init)
    x$fpl$fpinit                             0x08004e00   Section       10  fpinit.o(x$fpl$fpinit)
    $v0                                      0x08004e00   Number         0  fpinit.o(x$fpl$fpinit)
    .constdata                               0x08004e0a   Section      290  kservice.o(.constdata)
    small_digits                             0x08004f0a   Data          17  kservice.o(.constdata)
    large_digits                             0x08004f1b   Data          17  kservice.o(.constdata)
    .constdata                               0x08004f2c   Section      256  crc8.o(.constdata)
    .rti_fn.0.end                            0x0800502c   Section        4  components.o(.rti_fn.0.end)
    .rti_fn.1.end                            0x08005030   Section        4  components.o(.rti_fn.1.end)
    .rti_fn.6.end                            0x08005034   Section        4  components.o(.rti_fn.6.end)
    .data                                    0x10000000   Section       20  system_stm32f4xx.o(.data)
    .data                                    0x10000014   Section       16  stm32f4xx_rcc.o(.data)
    APBAHBPrescTable                         0x10000014   Data          16  stm32f4xx_rcc.o(.data)
    .data                                    0x10000024   Section        4  clock.o(.data)
    rt_tick                                  0x10000024   Data           4  clock.o(.data)
    .data                                    0x10000028   Section       16  cpuport.o(.data)
    rt_exception_hook                        0x10000034   Data           4  cpuport.o(.data)
    .data                                    0x10000038   Section       24  mem.o(.data)
    heap_ptr                                 0x10000038   Data           4  mem.o(.data)
    heap_end                                 0x1000003c   Data           4  mem.o(.data)
    lfree                                    0x10000040   Data           4  mem.o(.data)
    mem_size_aligned                         0x10000044   Data           4  mem.o(.data)
    used_mem                                 0x10000048   Data           4  mem.o(.data)
    max_mem                                  0x1000004c   Data           4  mem.o(.data)
    .data                                    0x10000050   Section       80  object.o(.data)
    .data                                    0x100000a0   Section       24  scheduler.o(.data)
    rt_scheduler_lock_nest                   0x100000a0   Data           2  scheduler.o(.data)
    .data                                    0x100000b8   Section       20  timer.o(.data)
    rt_timer_list                            0x100000b8   Data           8  timer.o(.data)
    rt_soft_timer_list                       0x100000c0   Data           8  timer.o(.data)
    random_nr                                0x100000c8   Data           4  timer.o(.data)
    .bss                                     0x100000cc   Section      388  idle.o(.bss)
    idle                                     0x100000cc   Data         132  idle.o(.bss)
    rt_thread_stack                          0x10000150   Data         256  idle.o(.bss)
    .bss                                     0x10000250   Section      128  kservice.o(.bss)
    rt_log_buf                               0x10000250   Data         128  kservice.o(.bss)
    .bss                                     0x100002d0   Section       32  mem.o(.bss)
    heap_sem                                 0x100002d0   Data          32  mem.o(.bss)
    .bss                                     0x100002f0   Section      512  scheduler.o(.bss)
    .bss                                     0x100004f0   Section      644  timer.o(.bss)
    timer_thread                             0x100004f0   Data         132  timer.o(.bss)
    timer_thread_stack                       0x10000574   Data         512  timer.o(.bss)
    .data                                    0x20000000   Section       32  ahrs.o(.data)
    temp_cnt                                 0x20000010   Data           1  ahrs.o(.data)
    temp_vel_x                               0x20000014   Data           4  ahrs.o(.data)
    temp_vel_y                               0x20000018   Data           4  ahrs.o(.data)
    temp_vel_z                               0x2000001c   Data           4  ahrs.o(.data)
    .data                                    0x20000020   Section       12  altimeter.o(.data)
    .data                                    0x2000002c   Section       10  ctd48m.o(.data)
    .data                                    0x20000038   Section        9  delay.o(.data)
    fac_us                                   0x20000038   Data           4  delay.o(.data)
    fac_ms                                   0x2000003c   Data           4  delay.o(.data)
    .data                                    0x20000044   Section       16  sd.o(.data)
    CardType                                 0x20000044   Data           1  sd.o(.data)
    RCA                                      0x20000048   Data           4  sd.o(.data)
    DeviceMode                               0x2000004c   Data           1  sd.o(.data)
    StopCondition                            0x2000004d   Data           1  sd.o(.data)
    .data                                    0x20000054   Section        3  print_uart.o(.data)
    .data                                    0x20000058   Section       11  wk2124.o(.data)
    .data                                    0x20000064   Section        6  sonar.o(.data)
    .data                                    0x2000006c   Section       18  usbh_core.o(.data)
    timeout                                  0x2000007c   Data           2  usbh_core.o(.data)
    .data                                    0x2000007e   Section        1  irq.o(.data)
    .data                                    0x20000080   Section       32  ms_com_process.o(.data)
    .bss                                     0x200000a0   Section     3944  main.o(.bss)
    led0_thread                              0x200000a0   Data         132  main.o(.bss)
    led1_thread                              0x20000124   Data         132  main.o(.bss)
    rt_led0_thread_stack                     0x200001a8   Data        1024  main.o(.bss)
    rt_led1_thread_stack                     0x200005a8   Data        1024  main.o(.bss)
    .bss                                     0x20001008   Section      256  ahrs.o(.bss)
    .bss                                     0x20001108   Section       32  altimeter.o(.bss)
    .bss                                     0x20001128   Section       44  ctd48m.o(.bss)
    .bss                                     0x20001158   Section      704  sd.o(.bss)
    CSD_Tab                                  0x2000119c   Data          16  sd.o(.bss)
    CID_Tab                                  0x200011ac   Data          16  sd.o(.bss)
    .bss                                     0x20001418   Section       17  print_uart.o(.bss)
    .bss                                     0x2000142c   Section     6248  sonar.o(.bss)
    Sonar_DMA_RxBuf                          0x2000142c   Data         512  sonar.o(.bss)
    .bss                                     0x20002c94   Section      544  bd_rnss.o(.bss)
    .bss                                     0x20002eb4   Section      156  bd_rdss.o(.bss)
    .bss                                     0x20002f50   Section       62  rf.o(.bss)
    .bss                                     0x20002f90   Section     8192  board.o(.bss)
    rt_heap                                  0x20002f90   Data        8192  board.o(.bss)
    .bss                                     0x20004f90   Section      144  ms_com_process.o(.bss)
    .bss                                     0x20005020   Section       96  libspace.o(.bss)
    HEAP                                     0x20005080   Section      512  startup_stm32f40_41xxx.o(HEAP)
    Heap_Mem                                 0x20005080   Data         512  startup_stm32f40_41xxx.o(HEAP)
    STACK                                    0x20005280   Section     1024  startup_stm32f40_41xxx.o(STACK)
    Stack_Mem                                0x20005280   Data        1024  startup_stm32f40_41xxx.o(STACK)
    __initial_sp                             0x20005680   Data           0  startup_stm32f40_41xxx.o(STACK)

    Global Symbols

    Symbol Name                              Value     Ov Type        Size  Object(Section)

    BuildAttributes$$THM_ISAv4$E$P$D$K$B$S$7EM$VFPi3$EXTD16$VFPS$VFMA$PE$A:L22UL41UL21$X:L11$S22US41US21$IEEE1$IW$USESV6$~STKCKD$USESV7$~SHL$OTIME$ROPI$IEEEX$EBA8$UX$STANDARDLIB$REQ8$PRES8$EABIv2 0x00000000   Number         0  anon$$obj.o ABSOLUTE
    __ARM_use_no_argv                        0x00000000   Number         0  main.o ABSOLUTE
    _printf_flags                            0x00000000   Number         0  printf_stubs.o ABSOLUTE
    _printf_return_value                     0x00000000   Number         0  printf_stubs.o ABSOLUTE
    _printf_sizespec                         0x00000000   Number         0  printf_stubs.o ABSOLUTE
    _printf_widthprec                        0x00000000   Number         0  printf_stubs.o ABSOLUTE
    __ARM_exceptions_init                     - Undefined Weak Reference
    __alloca_initialize                       - Undefined Weak Reference
    __arm_preinit_                            - Undefined Weak Reference
    __cpp_initialize__aeabi_                  - Undefined Weak Reference
    __cxa_finalize                            - Undefined Weak Reference
    __sigvec_lookup                           - Undefined Weak Reference
    _atexit_init                              - Undefined Weak Reference
    _call_atexit_fns                          - Undefined Weak Reference
    _clock_init                               - Undefined Weak Reference
    _fp_trap_init                             - Undefined Weak Reference
    _fp_trap_shutdown                         - Undefined Weak Reference
    _get_lc_collate                           - Undefined Weak Reference
    _get_lc_monetary                          - Undefined Weak Reference
    _get_lc_time                              - Undefined Weak Reference
    _getenv_init                              - Undefined Weak Reference
    _handle_redirection                       - Undefined Weak Reference
    _init_alloc                               - Undefined Weak Reference
    _init_user_alloc                          - Undefined Weak Reference
    _initio                                   - Undefined Weak Reference
    _printf_truncate_signed                   - Undefined Weak Reference
    _printf_truncate_unsigned                 - Undefined Weak Reference
    _rand_init                                - Undefined Weak Reference
    _signal_finish                            - Undefined Weak Reference
    _signal_init                              - Undefined Weak Reference
    _terminate_alloc                          - Undefined Weak Reference
    _terminate_user_alloc                     - Undefined Weak Reference
    _terminateio                              - Undefined Weak Reference
    __Vectors_Size                           0x00000188   Number         0  startup_stm32f40_41xxx.o ABSOLUTE
    __Vectors                                0x08000000   Data           4  startup_stm32f40_41xxx.o(RESET)
    __Vectors_End                            0x08000188   Data           0  startup_stm32f40_41xxx.o(RESET)
    __main                                   0x08000189   Thumb Code     8  __main.o(!!!main)
    __scatterload                            0x08000191   Thumb Code     0  __scatter.o(!!!scatter)
    __scatterload_rt2                        0x08000191   Thumb Code    44  __scatter.o(!!!scatter)
    __scatterload_rt2_thumb_only             0x08000191   Thumb Code     0  __scatter.o(!!!scatter)
    __scatterload_null                       0x0800019f   Thumb Code     0  __scatter.o(!!!scatter)
    __decompress                             0x080001c5   Thumb Code    90  __dczerorl2.o(!!dczerorl2)
    __decompress1                            0x080001c5   Thumb Code     0  __dczerorl2.o(!!dczerorl2)
    __scatterload_copy                       0x08000221   Thumb Code    26  __scatter_copy.o(!!handler_copy)
    __scatterload_zeroinit                   0x0800023d   Thumb Code    28  __scatter_zi.o(!!handler_zi)
    __rt_lib_init                            0x08000259   Thumb Code     0  libinit.o(.ARM.Collect$$libinit$$00000000)
    __rt_lib_init_fp_1                       0x0800025b   Thumb Code     0  libinit2.o(.ARM.Collect$$libinit$$00000001)
    __rt_lib_init_alloca_1                   0x0800025f   Thumb Code     0  libinit2.o(.ARM.Collect$$libinit$$0000002E)
    __rt_lib_init_argv_1                     0x0800025f   Thumb Code     0  libinit2.o(.ARM.Collect$$libinit$$0000002C)
    __rt_lib_init_atexit_1                   0x0800025f   Thumb Code     0  libinit2.o(.ARM.Collect$$libinit$$0000001B)
    __rt_lib_init_clock_1                    0x0800025f   Thumb Code     0  libinit2.o(.ARM.Collect$$libinit$$00000021)
    __rt_lib_init_cpp_1                      0x0800025f   Thumb Code     0  libinit2.o(.ARM.Collect$$libinit$$00000032)
    __rt_lib_init_exceptions_1               0x0800025f   Thumb Code     0  libinit2.o(.ARM.Collect$$libinit$$00000030)
    __rt_lib_init_fp_trap_1                  0x0800025f   Thumb Code     0  libinit2.o(.ARM.Collect$$libinit$$0000001F)
    __rt_lib_init_getenv_1                   0x0800025f   Thumb Code     0  libinit2.o(.ARM.Collect$$libinit$$00000023)
    __rt_lib_init_heap_1                     0x0800025f   Thumb Code     0  libinit2.o(.ARM.Collect$$libinit$$0000000A)
    __rt_lib_init_lc_collate_1               0x0800025f   Thumb Code     0  libinit2.o(.ARM.Collect$$libinit$$00000011)
    __rt_lib_init_lc_ctype_1                 0x0800025f   Thumb Code     0  libinit2.o(.ARM.Collect$$libinit$$00000013)
    __rt_lib_init_lc_monetary_1              0x0800025f   Thumb Code     0  libinit2.o(.ARM.Collect$$libinit$$00000015)
    __rt_lib_init_lc_numeric_1               0x0800025f   Thumb Code     0  libinit2.o(.ARM.Collect$$libinit$$00000017)
    __rt_lib_init_lc_time_1                  0x0800025f   Thumb Code     0  libinit2.o(.ARM.Collect$$libinit$$00000019)
    __rt_lib_init_preinit_1                  0x0800025f   Thumb Code     0  libinit2.o(.ARM.Collect$$libinit$$00000004)
    __rt_lib_init_rand_1                     0x0800025f   Thumb Code     0  libinit2.o(.ARM.Collect$$libinit$$0000000E)
    __rt_lib_init_return                     0x0800025f   Thumb Code     0  libinit2.o(.ARM.Collect$$libinit$$00000033)
    __rt_lib_init_signal_1                   0x0800025f   Thumb Code     0  libinit2.o(.ARM.Collect$$libinit$$0000001D)
    __rt_lib_init_stdio_1                    0x0800025f   Thumb Code     0  libinit2.o(.ARM.Collect$$libinit$$00000025)
    __rt_lib_init_user_alloc_1               0x0800025f   Thumb Code     0  libinit2.o(.ARM.Collect$$libinit$$0000000C)
    __rt_lib_shutdown                        0x08000261   Thumb Code     0  libshutdown.o(.ARM.Collect$$libshutdown$$00000000)
    __rt_lib_shutdown_fp_trap_1              0x08000263   Thumb Code     0  libshutdown2.o(.ARM.Collect$$libshutdown$$00000006)
    __rt_lib_shutdown_heap_1                 0x08000263   Thumb Code     0  libshutdown2.o(.ARM.Collect$$libshutdown$$0000000E)
    __rt_lib_shutdown_return                 0x08000263   Thumb Code     0  libshutdown2.o(.ARM.Collect$$libshutdown$$0000000F)
    __rt_lib_shutdown_signal_1               0x08000263   Thumb Code     0  libshutdown2.o(.ARM.Collect$$libshutdown$$00000009)
    __rt_lib_shutdown_stdio_1                0x08000263   Thumb Code     0  libshutdown2.o(.ARM.Collect$$libshutdown$$00000003)
    __rt_lib_shutdown_user_alloc_1           0x08000263   Thumb Code     0  libshutdown2.o(.ARM.Collect$$libshutdown$$0000000B)
    __rt_entry                               0x08000265   Thumb Code     0  __rtentry.o(.ARM.Collect$$rtentry$$00000000)
    __rt_entry_presh_1                       0x08000265   Thumb Code     0  __rtentry2.o(.ARM.Collect$$rtentry$$00000002)
    __rt_entry_sh                            0x08000265   Thumb Code     0  __rtentry4.o(.ARM.Collect$$rtentry$$00000004)
    __rt_entry_li                            0x0800026b   Thumb Code     0  __rtentry2.o(.ARM.Collect$$rtentry$$0000000A)
    __rt_entry_postsh_1                      0x0800026b   Thumb Code     0  __rtentry2.o(.ARM.Collect$$rtentry$$00000009)
    __rt_entry_main                          0x0800026f   Thumb Code     0  __rtentry2.o(.ARM.Collect$$rtentry$$0000000D)
    __rt_entry_postli_1                      0x0800026f   Thumb Code     0  __rtentry2.o(.ARM.Collect$$rtentry$$0000000C)
    __rt_exit                                0x08000277   Thumb Code     0  rtexit.o(.ARM.Collect$$rtexit$$00000000)
    __rt_exit_ls                             0x08000279   Thumb Code     0  rtexit2.o(.ARM.Collect$$rtexit$$00000003)
    __rt_exit_prels_1                        0x08000279   Thumb Code     0  rtexit2.o(.ARM.Collect$$rtexit$$00000002)
    __rt_exit_exit                           0x0800027d   Thumb Code     0  rtexit2.o(.ARM.Collect$$rtexit$$00000004)
    Reset_Handler                            0x08000285   Thumb Code     8  startup_stm32f40_41xxx.o(.text)
    ADC_IRQHandler                           0x0800029f   Thumb Code     0  startup_stm32f40_41xxx.o(.text)
    CAN1_RX0_IRQHandler                      0x0800029f   Thumb Code     0  startup_stm32f40_41xxx.o(.text)
    CAN1_RX1_IRQHandler                      0x0800029f   Thumb Code     0  startup_stm32f40_41xxx.o(.text)
    CAN1_SCE_IRQHandler                      0x0800029f   Thumb Code     0  startup_stm32f40_41xxx.o(.text)
    CAN1_TX_IRQHandler                       0x0800029f   Thumb Code     0  startup_stm32f40_41xxx.o(.text)
    CAN2_RX0_IRQHandler                      0x0800029f   Thumb Code     0  startup_stm32f40_41xxx.o(.text)
    CAN2_RX1_IRQHandler                      0x0800029f   Thumb Code     0  startup_stm32f40_41xxx.o(.text)
    CAN2_SCE_IRQHandler                      0x0800029f   Thumb Code     0  startup_stm32f40_41xxx.o(.text)
    CAN2_TX_IRQHandler                       0x0800029f   Thumb Code     0  startup_stm32f40_41xxx.o(.text)
    CRYP_IRQHandler                          0x0800029f   Thumb Code     0  startup_stm32f40_41xxx.o(.text)
    DCMI_IRQHandler                          0x0800029f   Thumb Code     0  startup_stm32f40_41xxx.o(.text)
    DMA1_Stream0_IRQHandler                  0x0800029f   Thumb Code     0  startup_stm32f40_41xxx.o(.text)
    DMA1_Stream1_IRQHandler                  0x0800029f   Thumb Code     0  startup_stm32f40_41xxx.o(.text)
    DMA1_Stream2_IRQHandler                  0x0800029f   Thumb Code     0  startup_stm32f40_41xxx.o(.text)
    DMA1_Stream3_IRQHandler                  0x0800029f   Thumb Code     0  startup_stm32f40_41xxx.o(.text)
    DMA1_Stream4_IRQHandler                  0x0800029f   Thumb Code     0  startup_stm32f40_41xxx.o(.text)
    DMA1_Stream5_IRQHandler                  0x0800029f   Thumb Code     0  startup_stm32f40_41xxx.o(.text)
    DMA1_Stream6_IRQHandler                  0x0800029f   Thumb Code     0  startup_stm32f40_41xxx.o(.text)
    DMA1_Stream7_IRQHandler                  0x0800029f   Thumb Code     0  startup_stm32f40_41xxx.o(.text)
    DMA2_Stream0_IRQHandler                  0x0800029f   Thumb Code     0  startup_stm32f40_41xxx.o(.text)
    DMA2_Stream1_IRQHandler                  0x0800029f   Thumb Code     0  startup_stm32f40_41xxx.o(.text)
    DMA2_Stream2_IRQHandler                  0x0800029f   Thumb Code     0  startup_stm32f40_41xxx.o(.text)
    DMA2_Stream3_IRQHandler                  0x0800029f   Thumb Code     0  startup_stm32f40_41xxx.o(.text)
    DMA2_Stream4_IRQHandler                  0x0800029f   Thumb Code     0  startup_stm32f40_41xxx.o(.text)
    DMA2_Stream5_IRQHandler                  0x0800029f   Thumb Code     0  startup_stm32f40_41xxx.o(.text)
    ETH_IRQHandler                           0x0800029f   Thumb Code     0  startup_stm32f40_41xxx.o(.text)
    ETH_WKUP_IRQHandler                      0x0800029f   Thumb Code     0  startup_stm32f40_41xxx.o(.text)
    EXTI0_IRQHandler                         0x0800029f   Thumb Code     0  startup_stm32f40_41xxx.o(.text)
    EXTI15_10_IRQHandler                     0x0800029f   Thumb Code     0  startup_stm32f40_41xxx.o(.text)
    EXTI1_IRQHandler                         0x0800029f   Thumb Code     0  startup_stm32f40_41xxx.o(.text)
    EXTI3_IRQHandler                         0x0800029f   Thumb Code     0  startup_stm32f40_41xxx.o(.text)
    EXTI4_IRQHandler                         0x0800029f   Thumb Code     0  startup_stm32f40_41xxx.o(.text)
    EXTI9_5_IRQHandler                       0x0800029f   Thumb Code     0  startup_stm32f40_41xxx.o(.text)
    FLASH_IRQHandler                         0x0800029f   Thumb Code     0  startup_stm32f40_41xxx.o(.text)
    FPU_IRQHandler                           0x0800029f   Thumb Code     0  startup_stm32f40_41xxx.o(.text)
    FSMC_IRQHandler                          0x0800029f   Thumb Code     0  startup_stm32f40_41xxx.o(.text)
    HASH_RNG_IRQHandler                      0x0800029f   Thumb Code     0  startup_stm32f40_41xxx.o(.text)
    I2C1_ER_IRQHandler                       0x0800029f   Thumb Code     0  startup_stm32f40_41xxx.o(.text)
    I2C1_EV_IRQHandler                       0x0800029f   Thumb Code     0  startup_stm32f40_41xxx.o(.text)
    I2C2_ER_IRQHandler                       0x0800029f   Thumb Code     0  startup_stm32f40_41xxx.o(.text)
    I2C2_EV_IRQHandler                       0x0800029f   Thumb Code     0  startup_stm32f40_41xxx.o(.text)
    I2C3_ER_IRQHandler                       0x0800029f   Thumb Code     0  startup_stm32f40_41xxx.o(.text)
    I2C3_EV_IRQHandler                       0x0800029f   Thumb Code     0  startup_stm32f40_41xxx.o(.text)
    OTG_FS_WKUP_IRQHandler                   0x0800029f   Thumb Code     0  startup_stm32f40_41xxx.o(.text)
    OTG_HS_EP1_IN_IRQHandler                 0x0800029f   Thumb Code     0  startup_stm32f40_41xxx.o(.text)
    OTG_HS_EP1_OUT_IRQHandler                0x0800029f   Thumb Code     0  startup_stm32f40_41xxx.o(.text)
    OTG_HS_IRQHandler                        0x0800029f   Thumb Code     0  startup_stm32f40_41xxx.o(.text)
    OTG_HS_WKUP_IRQHandler                   0x0800029f   Thumb Code     0  startup_stm32f40_41xxx.o(.text)
    PVD_IRQHandler                           0x0800029f   Thumb Code     0  startup_stm32f40_41xxx.o(.text)
    RCC_IRQHandler                           0x0800029f   Thumb Code     0  startup_stm32f40_41xxx.o(.text)
    RTC_Alarm_IRQHandler                     0x0800029f   Thumb Code     0  startup_stm32f40_41xxx.o(.text)
    RTC_WKUP_IRQHandler                      0x0800029f   Thumb Code     0  startup_stm32f40_41xxx.o(.text)
    SPI1_IRQHandler                          0x0800029f   Thumb Code     0  startup_stm32f40_41xxx.o(.text)
    SPI2_IRQHandler                          0x0800029f   Thumb Code     0  startup_stm32f40_41xxx.o(.text)
    SPI3_IRQHandler                          0x0800029f   Thumb Code     0  startup_stm32f40_41xxx.o(.text)
    TAMP_STAMP_IRQHandler                    0x0800029f   Thumb Code     0  startup_stm32f40_41xxx.o(.text)
    TIM1_BRK_TIM9_IRQHandler                 0x0800029f   Thumb Code     0  startup_stm32f40_41xxx.o(.text)
    TIM1_CC_IRQHandler                       0x0800029f   Thumb Code     0  startup_stm32f40_41xxx.o(.text)
    TIM1_TRG_COM_TIM11_IRQHandler            0x0800029f   Thumb Code     0  startup_stm32f40_41xxx.o(.text)
    TIM1_UP_TIM10_IRQHandler                 0x0800029f   Thumb Code     0  startup_stm32f40_41xxx.o(.text)
    TIM2_IRQHandler                          0x0800029f   Thumb Code     0  startup_stm32f40_41xxx.o(.text)
    TIM3_IRQHandler                          0x0800029f   Thumb Code     0  startup_stm32f40_41xxx.o(.text)
    TIM4_IRQHandler                          0x0800029f   Thumb Code     0  startup_stm32f40_41xxx.o(.text)
    TIM5_IRQHandler                          0x0800029f   Thumb Code     0  startup_stm32f40_41xxx.o(.text)
    TIM6_DAC_IRQHandler                      0x0800029f   Thumb Code     0  startup_stm32f40_41xxx.o(.text)
    TIM7_IRQHandler                          0x0800029f   Thumb Code     0  startup_stm32f40_41xxx.o(.text)
    TIM8_BRK_TIM12_IRQHandler                0x0800029f   Thumb Code     0  startup_stm32f40_41xxx.o(.text)
    TIM8_CC_IRQHandler                       0x0800029f   Thumb Code     0  startup_stm32f40_41xxx.o(.text)
    TIM8_TRG_COM_TIM14_IRQHandler            0x0800029f   Thumb Code     0  startup_stm32f40_41xxx.o(.text)
    TIM8_UP_TIM13_IRQHandler                 0x0800029f   Thumb Code     0  startup_stm32f40_41xxx.o(.text)
    UART5_IRQHandler                         0x0800029f   Thumb Code     0  startup_stm32f40_41xxx.o(.text)
    WWDG_IRQHandler                          0x0800029f   Thumb Code     0  startup_stm32f40_41xxx.o(.text)
    __user_initial_stackheap                 0x080002a1   Thumb Code     0  startup_stm32f40_41xxx.o(.text)
    rt_hw_interrupt_disable                  0x080002c5   Thumb Code     8  context_rvds.o(.text)
    rt_hw_interrupt_enable                   0x080002cd   Thumb Code     6  context_rvds.o(.text)
    rt_hw_context_switch                     0x080002d3   Thumb Code    32  context_rvds.o(.text)
    rt_hw_context_switch_interrupt           0x080002d3   Thumb Code     0  context_rvds.o(.text)
    PendSV_Handler                           0x080002f3   Thumb Code   108  context_rvds.o(.text)
    rt_hw_context_switch_to                  0x0800035f   Thumb Code    68  context_rvds.o(.text)
    rt_hw_interrupt_thread_switch            0x080003a3   Thumb Code     2  context_rvds.o(.text)
    HardFault_Handler                        0x080003a5   Thumb Code    20  context_rvds.o(.text)
    __use_two_region_memory                  0x080003d1   Thumb Code     2  heapauxi.o(.text)
    __rt_heap_escrow$2region                 0x080003d3   Thumb Code     2  heapauxi.o(.text)
    __rt_heap_expand$2region                 0x080003d5   Thumb Code     2  heapauxi.o(.text)
    __user_libspace                          0x080003d9   Thumb Code     8  libspace.o(.text)
    __user_perproc_libspace                  0x080003d9   Thumb Code     0  libspace.o(.text)
    __user_perthread_libspace                0x080003d9   Thumb Code     0  libspace.o(.text)
    __user_setup_stackheap                   0x080003e1   Thumb Code    74  sys_stackheap_outer.o(.text)
    exit                                     0x0800042b   Thumb Code    12  exit.o(.text)
    _sys_exit                                0x08000439   Thumb Code     8  sys_exit.o(.text)
    __I$use$semihosting                      0x08000445   Thumb Code     0  use_no_semi.o(.text)
    __use_no_semihosting_swi                 0x08000445   Thumb Code     2  use_no_semi.o(.text)
    __semihosting_library_function           0x08000447   Thumb Code     0  indicate_semi.o(.text)
    main                                     0x08000447   Thumb Code    14  components.o(i.$Sub$$main)
    BusFault_Handler                         0x08000455   Thumb Code     4  stm32f4xx_it.o(i.BusFault_Handler)
    CRC8_Table                               0x08000459   Thumb Code    28  crc8.o(i.CRC8_Table)
    CmdResp1Error                            0x08000479   Thumb Code    94  sd.o(i.CmdResp1Error)
    DMA2_Stream6_IRQHandler                  0x080004dd   Thumb Code    50  sonar.o(i.DMA2_Stream6_IRQHandler)
    DMA2_Stream7_IRQHandler                  0x0800051d   Thumb Code    42  ahrs.o(i.DMA2_Stream7_IRQHandler)
    DMA_ClearFlag                            0x08000555   Thumb Code    38  stm32f4xx_dma.o(i.DMA_ClearFlag)
    DMA_Cmd                                  0x08000589   Thumb Code    22  stm32f4xx_dma.o(i.DMA_Cmd)
    DMA_DeInit                               0x080005a1   Thumb Code   324  stm32f4xx_dma.o(i.DMA_DeInit)
    DMA_GetCmdStatus                         0x080006f9   Thumb Code    20  stm32f4xx_dma.o(i.DMA_GetCmdStatus)
    DMA_GetCurrDataCounter                   0x0800070d   Thumb Code     8  stm32f4xx_dma.o(i.DMA_GetCurrDataCounter)
    DMA_GetITStatus                          0x08000715   Thumb Code    82  stm32f4xx_dma.o(i.DMA_GetITStatus)
    DMA_Init                                 0x08000779   Thumb Code    82  stm32f4xx_dma.o(i.DMA_Init)
    DMA_SetCurrDataCounter                   0x080007d1   Thumb Code     4  stm32f4xx_dma.o(i.DMA_SetCurrDataCounter)
    DebugMon_Handler                         0x080007d5   Thumb Code     2  stm32f4xx_it.o(i.DebugMon_Handler)
    EXTI2_IRQHandler                         0x080007d9   Thumb Code   392  wk2124.o(i.EXTI2_IRQHandler)
    EXTI_ClearITPendingBit                   0x08000985   Thumb Code     6  stm32f4xx_exti.o(i.EXTI_ClearITPendingBit)
    GPIO_Init                                0x08000991   Thumb Code   144  stm32f4xx_gpio.o(i.GPIO_Init)
    GPIO_PinAFConfig                         0x08000a21   Thumb Code    70  stm32f4xx_gpio.o(i.GPIO_PinAFConfig)
    GPIO_SetBits                             0x08000a67   Thumb Code     4  stm32f4xx_gpio.o(i.GPIO_SetBits)
    LED_Init                                 0x08000a6d   Thumb Code    58  led.o(i.LED_Init)
    MS_Comm_Init                             0x08000aad   Thumb Code   218  ms_comm.o(i.MS_Comm_Init)
    MS_Comm_WriteByte                        0x08000b95   Thumb Code    48  ms_comm.o(i.MS_Comm_WriteByte)
    Master_ReadByte                          0x08000bc9   Thumb Code    44  ms_comm.o(i.Master_ReadByte)
    Master_Rev_Data                          0x08000bf9   Thumb Code    88  ms_comm.o(i.Master_Rev_Data)
    Master_Send_Data                         0x08000c59   Thumb Code    64  ms_comm.o(i.Master_Send_Data)
    Master_Slave_Comm                        0x08000c9d   Thumb Code   358  ms_com_process.o(i.Master_Slave_Comm)
    Master_Slave_Test                        0x08000e21   Thumb Code   142  test.o(i.Master_Slave_Test)
    MemManage_Handler                        0x08000ed1   Thumb Code     4  stm32f4xx_it.o(i.MemManage_Handler)
    NMI_Handler                              0x08000ed5   Thumb Code     2  stm32f4xx_it.o(i.NMI_Handler)
    NVIC_Init                                0x08000ed9   Thumb Code   106  misc.o(i.NVIC_Init)
    NVIC_PriorityGroupConfig                 0x08000f51   Thumb Code    10  misc.o(i.NVIC_PriorityGroupConfig)
    OTG_FS_IRQHandler                        0x08000f65   Thumb Code    18  usbh_usr.o(i.OTG_FS_IRQHandler)
    RCC_AHB1PeriphClockCmd                   0x08000f7d   Thumb Code    26  stm32f4xx_rcc.o(i.RCC_AHB1PeriphClockCmd)
    RCC_APB1PeriphClockCmd                   0x08000f9d   Thumb Code    26  stm32f4xx_rcc.o(i.RCC_APB1PeriphClockCmd)
    RCC_APB2PeriphClockCmd                   0x08000fbd   Thumb Code    26  stm32f4xx_rcc.o(i.RCC_APB2PeriphClockCmd)
    RCC_APB2PeriphResetCmd                   0x08000fdd   Thumb Code    26  stm32f4xx_rcc.o(i.RCC_APB2PeriphResetCmd)
    RCC_GetClocksFreq                        0x08000ffd   Thumb Code   214  stm32f4xx_rcc.o(i.RCC_GetClocksFreq)
    SDIO_ClearFlag                           0x080010e5   Thumb Code     6  stm32f4xx_sdio.o(i.SDIO_ClearFlag)
    SDIO_GetFlagStatus                       0x080010f1   Thumb Code    20  stm32f4xx_sdio.o(i.SDIO_GetFlagStatus)
    SDIO_IRQHandler                          0x08001109   Thumb Code    16  sd.o(i.SDIO_IRQHandler)
    SDIO_SendCommand                         0x08001119   Thumb Code    40  stm32f4xx_sdio.o(i.SDIO_SendCommand)
    SD_ProcessIRQSrc                         0x08001145   Thumb Code   318  sd.o(i.SD_ProcessIRQSrc)
    SPI_Cmd                                  0x08001299   Thumb Code    24  stm32f4xx_spi.o(i.SPI_Cmd)
    SPI_I2S_GetFlagStatus                    0x080012b1   Thumb Code    18  stm32f4xx_spi.o(i.SPI_I2S_GetFlagStatus)
    SPI_I2S_ReceiveData                      0x080012c3   Thumb Code     6  stm32f4xx_spi.o(i.SPI_I2S_ReceiveData)
    SPI_I2S_SendData                         0x080012c9   Thumb Code     4  stm32f4xx_spi.o(i.SPI_I2S_SendData)
    SPI_Init                                 0x080012cd   Thumb Code    60  stm32f4xx_spi.o(i.SPI_Init)
    SPI_SSOutputCmd                          0x08001309   Thumb Code    24  stm32f4xx_spi.o(i.SPI_SSOutputCmd)
    SVC_Handler                              0x08001321   Thumb Code     2  stm32f4xx_it.o(i.SVC_Handler)
    SysTick_Handler                          0x0800152d   Thumb Code    16  board.o(i.SysTick_Handler)
    SystemCoreClockUpdate                    0x0800153d   Thumb Code   170  system_stm32f4xx.o(i.SystemCoreClockUpdate)
    SystemInit                               0x080015fd   Thumb Code    88  system_stm32f4xx.o(i.SystemInit)
    UART4_IRQHandler                         0x08001665   Thumb Code   116  print_uart.o(i.UART4_IRQHandler)
    USART1_IRQHandler                        0x080016e9   Thumb Code    20  ahrs.o(i.USART1_IRQHandler)
    USART2_IRQHandler                        0x080016fd   Thumb Code   106  altimeter.o(i.USART2_IRQHandler)
    USART3_IRQHandler                        0x08001785   Thumb Code    92  ctd48m.o(i.USART3_IRQHandler)
    USART6_IRQHandler                        0x080017f5   Thumb Code    26  sonar.o(i.USART6_IRQHandler)
    USART_Cmd                                0x08001819   Thumb Code    24  stm32f4xx_usart.o(i.USART_Cmd)
    USART_DMACmd                             0x08001831   Thumb Code    18  stm32f4xx_usart.o(i.USART_DMACmd)
    USART_GetFlagStatus                      0x08001843   Thumb Code    26  stm32f4xx_usart.o(i.USART_GetFlagStatus)
    USART_GetITStatus                        0x0800185d   Thumb Code    84  stm32f4xx_usart.o(i.USART_GetITStatus)
    USART_ITConfig                           0x080018b1   Thumb Code    74  stm32f4xx_usart.o(i.USART_ITConfig)
    USART_Init                               0x080018fd   Thumb Code   204  stm32f4xx_usart.o(i.USART_Init)
    USART_SendData                           0x080019d1   Thumb Code     8  stm32f4xx_usart.o(i.USART_SendData)
    USBH_Connected                           0x080019d9   Thumb Code    12  usbh_core.o(i.USBH_Connected)
    USBH_Disconnected                        0x080019e5   Thumb Code    12  usbh_core.o(i.USBH_Disconnected)
    USBH_OTG_ISR_Handler                     0x080019f1   Thumb Code   168  usb_hcd_int.o(i.USBH_OTG_ISR_Handler)
    USBH_SOF                                 0x08001a99   Thumb Code     6  usbh_core.o(i.USBH_SOF)
    USB_OTG_BSP_mDelay                       0x08001a9f   Thumb Code    28  usb_bsp.o(i.USB_OTG_BSP_mDelay)
    USB_OTG_GetMode                          0x08001abb   Thumb Code    12  usb_core.o(i.USB_OTG_GetMode)
    USB_OTG_HC_DoPing                        0x08001ac7   Thumb Code    90  usb_core.o(i.USB_OTG_HC_DoPing)
    USB_OTG_HC_Halt                          0x08001b21   Thumb Code   130  usb_core.o(i.USB_OTG_HC_Halt)
    USB_OTG_InitFSLSPClkSel                  0x08001ba3   Thumb Code    24  usb_core.o(i.USB_OTG_InitFSLSPClkSel)
    USB_OTG_IsHostMode                       0x08001bbb   Thumb Code    20  usb_core.o(i.USB_OTG_IsHostMode)
    USB_OTG_ReadCoreItr                      0x08001bcf   Thumb Code    16  usb_core.o(i.USB_OTG_ReadCoreItr)
    USB_OTG_ReadHPRT0                        0x08001bdf   Thumb Code    48  usb_core.o(i.USB_OTG_ReadHPRT0)
    USB_OTG_ReadHostAllChannels_intr         0x08001c0f   Thumb Code     8  usb_core.o(i.USB_OTG_ReadHostAllChannels_intr)
    USB_OTG_ReadPacket                       0x08001c17   Thumb Code    40  usb_core.o(i.USB_OTG_ReadPacket)
    USB_OTG_ResetPort                        0x08001c3f   Thumb Code    64  usb_core.o(i.USB_OTG_ResetPort)
    USB_OTG_WritePacket                      0x08002a51   Thumb Code    64  usb_core.o(i.USB_OTG_WritePacket)
    UsageFault_Handler                       0x08002a91   Thumb Code     4  stm32f4xx_it.o(i.UsageFault_Handler)
    WK2124_FIFO_RST                          0x08002a95   Thumb Code    46  wk2124.o(i.WK2124_FIFO_RST)
    WK2124_ReadWriteByte                     0x08002ac5   Thumb Code    50  wk2124.o(i.WK2124_ReadWriteByte)
    WK2124_USART_Ctr                         0x08002afd   Thumb Code    68  wk2124.o(i.WK2124_USART_Ctr)
    WK2124_read_FIFO                         0x08002b41   Thumb Code    84  wk2124.o(i.WK2124_read_FIFO)
    WK2124_read_reg                          0x08002b99   Thumb Code    78  wk2124.o(i.WK2124_read_reg)
    WK2124_write_reg                         0x08002bf5   Thumb Code    62  wk2124.o(i.WK2124_write_reg)
    __rt_ffs                                 0x08002c6d   Thumb Code    70  kservice.o(i.__rt_ffs)
    delay_init                               0x08002e49   Thumb Code    22  delay.o(i.delay_init)
    delay_ms                                 0x08002e71   Thumb Code   152  delay.o(i.delay_ms)
    delay_osschedlock                        0x08002f15   Thumb Code     8  delay.o(i.delay_osschedlock)
    delay_osschedunlock                      0x08002f1d   Thumb Code     8  delay.o(i.delay_osschedunlock)
    delay_us                                 0x08002f25   Thumb Code    84  delay.o(i.delay_us)
    fish_run_framing                         0x08002f7d   Thumb Code   576  ms_com_process.o(i.fish_run_framing)
    $Super$$main                             0x08003225   Thumb Code   140  main.o(i.main)
    main_thread_entry                        0x080032e5   Thumb Code    14  components.o(i.main_thread_entry)
    rt_application_init                      0x080034f9   Thumb Code    32  components.o(i.rt_application_init)
    rt_components_board_init                 0x08003525   Thumb Code    20  components.o(i.rt_components_board_init)
    rt_components_init                       0x08003541   Thumb Code    20  components.o(i.rt_components_init)
    rt_enter_critical                        0x0800355d   Thumb Code    28  scheduler.o(i.rt_enter_critical)
    rt_exit_critical                         0x0800357d   Thumb Code    54  scheduler.o(i.rt_exit_critical)
    rt_free                                  0x080035b9   Thumb Code    98  mem.o(i.rt_free)
    rt_hw_board_init                         0x08003641   Thumb Code    74  board.o(i.rt_hw_board_init)
    rt_hw_console_output                     0x08003695   Thumb Code    78  print_uart.o(i.rt_hw_console_output)
    rt_hw_hard_fault_exception               0x080036e9   Thumb Code   108  cpuport.o(i.rt_hw_hard_fault_exception)
    rt_hw_stack_init                         0x080037f5   Thumb Code    74  cpuport.o(i.rt_hw_stack_init)
    rt_interrupt_enter                       0x08003845   Thumb Code    26  irq.o(i.rt_interrupt_enter)
    rt_interrupt_leave                       0x08003865   Thumb Code    26  irq.o(i.rt_interrupt_leave)
    rt_kprintf                               0x08003915   Thumb Code    44  kservice.o(i.rt_kprintf)
    rt_malloc                                0x080039d5   Thumb Code   336  mem.o(i.rt_malloc)
    rt_memcpy                                0x08003b41   Thumb Code   124  kservice.o(i.rt_memcpy)
    rt_memset                                0x08003bbd   Thumb Code    72  kservice.o(i.rt_memset)
    rt_object_allocate                       0x08003c05   Thumb Code    72  object.o(i.rt_object_allocate)
    rt_object_delete                         0x08003c51   Thumb Code    32  object.o(i.rt_object_delete)
    rt_object_detach                         0x08003c71   Thumb Code    26  object.o(i.rt_object_detach)
    rt_object_init                           0x08003c8d   Thumb Code    58  object.o(i.rt_object_init)
    rt_object_is_systemobject                0x08003ccd   Thumb Code    18  object.o(i.rt_object_is_systemobject)
    rt_schedule                              0x08003ce1   Thumb Code   112  scheduler.o(i.rt_schedule)
    rt_schedule_insert_thread                0x08003d6d   Thumb Code    86  scheduler.o(i.rt_schedule_insert_thread)
    rt_schedule_remove_thread                0x08003dd1   Thumb Code   104  scheduler.o(i.rt_schedule_remove_thread)
    rt_sem_init                              0x08003e45   Thumb Code    38  ipc.o(i.rt_sem_init)
    rt_sem_release                           0x08003e6b   Thumb Code    58  ipc.o(i.rt_sem_release)
    rt_sem_take                              0x08003ea5   Thumb Code   116  ipc.o(i.rt_sem_take)
    rt_show_version                          0x08003f19   Thumb Code    38  kservice.o(i.rt_show_version)
    rt_soft_timer_check                      0x08003fc9   Thumb Code   120  timer.o(i.rt_soft_timer_check)
    rt_strlen                                0x08004045   Thumb Code    18  kservice.o(i.rt_strlen)
    rt_strncpy                               0x08004057   Thumb Code    52  kservice.o(i.rt_strncpy)
    rt_system_heap_init                      0x0800408d   Thumb Code   160  mem.o(i.rt_system_heap_init)
    rt_system_scheduler_init                 0x08004185   Thumb Code    62  scheduler.o(i.rt_system_scheduler_init)
    rt_system_scheduler_start                0x080041e1   Thumb Code    50  scheduler.o(i.rt_system_scheduler_start)
    rt_system_timer_init                     0x08004225   Thumb Code    24  timer.o(i.rt_system_timer_init)
    rt_system_timer_thread_init              0x08004241   Thumb Code    60  timer.o(i.rt_system_timer_thread_init)
    rt_thread_create                         0x08004295   Thumb Code    80  thread.o(i.rt_thread_create)
    rt_thread_delay                          0x080042e5   Thumb Code    12  thread.o(i.rt_thread_delay)
    rt_thread_exit                           0x080042f1   Thumb Code    76  thread.o(i.rt_thread_exit)
    rt_thread_idle_excute                    0x0800434d   Thumb Code   114  idle.o(i.rt_thread_idle_excute)
    rt_thread_idle_init                      0x080043c5   Thumb Code    38  idle.o(i.rt_thread_idle_init)
    rt_thread_init                           0x08004401   Thumb Code    52  thread.o(i.rt_thread_init)
    rt_thread_resume                         0x08004435   Thumb Code    56  thread.o(i.rt_thread_resume)
    rt_thread_self                           0x0800446d   Thumb Code     6  thread.o(i.rt_thread_self)
    rt_thread_sleep                          0x08004479   Thumb Code    62  thread.o(i.rt_thread_sleep)
    rt_thread_startup                        0x080044bd   Thumb Code    62  thread.o(i.rt_thread_startup)
    rt_thread_suspend                        0x080044fb   Thumb Code    54  thread.o(i.rt_thread_suspend)
    rt_thread_timeout                        0x08004531   Thumb Code    32  thread.o(i.rt_thread_timeout)
    rt_thread_yield                          0x08004595   Thumb Code    88  thread.o(i.rt_thread_yield)
    rt_tick_get                              0x080045f5   Thumb Code     6  clock.o(i.rt_tick_get)
    rt_tick_increase                         0x08004601   Thumb Code    42  clock.o(i.rt_tick_increase)
    rt_timer_check                           0x08004631   Thumb Code   118  timer.o(i.rt_timer_check)
    rt_timer_control                         0x080046ad   Thumb Code    56  timer.o(i.rt_timer_control)
    rt_timer_detach                          0x080046e5   Thumb Code    32  timer.o(i.rt_timer_detach)
    rt_timer_init                            0x08004705   Thumb Code    46  timer.o(i.rt_timer_init)
    rt_timer_start                           0x08004751   Thumb Code   278  timer.o(i.rt_timer_start)
    rt_timer_stop                            0x08004879   Thumb Code    48  timer.o(i.rt_timer_stop)
    rt_vsnprintf                             0x080048a9   Thumb Code   800  kservice.o(i.rt_vsnprintf)
    rtthread_startup                         0x08004bdd   Thumb Code    42  components.o(i.rtthread_startup)
    sys_check_framing                        0x08004c2d   Thumb Code   142  ms_com_process.o(i.sys_check_framing)
    sys_timing_framing                       0x08004cc1   Thumb Code   142  ms_com_process.o(i.sys_timing_framing)
    uart4_init                               0x08004d55   Thumb Code   164  print_uart.o(i.uart4_init)
    _fp_init                                 0x08004e01   Thumb Code    10  fpinit.o(x$fpl$fpinit)
    __fplib_config_fpu_vfp                   0x08004e09   Thumb Code     0  fpinit.o(x$fpl$fpinit)
    __fplib_config_pureend_doubles           0x08004e09   Thumb Code     0  fpinit.o(x$fpl$fpinit)
    __lowest_bit_bitmap                      0x08004e0a   Data         256  kservice.o(.constdata)
    Crc8Table                                0x08004f2c   Data         256  crc8.o(.constdata)
    __rt_init_rti_board_start                0x0800502c   Data           4  components.o(.rti_fn.0.end)
    __rt_init_rti_board_end                  0x08005030   Data           4  components.o(.rti_fn.1.end)
    __rt_init_rti_end                        0x08005034   Data           4  components.o(.rti_fn.6.end)
    Region$$Table$$Base                      0x08005038   Number         0  anon$$obj.o(Region$$Table)
    Region$$Table$$Limit                     0x08005078   Number         0  anon$$obj.o(Region$$Table)
    SystemCoreClock                          0x10000000   Data           4  system_stm32f4xx.o(.data)
    AHBPrescTable                            0x10000004   Data          16  system_stm32f4xx.o(.data)
    rt_interrupt_from_thread                 0x10000028   Data           4  cpuport.o(.data)
    rt_interrupt_to_thread                   0x1000002c   Data           4  cpuport.o(.data)
    rt_thread_switch_interrupt_flag          0x10000030   Data           4  cpuport.o(.data)
    rt_object_container                      0x10000050   Data          80  object.o(.data)
    rt_current_thread                        0x100000a4   Data           4  scheduler.o(.data)
    rt_current_priority                      0x100000a8   Data           1  scheduler.o(.data)
    rt_thread_ready_priority_group           0x100000ac   Data           4  scheduler.o(.data)
    rt_thread_defunct                        0x100000b0   Data           8  scheduler.o(.data)
    rt_thread_priority_table                 0x100002f0   Data         480  scheduler.o(.bss)
    rt_thread_ready_table                    0x100004d0   Data          32  scheduler.o(.bss)
    USART1_RX_STA                            0x20000000   Data           2  ahrs.o(.data)
    ahrs_rev_flag                            0x20000002   Data           1  ahrs.o(.data)
    USART1_Tx_Flag                           0x20000003   Data           1  ahrs.o(.data)
    vec_x_dynamic_compensation               0x20000004   Data           4  ahrs.o(.data)
    vec_y_dynamic_compensation               0x20000008   Data           4  ahrs.o(.data)
    conver                                   0x2000000c   Data           4  ahrs.o(.data)
    RS485_Rx_Len                             0x20000020   Data           2  altimeter.o(.data)
    USART2_RX_STA                            0x20000022   Data           2  altimeter.o(.data)
    altimer_rev_flag                         0x20000024   Data           1  altimeter.o(.data)
    fish_altitude                            0x20000028   Data           4  altimeter.o(.data)
    CTD48M_rev_flag                          0x2000002c   Data           1  ctd48m.o(.data)
    USART3_RX_STA                            0x2000002e   Data           2  ctd48m.o(.data)
    sample_data                              0x20000030   Data           6  ctd48m.o(.data)
    OSRunning                                0x20000040   Data           1  delay.o(.data)
    TransferError                            0x2000004e   Data           1  sd.o(.data)
    TransferEnd                              0x2000004f   Data           1  sd.o(.data)
    tempbuff                                 0x20000050   Data           4  sd.o(.data)
    UART4_RX_STA                             0x20000054   Data           2  print_uart.o(.data)
    fish_param_flag                          0x20000056   Data           1  print_uart.o(.data)
    uart_RST_Flag                            0x20000058   Data           4  wk2124.o(.data)
    WK2124_Rev_Flag                          0x2000005c   Data           4  wk2124.o(.data)
    RNSS_rev_cnt                             0x20000060   Data           2  wk2124.o(.data)
    RNSS_FIFO_cnt                            0x20000062   Data           1  wk2124.o(.data)
    Sonar_Tx_Flag                            0x20000064   Data           1  sonar.o(.data)
    Sonar_Rx_Len                             0x20000066   Data           2  sonar.o(.data)
    Sonar_DMA_index                          0x20000068   Data           2  sonar.o(.data)
    USBH_HCD_INT_cb                          0x2000006c   Data          12  usbh_core.o(.data)
    USBH_HCD_INT_fops                        0x20000078   Data           4  usbh_core.o(.data)
    rt_interrupt_nest                        0x2000007e   Data           1  irq.o(.data)
    left_pectoral                            0x20000080   Data           6  ms_com_process.o(.data)
    right_pectoral                           0x20000086   Data           6  ms_com_process.o(.data)
    gravity_motor                            0x2000008c   Data           8  ms_com_process.o(.data)
    waist_motor                              0x20000094   Data           6  ms_com_process.o(.data)
    tail_motor                               0x2000009a   Data           6  ms_com_process.o(.data)
    wr_data                                  0x200009a8   Data          30  main.o(.bss)
    USB_Host                                 0x200009c8   Data         148  main.o(.bss)
    USB_OTG_Core                             0x20000a5c   Data        1452  main.o(.bss)
    AHRS_RxBuf                               0x20001008   Data          70  ahrs.o(.bss)
    AHRS_TxBuf                               0x2000104e   Data          70  ahrs.o(.bss)
    attitude_data                            0x20001094   Data          14  ahrs.o(.bss)
    angleRate_data                           0x200010a2   Data          14  ahrs.o(.bss)
    accRate_data                             0x200010b0   Data          14  ahrs.o(.bss)
    velocity_data                            0x200010be   Data          14  ahrs.o(.bss)
    attitude                                 0x200010cc   Data          12  ahrs.o(.bss)
    angRate                                  0x200010d8   Data          12  ahrs.o(.bss)
    accRate                                  0x200010e4   Data          12  ahrs.o(.bss)
    delta_velocity                           0x200010f0   Data          12  ahrs.o(.bss)
    velocity                                 0x200010fc   Data          12  ahrs.o(.bss)
    alti_DMA_Rx_Buf                          0x20001108   Data          16  altimeter.o(.bss)
    altitude                                 0x20001118   Data          16  altimeter.o(.bss)
    CTD_RxBuf                                0x20001128   Data          32  ctd48m.o(.bss)
    CTD_Final_Val                            0x20001148   Data          12  ctd48m.o(.bss)
    SDIO_InitStructure                       0x20001158   Data          24  sd.o(.bss)
    SDIO_CmdInitStructure                    0x20001170   Data          20  sd.o(.bss)
    SDIO_DataInitStructure                   0x20001184   Data          24  sd.o(.bss)
    SDCardInfo                               0x200011c0   Data          88  sd.o(.bss)
    SDIO_DATA_BUFFER                         0x20001218   Data         512  sd.o(.bss)
    fish_param                               0x20001418   Data          17  print_uart.o(.bss)
    Sonar_RxBuf                              0x2000162c   Data         512  sonar.o(.bss)
    Sonar_TxBuf                              0x2000182c   Data         512  sonar.o(.bss)
    senor_rev_sem                            0x20001a2c   Data          32  sonar.o(.bss)
    sonar_samp_data                          0x20001a4c   Data        4500  sonar.o(.bss)
    scan_result                              0x20002be0   Data         180  sonar.o(.bss)
    BD_raw_data                              0x20002c94   Data         512  bd_rnss.o(.bss)
    RNSS_rev_sem                             0x20002e94   Data          32  bd_rnss.o(.bss)
    RDSS_TX_buf                              0x20002eb4   Data          78  bd_rdss.o(.bss)
    RDSS_REV_buf                             0x20002f02   Data          78  bd_rdss.o(.bss)
    RF_Rev_Buf                               0x20002f50   Data          62  rf.o(.bss)
    Master_Time                              0x20004f90   Data          10  ms_com_process.o(.bss)
    oil_pumb_motor                           0x20004f9c   Data          12  ms_com_process.o(.bss)
    slave_stat                               0x20004fa8   Data          28  ms_com_process.o(.bss)
    Master_send_buf                          0x20004fc4   Data          64  ms_com_process.o(.bss)
    slave_stat_buf                           0x20005004   Data          28  ms_com_process.o(.bss)
    __libspace_start                         0x20005020   Data          96  libspace.o(.bss)
    __temporary_stack_top$libspace           0x20005080   Data           0  libspace.o(.bss)



==============================================================================

Memory Map of the image

  Image Entry point : 0x08000189

  Load Region LR_IROM1 (Base: 0x08000000, Size: 0x000051e4, Max: 0x00100000, ABSOLUTE)

    Execution Region ER_IROM1 (Base: 0x08000000, Size: 0x00005078, Max: 0x00100000, ABSOLUTE)

    Base Addr    Size         Type   Attr      Idx    E Section Name        Object

    0x08000000   0x00000188   Data   RO         1546    RESET               startup_stm32f40_41xxx.o
    0x08000188   0x00000008   Code   RO         6669  * !!!main             c_w.l(__main.o)
    0x08000190   0x00000034   Code   RO         7181    !!!scatter          c_w.l(__scatter.o)
    0x080001c4   0x0000005a   Code   RO         7179    !!dczerorl2         c_w.l(__dczerorl2.o)
    0x0800021e   0x00000002   PAD
    0x08000220   0x0000001a   Code   RO         7183    !!handler_copy      c_w.l(__scatter_copy.o)
    0x0800023a   0x00000002   PAD
    0x0800023c   0x0000001c   Code   RO         7185    !!handler_zi        c_w.l(__scatter_zi.o)
    0x08000258   0x00000002   Code   RO         7047    .ARM.Collect$$libinit$$00000000  c_w.l(libinit.o)
    0x0800025a   0x00000004   Code   RO         6975    .ARM.Collect$$libinit$$00000001  c_w.l(libinit2.o)
    0x0800025e   0x00000000   Code   RO         6978    .ARM.Collect$$libinit$$00000004  c_w.l(libinit2.o)
    0x0800025e   0x00000000   Code   RO         6981    .ARM.Collect$$libinit$$0000000A  c_w.l(libinit2.o)
    0x0800025e   0x00000000   Code   RO         6983    .ARM.Collect$$libinit$$0000000C  c_w.l(libinit2.o)
    0x0800025e   0x00000000   Code   RO         6985    .ARM.Collect$$libinit$$0000000E  c_w.l(libinit2.o)
    0x0800025e   0x00000000   Code   RO         6988    .ARM.Collect$$libinit$$00000011  c_w.l(libinit2.o)
    0x0800025e   0x00000000   Code   RO         6990    .ARM.Collect$$libinit$$00000013  c_w.l(libinit2.o)
    0x0800025e   0x00000000   Code   RO         6992    .ARM.Collect$$libinit$$00000015  c_w.l(libinit2.o)
    0x0800025e   0x00000000   Code   RO         6994    .ARM.Collect$$libinit$$00000017  c_w.l(libinit2.o)
    0x0800025e   0x00000000   Code   RO         6996    .ARM.Collect$$libinit$$00000019  c_w.l(libinit2.o)
    0x0800025e   0x00000000   Code   RO         6998    .ARM.Collect$$libinit$$0000001B  c_w.l(libinit2.o)
    0x0800025e   0x00000000   Code   RO         7000    .ARM.Collect$$libinit$$0000001D  c_w.l(libinit2.o)
    0x0800025e   0x00000000   Code   RO         7002    .ARM.Collect$$libinit$$0000001F  c_w.l(libinit2.o)
    0x0800025e   0x00000000   Code   RO         7004    .ARM.Collect$$libinit$$00000021  c_w.l(libinit2.o)
    0x0800025e   0x00000000   Code   RO         7006    .ARM.Collect$$libinit$$00000023  c_w.l(libinit2.o)
    0x0800025e   0x00000000   Code   RO         7008    .ARM.Collect$$libinit$$00000025  c_w.l(libinit2.o)
    0x0800025e   0x00000000   Code   RO         7012    .ARM.Collect$$libinit$$0000002C  c_w.l(libinit2.o)
    0x0800025e   0x00000000   Code   RO         7014    .ARM.Collect$$libinit$$0000002E  c_w.l(libinit2.o)
    0x0800025e   0x00000000   Code   RO         7016    .ARM.Collect$$libinit$$00000030  c_w.l(libinit2.o)
    0x0800025e   0x00000000   Code   RO         7018    .ARM.Collect$$libinit$$00000032  c_w.l(libinit2.o)
    0x0800025e   0x00000002   Code   RO         7019    .ARM.Collect$$libinit$$00000033  c_w.l(libinit2.o)
    0x08000260   0x00000002   Code   RO         7127    .ARM.Collect$$libshutdown$$00000000  c_w.l(libshutdown.o)
    0x08000262   0x00000000   Code   RO         7150    .ARM.Collect$$libshutdown$$00000003  c_w.l(libshutdown2.o)
    0x08000262   0x00000000   Code   RO         7153    .ARM.Collect$$libshutdown$$00000006  c_w.l(libshutdown2.o)
    0x08000262   0x00000000   Code   RO         7156    .ARM.Collect$$libshutdown$$00000009  c_w.l(libshutdown2.o)
    0x08000262   0x00000000   Code   RO         7158    .ARM.Collect$$libshutdown$$0000000B  c_w.l(libshutdown2.o)
    0x08000262   0x00000000   Code   RO         7161    .ARM.Collect$$libshutdown$$0000000E  c_w.l(libshutdown2.o)
    0x08000262   0x00000002   Code   RO         7162    .ARM.Collect$$libshutdown$$0000000F  c_w.l(libshutdown2.o)
    0x08000264   0x00000000   Code   RO         6803    .ARM.Collect$$rtentry$$00000000  c_w.l(__rtentry.o)
    0x08000264   0x00000000   Code   RO         6917    .ARM.Collect$$rtentry$$00000002  c_w.l(__rtentry2.o)
    0x08000264   0x00000006   Code   RO         6929    .ARM.Collect$$rtentry$$00000004  c_w.l(__rtentry4.o)
    0x0800026a   0x00000000   Code   RO         6919    .ARM.Collect$$rtentry$$00000009  c_w.l(__rtentry2.o)
    0x0800026a   0x00000004   Code   RO         6920    .ARM.Collect$$rtentry$$0000000A  c_w.l(__rtentry2.o)
    0x0800026e   0x00000000   Code   RO         6922    .ARM.Collect$$rtentry$$0000000C  c_w.l(__rtentry2.o)
    0x0800026e   0x00000008   Code   RO         6923    .ARM.Collect$$rtentry$$0000000D  c_w.l(__rtentry2.o)
    0x08000276   0x00000002   Code   RO         7052    .ARM.Collect$$rtexit$$00000000  c_w.l(rtexit.o)
    0x08000278   0x00000000   Code   RO         7084    .ARM.Collect$$rtexit$$00000002  c_w.l(rtexit2.o)
    0x08000278   0x00000004   Code   RO         7085    .ARM.Collect$$rtexit$$00000003  c_w.l(rtexit2.o)
    0x0800027c   0x00000006   Code   RO         7086    .ARM.Collect$$rtexit$$00000004  c_w.l(rtexit2.o)
    0x08000282   0x00000002   PAD
    0x08000284   0x00000040   Code   RO         1547    .text               startup_stm32f40_41xxx.o
    0x080002c4   0x0000010c   Code   RO         5345    .text               context_rvds.o
    0x080003d0   0x00000006   Code   RO         6667    .text               c_w.l(heapauxi.o)
    0x080003d6   0x00000002   PAD
    0x080003d8   0x00000008   Code   RO         6913    .text               c_w.l(libspace.o)
    0x080003e0   0x0000004a   Code   RO         7030    .text               c_w.l(sys_stackheap_outer.o)
    0x0800042a   0x0000000c   Code   RO         7038    .text               c_w.l(exit.o)
    0x08000436   0x00000002   PAD
    0x08000438   0x0000000c   Code   RO         7112    .text               c_w.l(sys_exit.o)
    0x08000444   0x00000002   Code   RO         7114    .text               c_w.l(use_no_semi.o)
    0x08000446   0x00000000   Code   RO         7116    .text               c_w.l(indicate_semi.o)
    0x08000446   0x0000000e   Code   RO         5277    i.$Sub$$main        components.o
    0x08000454   0x00000004   Code   RO          342    i.BusFault_Handler  stm32f4xx_it.o
    0x08000458   0x00000020   Code   RO         6320    i.CRC8_Table        crc8.o
    0x08000478   0x00000064   Code   RO          885    i.CmdResp1Error     sd.o
    0x080004dc   0x00000040   Code   RO         1225    i.DMA2_Stream6_IRQHandler  sonar.o
    0x0800051c   0x00000038   Code   RO          589    i.DMA2_Stream7_IRQHandler  ahrs.o
    0x08000554   0x00000034   Code   RO         2273    i.DMA_ClearFlag     stm32f4xx_dma.o
    0x08000588   0x00000016   Code   RO         2275    i.DMA_Cmd           stm32f4xx_dma.o
    0x0800059e   0x00000002   PAD
    0x080005a0   0x00000158   Code   RO         2276    i.DMA_DeInit        stm32f4xx_dma.o
    0x080006f8   0x00000014   Code   RO         2280    i.DMA_GetCmdStatus  stm32f4xx_dma.o
    0x0800070c   0x00000008   Code   RO         2281    i.DMA_GetCurrDataCounter  stm32f4xx_dma.o
    0x08000714   0x00000064   Code   RO         2285    i.DMA_GetITStatus   stm32f4xx_dma.o
    0x08000778   0x00000058   Code   RO         2287    i.DMA_Init          stm32f4xx_dma.o
    0x080007d0   0x00000004   Code   RO         2290    i.DMA_SetCurrDataCounter  stm32f4xx_dma.o
    0x080007d4   0x00000002   Code   RO          343    i.DebugMon_Handler  stm32f4xx_it.o
    0x080007d6   0x00000002   PAD
    0x080007d8   0x000001ac   Code   RO         1131    i.EXTI2_IRQHandler  wk2124.o
    0x08000984   0x0000000c   Code   RO         2891    i.EXTI_ClearITPendingBit  stm32f4xx_exti.o
    0x08000990   0x00000090   Code   RO         1598    i.GPIO_Init         stm32f4xx_gpio.o
    0x08000a20   0x00000046   Code   RO         1599    i.GPIO_PinAFConfig  stm32f4xx_gpio.o
    0x08000a66   0x00000004   Code   RO         1606    i.GPIO_SetBits      stm32f4xx_gpio.o
    0x08000a6a   0x00000002   PAD
    0x08000a6c   0x00000040   Code   RO         1430    i.LED_Init          led.o
    0x08000aac   0x000000e8   Code   RO          828    i.MS_Comm_Init      ms_comm.o
    0x08000b94   0x00000034   Code   RO          830    i.MS_Comm_WriteByte  ms_comm.o
    0x08000bc8   0x00000030   Code   RO          831    i.Master_ReadByte   ms_comm.o
    0x08000bf8   0x00000060   Code   RO          832    i.Master_Rev_Data   ms_comm.o
    0x08000c58   0x00000044   Code   RO          833    i.Master_Send_Data  ms_comm.o
    0x08000c9c   0x00000184   Code   RO         6263    i.Master_Slave_Comm  ms_com_process.o
    0x08000e20   0x000000b0   Code   RO          459    i.Master_Slave_Test  test.o
    0x08000ed0   0x00000004   Code   RO          344    i.MemManage_Handler  stm32f4xx_it.o
    0x08000ed4   0x00000002   Code   RO          345    i.NMI_Handler       stm32f4xx_it.o
    0x08000ed6   0x00000002   PAD
    0x08000ed8   0x00000078   Code   RO         1553    i.NVIC_Init         misc.o
    0x08000f50   0x00000014   Code   RO         1554    i.NVIC_PriorityGroupConfig  misc.o
    0x08000f64   0x00000018   Code   RO         4440    i.OTG_FS_IRQHandler  usbh_usr.o
    0x08000f7c   0x00000020   Code   RO         1695    i.RCC_AHB1PeriphClockCmd  stm32f4xx_rcc.o
    0x08000f9c   0x00000020   Code   RO         1704    i.RCC_APB1PeriphClockCmd  stm32f4xx_rcc.o
    0x08000fbc   0x00000020   Code   RO         1707    i.RCC_APB2PeriphClockCmd  stm32f4xx_rcc.o
    0x08000fdc   0x00000020   Code   RO         1709    i.RCC_APB2PeriphResetCmd  stm32f4xx_rcc.o
    0x08000ffc   0x000000e8   Code   RO         1716    i.RCC_GetClocksFreq  stm32f4xx_rcc.o
    0x080010e4   0x0000000c   Code   RO         2697    i.SDIO_ClearFlag    stm32f4xx_sdio.o
    0x080010f0   0x00000018   Code   RO         2709    i.SDIO_GetFlagStatus  stm32f4xx_sdio.o
    0x08001108   0x00000010   Code   RO          894    i.SDIO_IRQHandler   sd.o
    0x08001118   0x0000002c   Code   RO         2717    i.SDIO_SendCommand  stm32f4xx_sdio.o
    0x08001144   0x00000154   Code   RO          904    i.SD_ProcessIRQSrc  sd.o
    0x08001298   0x00000018   Code   RO         2538    i.SPI_Cmd           stm32f4xx_spi.o
    0x080012b0   0x00000012   Code   RO         2546    i.SPI_I2S_GetFlagStatus  stm32f4xx_spi.o
    0x080012c2   0x00000006   Code   RO         2549    i.SPI_I2S_ReceiveData  stm32f4xx_spi.o
    0x080012c8   0x00000004   Code   RO         2550    i.SPI_I2S_SendData  stm32f4xx_spi.o
    0x080012cc   0x0000003c   Code   RO         2551    i.SPI_Init          stm32f4xx_spi.o
    0x08001308   0x00000018   Code   RO         2553    i.SPI_SSOutputCmd   stm32f4xx_spi.o
    0x08001320   0x00000002   Code   RO          346    i.SVC_Handler       stm32f4xx_it.o
    0x08001322   0x00000002   PAD
    0x08001324   0x00000068   Code   RO         1226    i.Senor_irq_rx_end  sonar.o
    0x0800138c   0x0000002c   Code   RO         1227    i.Senor_irq_tx_end  sonar.o
    0x080013b8   0x000000ec   Code   RO          421    i.SetSysClock       system_stm32f4xx.o
    0x080014a4   0x00000088   Code   RO         1228    i.Sonar_DMA_Rx_Init  sonar.o
    0x0800152c   0x00000010   Code   RO         6219    i.SysTick_Handler   board.o
    0x0800153c   0x000000c0   Code   RO          422    i.SystemCoreClockUpdate  system_stm32f4xx.o
    0x080015fc   0x00000068   Code   RO          423    i.SystemInit        system_stm32f4xx.o
    0x08001664   0x00000084   Code   RO         1091    i.UART4_IRQHandler  print_uart.o
    0x080016e8   0x00000014   Code   RO          590    i.USART1_IRQHandler  ahrs.o
    0x080016fc   0x00000088   Code   RO          663    i.USART2_IRQHandler  altimeter.o
    0x08001784   0x00000070   Code   RO          719    i.USART3_IRQHandler  ctd48m.o
    0x080017f4   0x00000024   Code   RO         1234    i.USART6_IRQHandler  sonar.o
    0x08001818   0x00000018   Code   RO         2089    i.USART_Cmd         stm32f4xx_usart.o
    0x08001830   0x00000012   Code   RO         2090    i.USART_DMACmd      stm32f4xx_usart.o
    0x08001842   0x0000001a   Code   RO         2092    i.USART_GetFlagStatus  stm32f4xx_usart.o
    0x0800185c   0x00000054   Code   RO         2093    i.USART_GetITStatus  stm32f4xx_usart.o
    0x080018b0   0x0000004a   Code   RO         2095    i.USART_ITConfig    stm32f4xx_usart.o
    0x080018fa   0x00000002   PAD
    0x080018fc   0x000000d4   Code   RO         2096    i.USART_Init        stm32f4xx_usart.o
    0x080019d0   0x00000008   Code   RO         2106    i.USART_SendData    stm32f4xx_usart.o
    0x080019d8   0x0000000c   Code   RO         4080    i.USBH_Connected    usbh_core.o
    0x080019e4   0x0000000c   Code   RO         4082    i.USBH_Disconnected  usbh_core.o
    0x080019f0   0x000000a8   Code   RO         3851    i.USBH_OTG_ISR_Handler  usb_hcd_int.o
    0x08001a98   0x00000006   Code   RO         4088    i.USBH_SOF          usbh_core.o
    0x08001a9e   0x0000001c   Code   RO         4386    i.USB_OTG_BSP_mDelay  usb_bsp.o
    0x08001aba   0x0000000c   Code   RO         3601    i.USB_OTG_GetMode   usb_core.o
    0x08001ac6   0x0000005a   Code   RO         3602    i.USB_OTG_HC_DoPing  usb_core.o
    0x08001b20   0x00000082   Code   RO         3603    i.USB_OTG_HC_Halt   usb_core.o
    0x08001ba2   0x00000018   Code   RO         3606    i.USB_OTG_InitFSLSPClkSel  usb_core.o
    0x08001bba   0x00000014   Code   RO         3609    i.USB_OTG_IsHostMode  usb_core.o
    0x08001bce   0x00000010   Code   RO         3610    i.USB_OTG_ReadCoreItr  usb_core.o
    0x08001bde   0x00000030   Code   RO         3611    i.USB_OTG_ReadHPRT0  usb_core.o
    0x08001c0e   0x00000008   Code   RO         3612    i.USB_OTG_ReadHostAllChannels_intr  usb_core.o
    0x08001c16   0x00000028   Code   RO         3614    i.USB_OTG_ReadPacket  usb_core.o
    0x08001c3e   0x00000040   Code   RO         3615    i.USB_OTG_ResetPort  usb_core.o
    0x08001c7e   0x00000002   PAD
    0x08001c80   0x0000002c   Code   RO         3852    i.USB_OTG_USBH_handle_Disconnect_ISR  usb_hcd_int.o
    0x08001cac   0x00000046   Code   RO         3853    i.USB_OTG_USBH_handle_IncompletePeriodicXfer_ISR  usb_hcd_int.o
    0x08001cf2   0x00000056   Code   RO         3854    i.USB_OTG_USBH_handle_hc_ISR  usb_hcd_int.o
    0x08001d48   0x0000042a   Code   RO         3855    i.USB_OTG_USBH_handle_hc_n_In_ISR  usb_hcd_int.o
    0x08002172   0x000003d0   Code   RO         3856    i.USB_OTG_USBH_handle_hc_n_Out_ISR  usb_hcd_int.o
    0x08002542   0x0000012e   Code   RO         3857    i.USB_OTG_USBH_handle_nptxfempty_ISR  usb_hcd_int.o
    0x08002670   0x00000120   Code   RO         3858    i.USB_OTG_USBH_handle_port_ISR  usb_hcd_int.o
    0x08002790   0x0000012e   Code   RO         3859    i.USB_OTG_USBH_handle_ptxfempty_ISR  usb_hcd_int.o
    0x080028be   0x00000164   Code   RO         3860    i.USB_OTG_USBH_handle_rx_qlvl_ISR  usb_hcd_int.o
    0x08002a22   0x00000002   PAD
    0x08002a24   0x0000002c   Code   RO         3861    i.USB_OTG_USBH_handle_sof_ISR  usb_hcd_int.o
    0x08002a50   0x00000040   Code   RO         3619    i.USB_OTG_WritePacket  usb_core.o
    0x08002a90   0x00000004   Code   RO          347    i.UsageFault_Handler  stm32f4xx_it.o
    0x08002a94   0x0000002e   Code   RO         1132    i.WK2124_FIFO_RST   wk2124.o
    0x08002ac2   0x00000002   PAD
    0x08002ac4   0x00000038   Code   RO         1135    i.WK2124_ReadWriteByte  wk2124.o
    0x08002afc   0x00000044   Code   RO         1138    i.WK2124_USART_Ctr  wk2124.o
    0x08002b40   0x00000058   Code   RO         1139    i.WK2124_read_FIFO  wk2124.o
    0x08002b98   0x0000005c   Code   RO         1140    i.WK2124_read_reg   wk2124.o
    0x08002bf4   0x00000048   Code   RO         1142    i.WK2124_write_reg  wk2124.o
    0x08002c3c   0x00000030   Code   RO         6220    i._SysTick_Config   board.o
    0x08002c6c   0x0000004c   Code   RO         5631    i.__rt_ffs          kservice.o
    0x08002cb8   0x00000014   Code   RO         5388    i._has_defunct_thread  idle.o
    0x08002ccc   0x00000084   Code   RO         5983    i._rt_thread_init   thread.o
    0x08002d50   0x00000042   Code   RO         6098    i._rt_timer_init    timer.o
    0x08002d92   0x0000002e   Code   RO         6099    i._rt_timer_remove  timer.o
    0x08002dc0   0x0000005c   Code   RO          592    i.deal_irq_rx_end   ahrs.o
    0x08002e1c   0x0000002c   Code   RO          593    i.deal_irq_tx_end   ahrs.o
    0x08002e48   0x00000028   Code   RO          780    i.delay_init        delay.o
    0x08002e70   0x000000a4   Code   RO          781    i.delay_ms          delay.o
    0x08002f14   0x00000008   Code   RO          782    i.delay_osschedlock  delay.o
    0x08002f1c   0x00000008   Code   RO          783    i.delay_osschedunlock  delay.o
    0x08002f24   0x00000058   Code   RO          784    i.delay_us          delay.o
    0x08002f7c   0x00000258   Code   RO         6265    i.fish_run_framing  ms_com_process.o
    0x080031d4   0x00000038   Code   RO            3    i.led0_thread_entry  main.o
    0x0800320c   0x00000016   Code   RO            4    i.led1_thread_entry  main.o
    0x08003222   0x00000002   PAD
    0x08003224   0x000000c0   Code   RO            5    i.main              main.o
    0x080032e4   0x0000000e   Code   RO         5278    i.main_thread_entry  components.o
    0x080032f2   0x00000002   PAD
    0x080032f4   0x00000078   Code   RO         5796    i.plug_holes        mem.o
    0x0800336c   0x0000018c   Code   RO         5633    i.print_number      kservice.o
    0x080034f8   0x0000002c   Code   RO         5279    i.rt_application_init  components.o
    0x08003524   0x0000001c   Code   RO         5280    i.rt_components_board_init  components.o
    0x08003540   0x0000001c   Code   RO         5281    i.rt_components_init  components.o
    0x0800355c   0x00000020   Code   RO         5917    i.rt_enter_critical  scheduler.o
    0x0800357c   0x0000003c   Code   RO         5918    i.rt_exit_critical  scheduler.o
    0x080035b8   0x00000078   Code   RO         5798    i.rt_free           mem.o
    0x08003630   0x00000008   Code   RO         6221    i.rt_heap_begin_get  board.o
    0x08003638   0x00000008   Code   RO         6222    i.rt_heap_end_get   board.o
    0x08003640   0x00000054   Code   RO         6223    i.rt_hw_board_init  board.o
    0x08003694   0x00000054   Code   RO         1092    i.rt_hw_console_output  print_uart.o
    0x080036e8   0x0000010c   Code   RO         5351    i.rt_hw_hard_fault_exception  cpuport.o
    0x080037f4   0x00000050   Code   RO         5352    i.rt_hw_stack_init  cpuport.o
    0x08003844   0x00000020   Code   RO         5604    i.rt_interrupt_enter  irq.o
    0x08003864   0x00000020   Code   RO         5606    i.rt_interrupt_leave  irq.o
    0x08003884   0x00000014   Code   RO         5429    i.rt_ipc_list_resume  ipc.o
    0x08003898   0x0000006c   Code   RO         5431    i.rt_ipc_list_suspend  ipc.o
    0x08003904   0x00000010   Code   RO         5432    i.rt_ipc_object_init  ipc.o
    0x08003914   0x00000030   Code   RO         5637    i.rt_kprintf        kservice.o
    0x08003944   0x00000006   Code   RO         5433    i.rt_list_init      ipc.o
    0x0800394a   0x00000006   Code   RO         5919    i.rt_list_init      scheduler.o
    0x08003950   0x00000006   Code   RO         6100    i.rt_list_init      timer.o
    0x08003956   0x0000000e   Code   RO         5846    i.rt_list_insert_after  object.o
    0x08003964   0x0000000e   Code   RO         5984    i.rt_list_insert_after  thread.o
    0x08003972   0x0000000e   Code   RO         6101    i.rt_list_insert_after  timer.o
    0x08003980   0x0000000e   Code   RO         5434    i.rt_list_insert_before  ipc.o
    0x0800398e   0x00000010   Code   RO         5435    i.rt_list_isempty   ipc.o
    0x0800399e   0x00000010   Code   RO         6102    i.rt_list_isempty   timer.o
    0x080039ae   0x00000012   Code   RO         5847    i.rt_list_remove    object.o
    0x080039c0   0x00000012   Code   RO         5985    i.rt_list_remove    thread.o
    0x080039d2   0x00000002   PAD
    0x080039d4   0x0000016c   Code   RO         5799    i.rt_malloc         mem.o
    0x08003b40   0x0000007c   Code   RO         5640    i.rt_memcpy         kservice.o
    0x08003bbc   0x00000048   Code   RO         5642    i.rt_memset         kservice.o
    0x08003c04   0x0000004c   Code   RO         5848    i.rt_object_allocate  object.o
    0x08003c50   0x00000020   Code   RO         5849    i.rt_object_delete  object.o
    0x08003c70   0x0000001a   Code   RO         5850    i.rt_object_detach  object.o
    0x08003c8a   0x00000002   PAD
    0x08003c8c   0x00000040   Code   RO         5853    i.rt_object_init    object.o
    0x08003ccc   0x00000012   Code   RO         5854    i.rt_object_is_systemobject  object.o
    0x08003cde   0x00000002   PAD
    0x08003ce0   0x0000008c   Code   RO         5920    i.rt_schedule       scheduler.o
    0x08003d6c   0x00000064   Code   RO         5921    i.rt_schedule_insert_thread  scheduler.o
    0x08003dd0   0x00000074   Code   RO         5922    i.rt_schedule_remove_thread  scheduler.o
    0x08003e44   0x00000026   Code   RO         5448    i.rt_sem_init       ipc.o
    0x08003e6a   0x0000003a   Code   RO         5449    i.rt_sem_release    ipc.o
    0x08003ea4   0x00000074   Code   RO         5450    i.rt_sem_take       ipc.o
    0x08003f18   0x000000b0   Code   RO         5644    i.rt_show_version   kservice.o
    0x08003fc8   0x0000007c   Code   RO         6103    i.rt_soft_timer_check  timer.o
    0x08004044   0x00000012   Code   RO         5650    i.rt_strlen         kservice.o
    0x08004056   0x00000034   Code   RO         5652    i.rt_strncpy        kservice.o
    0x0800408a   0x00000002   PAD
    0x0800408c   0x000000f8   Code   RO         5802    i.rt_system_heap_init  mem.o
    0x08004184   0x0000005c   Code   RO         5923    i.rt_system_scheduler_init  scheduler.o
    0x080041e0   0x00000044   Code   RO         5924    i.rt_system_scheduler_start  scheduler.o
    0x08004224   0x0000001c   Code   RO         6104    i.rt_system_timer_init  timer.o
    0x08004240   0x00000054   Code   RO         6105    i.rt_system_timer_thread_init  timer.o
    0x08004294   0x00000050   Code   RO         5987    i.rt_thread_create  thread.o
    0x080042e4   0x0000000c   Code   RO         5988    i.rt_thread_delay   thread.o
    0x080042f0   0x00000054   Code   RO         5991    i.rt_thread_exit    thread.o
    0x08004344   0x00000008   Code   RO         5389    i.rt_thread_idle_entry  idle.o
    0x0800434c   0x00000078   Code   RO         5390    i.rt_thread_idle_excute  idle.o
    0x080043c4   0x0000003c   Code   RO         5391    i.rt_thread_idle_init  idle.o
    0x08004400   0x00000034   Code   RO         5993    i.rt_thread_init    thread.o
    0x08004434   0x00000038   Code   RO         5994    i.rt_thread_resume  thread.o
    0x0800446c   0x0000000c   Code   RO         5995    i.rt_thread_self    thread.o
    0x08004478   0x00000044   Code   RO         5996    i.rt_thread_sleep   thread.o
    0x080044bc   0x0000003e   Code   RO         5997    i.rt_thread_startup  thread.o
    0x080044fa   0x00000036   Code   RO         5998    i.rt_thread_suspend  thread.o
    0x08004530   0x00000020   Code   RO         5999    i.rt_thread_timeout  thread.o
    0x08004550   0x00000044   Code   RO         6106    i.rt_thread_timer_entry  timer.o
    0x08004594   0x00000060   Code   RO         6000    i.rt_thread_yield   thread.o
    0x080045f4   0x0000000c   Code   RO         5241    i.rt_tick_get       clock.o
    0x08004600   0x00000030   Code   RO         5242    i.rt_tick_increase  clock.o
    0x08004630   0x0000007c   Code   RO         6107    i.rt_timer_check    timer.o
    0x080046ac   0x00000038   Code   RO         6108    i.rt_timer_control  timer.o
    0x080046e4   0x00000020   Code   RO         6111    i.rt_timer_detach   timer.o
    0x08004704   0x0000002e   Code   RO         6112    i.rt_timer_init     timer.o
    0x08004732   0x0000001c   Code   RO         6113    i.rt_timer_list_next_timeout  timer.o
    0x0800474e   0x00000002   PAD
    0x08004750   0x00000128   Code   RO         6115    i.rt_timer_start    timer.o
    0x08004878   0x00000030   Code   RO         6116    i.rt_timer_stop     timer.o
    0x080048a8   0x00000328   Code   RO         5654    i.rt_vsnprintf      kservice.o
    0x08004bd0   0x00000004   Code   RO         5282    i.rti_board_end     components.o
    0x08004bd4   0x00000004   Code   RO         5283    i.rti_board_start   components.o
    0x08004bd8   0x00000004   Code   RO         5284    i.rti_end           components.o
    0x08004bdc   0x0000002a   Code   RO         5286    i.rtthread_startup  components.o
    0x08004c06   0x00000026   Code   RO         5656    i.skip_atoi         kservice.o
    0x08004c2c   0x00000094   Code   RO         6267    i.sys_check_framing  ms_com_process.o
    0x08004cc0   0x00000094   Code   RO         6268    i.sys_timing_framing  ms_com_process.o
    0x08004d54   0x000000ac   Code   RO         1093    i.uart4_init        print_uart.o
    0x08004e00   0x0000000a   Code   RO         7048    x$fpl$fpinit        fz_wm.l(fpinit.o)
    0x08004e0a   0x00000122   Data   RO         5658    .constdata          kservice.o
    0x08004f2c   0x00000100   Data   RO         6321    .constdata          crc8.o
    0x0800502c   0x00000004   Data   RO         5288    .rti_fn.0.end       components.o
    0x08005030   0x00000004   Data   RO         5289    .rti_fn.1.end       components.o
    0x08005034   0x00000004   Data   RO         5290    .rti_fn.6.end       components.o
    0x08005038   0x00000040   Data   RO         7177    Region$$Table       anon$$obj.o


    Execution Region CCM_IRAM (Base: 0x10000000, Size: 0x00000774, Max: 0x00001000, ABSOLUTE)

    Base Addr    Size         Type   Attr      Idx    E Section Name        Object

    0x10000000   0x00000014   Data   RW          424    .data               system_stm32f4xx.o
    0x10000014   0x00000010   Data   RW         1748    .data               stm32f4xx_rcc.o
    0x10000024   0x00000004   Data   RW         5244    .data               clock.o
    0x10000028   0x00000010   Data   RW         5353    .data               cpuport.o
    0x10000038   0x00000018   Data   RW         5804    .data               mem.o
    0x10000050   0x00000050   Data   RW         5856    .data               object.o
    0x100000a0   0x00000018   Data   RW         5926    .data               scheduler.o
    0x100000b8   0x00000014   Data   RW         6118    .data               timer.o
    0x100000cc   0x00000184   Zero   RW         5392    .bss                idle.o
    0x10000250   0x00000080   Zero   RW         5657    .bss                kservice.o
    0x100002d0   0x00000020   Zero   RW         5803    .bss                mem.o
    0x100002f0   0x00000200   Zero   RW         5925    .bss                scheduler.o
    0x100004f0   0x00000284   Zero   RW         6117    .bss                timer.o


    Execution Region RW_IRAM1 (Base: 0x20000000, Size: 0x00005680, Max: 0x00020000, ABSOLUTE)

    Base Addr    Size         Type   Attr      Idx    E Section Name        Object

    0x20000000   0x00000020   Data   RW          596    .data               ahrs.o
    0x20000020   0x0000000c   Data   RW          669    .data               altimeter.o
    0x2000002c   0x0000000a   Data   RW          723    .data               ctd48m.o
    0x20000036   0x00000002   PAD
    0x20000038   0x00000009   Data   RW          785    .data               delay.o
    0x20000041   0x00000003   PAD
    0x20000044   0x00000010   Data   RW          916    .data               sd.o
    0x20000054   0x00000003   Data   RW         1095    .data               print_uart.o
    0x20000057   0x00000001   PAD
    0x20000058   0x0000000b   Data   RW         1144    .data               wk2124.o
    0x20000063   0x00000001   PAD
    0x20000064   0x00000006   Data   RW         1238    .data               sonar.o
    0x2000006a   0x00000002   PAD
    0x2000006c   0x00000012   Data   RW         4089    .data               usbh_core.o
    0x2000007e   0x00000001   Data   RW         5607    .data               irq.o
    0x2000007f   0x00000001   PAD
    0x20000080   0x00000020   Data   RW         6270    .data               ms_com_process.o
    0x200000a0   0x00000f68   Zero   RW            6    .bss                main.o
    0x20001008   0x00000100   Zero   RW          594    .bss                ahrs.o
    0x20001108   0x00000020   Zero   RW          668    .bss                altimeter.o
    0x20001128   0x0000002c   Zero   RW          721    .bss                ctd48m.o
    0x20001154   0x00000004   PAD
    0x20001158   0x000002c0   Zero   RW          915    .bss                sd.o
    0x20001418   0x00000011   Zero   RW         1094    .bss                print_uart.o
    0x20001429   0x00000003   PAD
    0x2000142c   0x00001868   Zero   RW         1236    .bss                sonar.o
    0x20002c94   0x00000220   Zero   RW         1317    .bss                bd_rnss.o
    0x20002eb4   0x0000009c   Zero   RW         1393    .bss                bd_rdss.o
    0x20002f50   0x0000003e   Zero   RW         1516    .bss                rf.o
    0x20002f8e   0x00000002   PAD
    0x20002f90   0x00002000   Zero   RW         6224    .bss                board.o
    0x20004f90   0x00000090   Zero   RW         6269    .bss                ms_com_process.o
    0x20005020   0x00000060   Zero   RW         6914    .bss                c_w.l(libspace.o)
    0x20005080   0x00000200   Zero   RW         1545    HEAP                startup_stm32f40_41xxx.o
    0x20005280   0x00000400   Zero   RW         1544    STACK               startup_stm32f40_41xxx.o


==============================================================================

Image component sizes


      Code (inc. data)   RO Data    RW Data    ZI Data      Debug   Object Name

       212         40          0         32        256       5720   ahrs.o
       136         30          0         12         32       1385   altimeter.o
         0          0          0          0        156        756   bd_rdss.o
         0          0          0          0        544        777   bd_rnss.o
       164         22          0          0       8192       3309   board.o
        60         12          0          4          0       1161   clock.o
       182         28         12          0          0       5248   components.o
       268         24          0          0          0        772   context_rvds.o
       348        166          0         16          0       3390   cpuport.o
        32          4        256          0          0       1109   crc8.o
       112         20          0         10         44       2261   ctd48m.o
       308         34          0          9          0       3013   delay.o
       208         32          0          0        388       3462   idle.o
       392          0          0          0          0       6101   ipc.o
        64         12          0          1          0       1498   irq.o
      1808        164        290          0        128       9376   kservice.o
        64          6          0          0          0        523   led.o
       270         60          0          0       3944     325624   main.o
       852        150          0         24         32       3736   mem.o
       140         24          0          0          0       1467   misc.o
      1284         72          0         32        144       5193   ms_com_process.o
       496         34          0          0          0       3794   ms_comm.o
       248         10          0         80          0       5258   object.o
       388         30          0          3         17       2625   print_uart.o
         0          0          0          0         62        481   rf.o
       614        112          0         24        512       6440   scheduler.o
       456         28          0         16        704      11350   sd.o
       384         66          0          6       6248       4616   sonar.o
        64         26        392          0       1536        824   startup_stm32f40_41xxx.o
       638         58          0          0          0       6001   stm32f4xx_dma.o
        12          6          0          0          0        517   stm32f4xx_exti.o
       218          0          0          0          0       2218   stm32f4xx_gpio.o
        18          0          0          0          0       2575   stm32f4xx_it.o
       360         42          0         16          0       5056   stm32f4xx_rcc.o
        80         14          0          0          0       3385   stm32f4xx_sdio.o
       136          0          0          0          0       3880   stm32f4xx_spi.o
       446          8          0          0          0       5276   stm32f4xx_usart.o
       532         54          0         20          0       2297   system_stm32f4xx.o
       176         34          0          0          0        576   test.o
       772         36          0          0          0       9651   thread.o
      1082         62          0         20        644      10910   timer.o
        28          0          0          0          0        933   usb_bsp.o
       516          0          0          0          0       8011   usb_core.o
      3702         16          0          0          0      10759   usb_hcd_int.o
        30          0          0         18          0       5249   usbh_core.o
        24          6          0          0          0        524   usbh_usr.o
       850         70          0         11          0       8672   wk2124.o

    ----------------------------------------------------------------------
     19206       1612       1014        364      23592     507759   Object Totals
         0          0         64          0          0          0   (incl. Generated)
        32          0          0         10          9          0   (incl. Padding)

    ----------------------------------------------------------------------

      Code (inc. data)   RO Data    RW Data    ZI Data      Debug   Library Member Name

        90          0          0          0          0          0   __dczerorl2.o
         8          0          0          0          0         68   __main.o
         0          0          0          0          0          0   __rtentry.o
        12          0          0          0          0          0   __rtentry2.o
         6          0          0          0          0          0   __rtentry4.o
        52          8          0          0          0          0   __scatter.o
        26          0          0          0          0          0   __scatter_copy.o
        28          0          0          0          0          0   __scatter_zi.o
        12          0          0          0          0         72   exit.o
         6          0          0          0          0        152   heapauxi.o
         0          0          0          0          0          0   indicate_semi.o
         2          0          0          0          0          0   libinit.o
         6          0          0          0          0          0   libinit2.o
         2          0          0          0          0          0   libshutdown.o
         2          0          0          0          0          0   libshutdown2.o
         8          4          0          0         96         68   libspace.o
         2          0          0          0          0          0   rtexit.o
        10          0          0          0          0          0   rtexit2.o
        12          4          0          0          0         68   sys_exit.o
        74          0          0          0          0         80   sys_stackheap_outer.o
         2          0          0          0          0         68   use_no_semi.o
        10          0          0          0          0        116   fpinit.o

    ----------------------------------------------------------------------
       380         16          0          0         96        692   Library Totals
        10          0          0          0          0          0   (incl. Padding)

    ----------------------------------------------------------------------

      Code (inc. data)   RO Data    RW Data    ZI Data      Debug   Library Name

       360         16          0          0         96        576   c_w.l
        10          0          0          0          0        116   fz_wm.l

    ----------------------------------------------------------------------
       380         16          0          0         96        692   Library Totals

    ----------------------------------------------------------------------

==============================================================================


      Code (inc. data)   RO Data    RW Data    ZI Data      Debug   

     19586       1628       1014        364      23688     488263   Grand Totals
     19586       1628       1014        364      23688     488263   ELF Image Totals
     19586       1628       1014        364          0          0   ROM Totals

==============================================================================

    Total RO  Size (Code + RO Data)                20600 (  20.12kB)
    Total RW  Size (RW Data + ZI Data)             24052 (  23.49kB)
    Total ROM Size (Code + RO Data + RW Data)      20964 (  20.47kB)

==============================================================================

