<html>
<body>
<pre>
<h1>礦ision Build Log</h1>
<h2>Tool Versions:</h2>
IDE-Version: μVision V5.14.0.0
Copyright (C) 2015 ARM Ltd and ARM Germany GmbH. All rights reserved.
License Information: acke_kobe Microsoft, Microsoft, LIC=SDAPC-7EBYY-H8AFS-LCJ42-U6XJL-NWQCY
 
Tool Versions:
Toolchain:       MDK-ARM Standard  Version: 5.14.0.0
Toolchain Path:  C:\Keil_v5\ARM\ARMCC\Bin
C Compiler:      Armcc.exe V5.05 update 1 (build 106)
Assembler:       Armasm.exe V5.05 update 1 (build 106)
Linker/Locator:  ArmLink.exe V5.05 update 1 (build 106)
Library Manager: ArmAr.exe V5.05 update 1 (build 106)
Hex Converter:   FromElf.exe V5.05 update 1 (build 106)
CPU DLL:         SARMCM3.DLL V5.14.0.0
Dialog DLL:      DCM.DLL V1.13.1.0
Target DLL:      STLink\ST-LINKIII-KEIL_SWO.dll V2.0.14.0_KEIL
Dialog DLL:      TCM.DLL V1.14.4.0
 
<h2>Project:</h2>
E:\滑翔机文档与资料\glider_code\driver_glider\USER\glider.uvprojx
Project File Date:  10/08/2018

<h2>Output:</h2>
Build target 'glider'
compiling main.c...
main.c(98): warning:  #177-D: variable "res" was declared but never referenced
        u8 res = 0;
main.c(99): warning:  #177-D: variable "cnt" was declared but never referenced
        u16 cnt = 0;
main.c: 2 warnings, 0 errors
compiling test.c...
TestProgram\test.c(43): warning:  #177-D: variable "timestamp" was declared but never referenced
        u8 timestamp[26];
TestProgram\test.c(577): warning:  #550-D: variable "check_sum" was set but never used
        u16 check_sum = 0;
TestProgram\test.c: 2 warnings, 0 errors
compiling AHRS.c...
..\HardwareDriver\AHRS\AHRS.c(452): warning:  #1035-D: single-precision operand implicitly converted to double-precision
                        temp_vel_x /= 50.0;
..\HardwareDriver\AHRS\AHRS.c(453): warning:  #1035-D: single-precision operand implicitly converted to double-precision
                        temp_vel_y /= 50.0;
..\HardwareDriver\AHRS\AHRS.c(454): warning:  #1035-D: single-precision operand implicitly converted to double-precision
                        temp_vel_z /= 50.0;
..\HardwareDriver\AHRS\AHRS.c: 3 warnings, 0 errors
compiling altimeter.c...
compiling CTD48M.c...
compiling delay.c...
compiling MS_Comm.c...
compiling SD.c...
compiling print_uart.c...
compiling WK2124.c...
compiling sonar.c...
compiling BD_RNSS.c...
..\HardwareDriver\BD_RNSS\BD_RNSS.c(104): warning:  #177-D: variable "FCR_reg" was declared but never referenced
        u8 FCR_reg = 0;
..\HardwareDriver\BD_RNSS\BD_RNSS.c: 1 warning, 0 errors
compiling BD_RDSS.c...
compiling wdg.c...
compiling RTC.c...
compiling RF.c...
compiling usb_bsp.c...
compiling usbh_usr.c...
compiling diskio.c...
compiling ff.c...
compiling cc936.c...
compiling exfuns.c...
compiling fattester.c...
..\FATFS\exfuns\fattester.c(154): warning:  #550-D: variable "fn" was set but never used
      char *fn;   /* This function is assuming non-Unicode cfg. */
..\FATFS\exfuns\fattester.c: 1 warning, 0 errors
compiling clock.c...
compiling components.c...
compiling cpuport.c...
compiling device.c...
compiling idle.c...
compiling ipc.c...
compiling irq.c...
compiling kservice.c...
compiling mem.c...
compiling object.c...
compiling scheduler.c...
compiling thread.c...
compiling timer.c...
compiling board.c...
compiling MS_Com_Process.c...
compiling CRC8.c...
compiling Upper_Comm.c...
..\Application\Upper_Comm_Process\Upper_Comm.c(121): warning:  #1035-D: single-precision operand implicitly converted to double-precision
                        Upper_Fish_CMD.fish_glide.glide_dist = (float)(((buf[9]) + (buf[10]<<8)) / (float)0xFFFF * 100000.0 );
..\Application\Upper_Comm_Process\Upper_Comm.c(223): warning:  #1035-D: single-precision operand implicitly converted to double-precision
        u16 temperature = (u16)(sys_stat.cabin_temp / 100.0 * 0x3FF);           //温度转换
..\Application\Upper_Comm_Process\Upper_Comm.c(224): warning:  #1035-D: single-precision operand implicitly converted to double-precision
        u16 quantity = (u16)(sys_stat.elec_quantity / 1000.0 * 0x3FFF);         //电量转换
..\Application\Upper_Comm_Process\Upper_Comm.c: 3 warnings, 0 errors
compiling Info_Record.c...
compiling power_control.c...
compiling navigation.c...
..\Application\Navigation\navigation.c(456): warning:  #1035-D: single-precision operand implicitly converted to double-precision
        s /= 1.852; 
..\Application\Navigation\navigation.c(476): warning:  #1035-D: single-precision operand implicitly converted to double-precision
        float dist_diff_pre = earth_radius / 1.852;                                             //上一点距离差值
..\Application\Navigation\navigation.c(511): warning:  #1035-D: single-precision operand implicitly converted to double-precision
        if(CurrentSysTime_Pre < 0.01)
..\Application\Navigation\navigation.c(505): warning:  #177-D: variable "cnt" was declared but never referenced
        static u16 cnt = 0;
..\Application\Navigation\navigation.c: 4 warnings, 0 errors
linking...
Program Size: Code=29768 RO-data=1144 RW-data=364 ZI-data=24128  
FromELF: creating hex file...
"..\OBJ\glider.axf" - 0 Error(s), 16 Warning(s).

<h2>Collection of Component include folders:</h2>
  E:\滑翔机文档与资料\glider_code\driver_glider\USER\RTE
  C:\Keil_v5\ARM\PACK\Keil\STM32F4xx_DFP\2.13.0

<h2>Collection of Component Files used:</h2>
</pre>
</body>
</html>
