<html>
<body>
<pre>
<h1>µVision Build Log</h1>
<h2>Tool Versions:</h2>
IDE-Version: ¦ÌVision V5.14.0.0
Copyright (C) 2015 ARM Ltd and ARM Germany GmbH. All rights reserved.
License Information: acke_kobe Microsoft, Microsoft, LIC=SDAPC-7EBYY-H8AFS-LCJ42-U6XJL-NWQCY
 
Tool Versions:
Toolchain:       MDK-ARM Standard  Version: 5.14.0.0
Toolchain Path:  C:\Keil_v5\ARM\ARMCC\Bin
C Compiler:      Armcc.exe V5.05 update 1 (build 106)
Assembler:       Armasm.exe V5.05 update 1 (build 106)
Linker/Locator:  ArmLink.exe V5.05 update 1 (build 106)
Library Manager: ArmAr.exe V5.05 update 1 (build 106)
Hex Converter:   FromElf.exe V5.05 update 1 (build 106)
CPU DLL:         SARMCM3.DLL V5.14.0.0
Dialog DLL:      DCM.DLL V1.13.1.0
Target DLL:      STLink\ST-LINKIII-KEIL_SWO.dll V2.0.14.0_KEIL
Dialog DLL:      TCM.DLL V1.14.4.0
 
<h2>Project:</h2>
E:\Git_robfish\driver_glider\USER\glider.uvprojx
Project File Date:  10/19/2018

<h2>Output:</h2>
Build target 'glider'
compiling MS_Comm.c...
..\HardwareDriver\MasSla_Comm\MS_Comm.c(91): warning:  #177-D: variable "SPI_InitStructure" was declared but never referenced
        SPI_InitTypeDef         SPI_InitStructure;
..\HardwareDriver\MasSla_Comm\MS_Comm.c: 1 warning, 0 errors
linking...
Program Size: Code=19410 RO-data=1014 RW-data=364 ZI-data=23688  
FromELF: creating hex file...
"..\OBJ\glider.axf" - 0 Error(s), 1 Warning(s).

<h2>Collection of Component include folders:</h2>
  E:\Git_robfish\driver_glider\USER\RTE
  C:\Keil_v5\ARM\PACK\Keil\STM32F4xx_DFP\2.13.0

<h2>Collection of Component Files used:</h2>
</pre>
</body>
</html>
