Component: ARM Compiler 5.05 update 1 (build 106) Tool: armlink [4d0efa]

==============================================================================

Section Cross References

    main.o(i.led0_thread_entry) refers to delay.o(i.delay_ms) for delay_ms
    main.o(i.led1_thread_entry) refers to _printf_pad.o(.text) for _printf_pre_padding
    main.o(i.led1_thread_entry) refers to _printf_percent.o(.ARM.Collect$$_printf_percent$$00000000) for _printf_percent
    main.o(i.led1_thread_entry) refers to _printf_d.o(.ARM.Collect$$_printf_percent$$00000009) for _printf_d
    main.o(i.led1_thread_entry) refers to _printf_dec.o(.text) for _printf_int_dec
    main.o(i.led1_thread_entry) refers to noretval__2sprintf.o(.text) for __2sprintf
    main.o(i.led1_thread_entry) refers to kservice.o(i.rt_kprintf) for rt_kprintf
    main.o(i.led1_thread_entry) refers to test.o(i.Test_AHRS_USART1) for Test_AHRS_USART1
    main.o(i.led1_thread_entry) refers to delay.o(i.delay_ms) for delay_ms
    main.o(i.led1_thread_entry) refers to main.o(.data) for sd_cnt
    main.o(i.led1_thread_entry) refers to main.o(.bss) for wr_data
    main.o(i.main) refers to context_rvds.o(.text) for rt_hw_interrupt_disable
    main.o(i.main) refers to led.o(i.LED_Init) for LED_Init
    main.o(i.main) refers to ahrs.o(i.AHRS_Init) for AHRS_Init
    main.o(i.main) refers to delay.o(i.delay_us) for delay_us
    main.o(i.main) refers to kservice.o(i.rt_kprintf) for rt_kprintf
    main.o(i.main) refers to thread.o(i.rt_thread_init) for rt_thread_init
    main.o(i.main) refers to thread.o(i.rt_thread_startup) for rt_thread_startup
    main.o(i.main) refers to main.o(.bss) for rt_led0_thread_stack
    main.o(i.main) refers to main.o(i.led0_thread_entry) for led0_thread_entry
    main.o(i.main) refers to main.o(i.led1_thread_entry) for led1_thread_entry
    system_stm32f4xx.o(i.SystemCoreClockUpdate) refers to system_stm32f4xx.o(.data) for SystemCoreClock
    system_stm32f4xx.o(i.SystemInit) refers to system_stm32f4xx.o(i.SetSysClock) for SetSysClock
    test.o(i.Master_Slave_Test) refers to ms_com_process.o(i.Master_Slave_Comm) for Master_Slave_Comm
    test.o(i.Master_Slave_Test) refers to ms_com_process.o(.data) for left_pectoral
    test.o(i.RDSS_test) refers to upper_comm.o(i.Upper_Message_Analy) for Upper_Message_Analy
    test.o(i.RDSS_test) refers to bd_rdss.o(i.BD_RDSS_TXSQ) for BD_RDSS_TXSQ
    test.o(i.RDSS_test) refers to upper_comm.o(i.data_upload_upper) for data_upload_upper
    test.o(i.RDSS_test) refers to wk2124.o(.data) for WK2124_Rev_Flag
    test.o(i.RDSS_test) refers to bd_rdss.o(.bss) for RDSS_REV_buf
    test.o(i.RF_test) refers to upper_comm.o(i.data_upload_upper) for data_upload_upper
    test.o(i.RF_test) refers to wk2124.o(.data) for WK2124_Rev_Flag
    test.o(i.RF_test) refers to rf.o(.bss) for RF_Rev_Buf
    test.o(i.RNSS_test) refers to bd_rnss.o(i.BD_data_trans) for BD_data_trans
    test.o(i.RNSS_test) refers to kservice.o(i.rt_kprintf) for rt_kprintf
    test.o(i.RNSS_test) refers to f2d.o(x$fpl$f2d) for __aeabi_f2d
    test.o(i.RNSS_test) refers to wk2124.o(i.WK2124_USART_Ctr) for WK2124_USART_Ctr
    test.o(i.RNSS_test) refers to wk2124.o(.data) for WK2124_Rev_Flag
    test.o(i.RNSS_test) refers to bd_rnss.o(.bss) for BD_raw_data
    test.o(i.RTC_test) refers to _printf_pad.o(.text) for _printf_pre_padding
    test.o(i.RTC_test) refers to _printf_percent.o(.ARM.Collect$$_printf_percent$$00000000) for _printf_percent
    test.o(i.RTC_test) refers to _printf_d.o(.ARM.Collect$$_printf_percent$$00000009) for _printf_d
    test.o(i.RTC_test) refers to _printf_dec.o(.text) for _printf_int_dec
    test.o(i.RTC_test) refers to stm32f4xx_rtc.o(i.RTC_ReadBackupRegister) for RTC_ReadBackupRegister
    test.o(i.RTC_test) refers to rtc.o(i.MY_RTC_Init) for MY_RTC_Init
    test.o(i.RTC_test) refers to stm32f4xx_rtc.o(i.RTC_GetTime) for RTC_GetTime
    test.o(i.RTC_test) refers to stm32f4xx_rtc.o(i.RTC_GetDate) for RTC_GetDate
    test.o(i.RTC_test) refers to noretval__2sprintf.o(.text) for __2sprintf
    test.o(i.RTC_test) refers to upper_comm.o(i.data_upload_upper) for data_upload_upper
    test.o(i.SD_test) refers to kservice.o(i.rt_kprintf) for rt_kprintf
    test.o(i.SD_test) refers to sd.o(i.SD_Init) for SD_Init
    test.o(i.SD_test) refers to delay.o(i.delay_us) for delay_us
    test.o(i.SD_test) refers to exfuns.o(i.exf_getfree) for exf_getfree
    test.o(i.SD_test) refers to fattester.o(i.mf_scan_files) for mf_scan_files
    test.o(i.SD_test) refers to test.o(.data) for init_flag
    test.o(i.Test_AHRS_USART1) refers to ahrs.o(i.AHRS_data_analys) for AHRS_data_analys
    test.o(i.Test_AHRS_USART1) refers to f2d.o(x$fpl$f2d) for __aeabi_f2d
    test.o(i.Test_AHRS_USART1) refers to kservice.o(i.rt_kprintf) for rt_kprintf
    test.o(i.Test_AHRS_USART1) refers to ahrs.o(.data) for ahrs_rev_flag
    test.o(i.Test_AHRS_USART1) refers to ahrs.o(.bss) for attitude
[...]
    i.rt_system_timer_init                   0x08004444   Section        0  timer.o(i.rt_system_timer_init)
    i.rt_system_timer_thread_init            0x08004460   Section        0  timer.o(i.rt_system_timer_thread_init)
    i.rt_thread_create                       0x08004462   Section        0  thread.o(i.rt_thread_create)
    i.rt_thread_delay                        0x080044b2   Section        0  thread.o(i.rt_thread_delay)
    i.rt_thread_exit                         0x080044c0   Section        0  thread.o(i.rt_thread_exit)
    i.rt_thread_idle_entry                   0x08004514   Section        0  idle.o(i.rt_thread_idle_entry)
    rt_thread_idle_entry                     0x08004515   Thumb Code     8  idle.o(i.rt_thread_idle_entry)
    i.rt_thread_idle_excute                  0x0800451c   Section        0  idle.o(i.rt_thread_idle_excute)
    i.rt_thread_idle_init                    0x08004594   Section        0  idle.o(i.rt_thread_idle_init)
    i.rt_thread_init                         0x080045d0   Section        0  thread.o(i.rt_thread_init)
    i.rt_thread_resume                       0x08004604   Section        0  thread.o(i.rt_thread_resume)
    i.rt_thread_self                         0x0800463c   Section        0  thread.o(i.rt_thread_self)
    i.rt_thread_sleep                        0x08004648   Section        0  thread.o(i.rt_thread_sleep)
    i.rt_thread_startup                      0x0800468c   Section        0  thread.o(i.rt_thread_startup)
    i.rt_thread_suspend                      0x080046b8   Section        0  thread.o(i.rt_thread_suspend)
    i.rt_thread_timeout                      0x080046ee   Section        0  thread.o(i.rt_thread_timeout)
    i.rt_thread_yield                        0x08004710   Section        0  thread.o(i.rt_thread_yield)
    i.rt_tick_get                            0x08004770   Section        0  clock.o(i.rt_tick_get)
    i.rt_tick_increase                       0x0800477c   Section        0  clock.o(i.rt_tick_increase)
    i.rt_timer_check                         0x080047ac   Section        0  timer.o(i.rt_timer_check)
    i.rt_timer_control                       0x08004828   Section        0  timer.o(i.rt_timer_control)
    i.rt_timer_detach                        0x08004860   Section        0  timer.o(i.rt_timer_detach)
    i.rt_timer_init                          0x08004880   Section        0  timer.o(i.rt_timer_init)
    i.rt_timer_start                         0x080048b0   Section        0  timer.o(i.rt_timer_start)
    i.rt_timer_stop                          0x080049a8   Section        0  timer.o(i.rt_timer_stop)
    i.rt_vsnprintf                           0x080049d8   Section        0  kservice.o(i.rt_vsnprintf)
    i.rti_board_end                          0x08004d00   Section        0  components.o(i.rti_board_end)
    rti_board_end                            0x08004d01   Thumb Code     4  components.o(i.rti_board_end)
    i.rti_board_start                        0x08004d04   Section        0  components.o(i.rti_board_start)
    rti_board_start                          0x08004d05   Thumb Code     4  components.o(i.rti_board_start)
    i.rti_end                                0x08004d08   Section        0  components.o(i.rti_end)
    rti_end                                  0x08004d09   Thumb Code     4  components.o(i.rti_end)
    i.rtthread_startup                       0x08004d0c   Section        0  components.o(i.rtthread_startup)
    i.skip_atoi                              0x08004d36   Section        0  kservice.o(i.skip_atoi)
    skip_atoi                                0x08004d37   Thumb Code    38  kservice.o(i.skip_atoi)
    i.uart4_init                             0x08004d5c   Section        0  print_uart.o(i.uart4_init)
    x$fpl$dretinf                            0x08004de0   Section       12  dretinf.o(x$fpl$dretinf)
    $v0                                      0x08004de0   Number         0  dretinf.o(x$fpl$dretinf)
    x$fpl$f2d                                0x08004dec   Section       86  f2d.o(x$fpl$f2d)
    $v0                                      0x08004dec   Number         0  f2d.o(x$fpl$f2d)
    x$fpl$fnaninf                            0x08004e42   Section      140  fnaninf.o(x$fpl$fnaninf)
    $v0                                      0x08004e42   Number         0  fnaninf.o(x$fpl$fnaninf)
    x$fpl$fpinit                             0x08004ece   Section       10  fpinit.o(x$fpl$fpinit)
    $v0                                      0x08004ece   Number         0  fpinit.o(x$fpl$fpinit)
    .constdata                               0x08004ed8   Section      290  kservice.o(.constdata)
    x$fpl$usenofp                            0x08004ed8   Section        0  usenofp.o(x$fpl$usenofp)
    small_digits                             0x08004fd8   Data          17  kservice.o(.constdata)
    large_digits                             0x08004fe9   Data          17  kservice.o(.constdata)
    .constdata                               0x08004ffa   Section       17  __printf_flags_wp.o(.constdata)
    maptable                                 0x08004ffa   Data          17  __printf_flags_wp.o(.constdata)
    .rti_fn.0.end                            0x0800500c   Section        4  components.o(.rti_fn.0.end)
    .rti_fn.1.end                            0x08005010   Section        4  components.o(.rti_fn.1.end)
    .rti_fn.6.end                            0x08005014   Section        4  components.o(.rti_fn.6.end)
    .data                                    0x10000000   Section       20  system_stm32f4xx.o(.data)
    .data                                    0x10000014   Section       16  stm32f4xx_rcc.o(.data)
    APBAHBPrescTable                         0x10000014   Data          16  stm32f4xx_rcc.o(.data)
    .data                                    0x10000024   Section        4  clock.o(.data)
    rt_tick                                  0x10000024   Data           4  clock.o(.data)
    .data                                    0x10000028   Section       16  cpuport.o(.data)
    rt_exception_hook                        0x10000034   Data           4  cpuport.o(.data)
    .data                                    0x10000038   Section       24  mem.o(.data)
    heap_ptr                                 0x10000038   Data           4  mem.o(.data)
    heap_end                                 0x1000003c   Data           4  mem.o(.data)
    lfree                                    0x10000040   Data           4  mem.o(.data)
    mem_size_aligned                         0x10000044   Data           4  mem.o(.data)
    used_mem                                 0x10000048   Data           4  mem.o(.data)
    max_mem                                  0x1000004c   Data           4  mem.o(.data)
    .data                                    0x10000050   Section       80  object.o(.data)
    .data                                    0x100000a0   Section       24  scheduler.o(.data)
    rt_scheduler_lock_nest                   0x100000a0   Data           2  scheduler.o(.data)
    .data                                    0x100000b8   Section       12  timer.o(.data)
    rt_timer_list                            0x100000b8   Data           8  timer.o(.data)
    random_nr                                0x100000c0   Data           4  timer.o(.data)
    .bss                                     0x100000c4   Section      384  idle.o(.bss)
    idle                                     0x100000c4   Data         128  idle.o(.bss)
    rt_thread_stack                          0x10000144   Data         256  idle.o(.bss)
    .bss                                     0x10000244   Section      128  kservice.o(.bss)
    rt_log_buf                               0x10000244   Data         128  kservice.o(.bss)
    .bss                                     0x100002c4   Section       32  mem.o(.bss)
    heap_sem                                 0x100002c4   Data          32  mem.o(.bss)
    .bss                                     0x100002e4   Section      240  scheduler.o(.bss)
    .data                                    0x20000000   Section        2  main.o(.data)
    .data                                    0x20000004   Section        8  ahrs.o(.data)
    .data                                    0x2000000c   Section       12  altimeter.o(.data)
    .data                                    0x20000018   Section       10  ctd48m.o(.data)
    .data                                    0x20000024   Section        9  delay.o(.data)
    fac_us                                   0x20000024   Data           4  delay.o(.data)
    fac_ms                                   0x20000028   Data           4  delay.o(.data)
    .data                                    0x20000030   Section       16  sd.o(.data)
    CardType                                 0x20000030   Data           1  sd.o(.data)
    RCA                                      0x20000034   Data           4  sd.o(.data)
    DeviceMode                               0x20000038   Data           1  sd.o(.data)
    StopCondition                            0x20000039   Data           1  sd.o(.data)
    .data                                    0x20000040   Section       11  wk2124.o(.data)
    .data                                    0x2000004c   Section        6  sonar.o(.data)
    .data                                    0x20000054   Section       18  usbh_core.o(.data)
    timeout                                  0x20000064   Data           2  usbh_core.o(.data)
    .data                                    0x20000066   Section        1  irq.o(.data)
    .bss                                     0x20000068   Section     3936  main.o(.bss)
    led0_thread                              0x20000068   Data         128  main.o(.bss)
    led1_thread                              0x200000e8   Data         128  main.o(.bss)
    rt_led0_thread_stack                     0x20000168   Data        1024  main.o(.bss)
    rt_led1_thread_stack                     0x20000568   Data        1024  main.o(.bss)
    .bss                                     0x20000fc8   Section      176  ahrs.o(.bss)
    .bss                                     0x20001078   Section       32  altimeter.o(.bss)
    .bss                                     0x20001098   Section       44  ctd48m.o(.bss)
    .bss                                     0x200010c8   Section      704  sd.o(.bss)
    CSD_Tab                                  0x2000110c   Data          16  sd.o(.bss)
    CID_Tab                                  0x2000111c   Data          16  sd.o(.bss)
    .bss                                     0x20001388   Section     6248  sonar.o(.bss)
    Sonar_DMA_RxBuf                          0x20001388   Data         512  sonar.o(.bss)
    .bss                                     0x20002bf0   Section      544  bd_rnss.o(.bss)
    .bss                                     0x20002e10   Section      156  bd_rdss.o(.bss)
    .bss                                     0x20002eac   Section       62  rf.o(.bss)
    .bss                                     0x20002eec   Section     8192  board.o(.bss)
    rt_heap                                  0x20002eec   Data        8192  board.o(.bss)
    .bss                                     0x20004eec   Section       96  libspace.o(.bss)
    HEAP                                     0x20004f50   Section      512  startup_stm32f40_41xxx.o(HEAP)
    Heap_Mem                                 0x20004f50   Data         512  startup_stm32f40_41xxx.o(HEAP)
    STACK                                    0x20005150   Section     1024  startup_stm32f40_41xxx.o(STACK)
    Stack_Mem                                0x20005150   Data        1024  startup_stm32f40_41xxx.o(STACK)
    __initial_sp                             0x20005550   Data           0  startup_stm32f40_41xxx.o(STACK)

    Global Symbols

    Symbol Name                              Value     Ov Type        Size  Object(Section)

    BuildAttributes$$THM_ISAv4$E$P$D$K$B$S$7EM$VFPi3$EXTD16$VFPS$VFMA$PE$A:L22UL41UL21$X:L11$S22US41US21$IEEE1$IW$USESV6$~STKCKD$USESV7$~SHL$OTIME$ROPI$IEEEX$EBA8$UX$STANDARDLIB$REQ8$PRES8$EABIv2 0x00000000   Number         0  anon$$obj.o ABSOLUTE
    __ARM_use_no_argv                        0x00000000   Number         0  main.o ABSOLUTE
    _printf_flags                            0x00000000   Number         0  printf_stubs.o ABSOLUTE
    _printf_return_value                     0x00000000   Number         0  printf_stubs.o ABSOLUTE
    _printf_sizespec                         0x00000000   Number         0  printf_stubs.o ABSOLUTE
    _printf_widthprec                        0x00000000   Number         0  printf_stubs.o ABSOLUTE
    __ARM_exceptions_init                     - Undefined Weak Reference
    __alloca_initialize                       - Undefined Weak Reference
    __arm_preinit_                            - Undefined Weak Reference
    __cpp_initialize__aeabi_                  - Undefined Weak Reference
    __cxa_finalize                            - Undefined Weak Reference
    __sigvec_lookup                           - Undefined Weak Reference
    _atexit_init                              - Undefined Weak Reference
    _call_atexit_fns                          - Undefined Weak Reference
    _clock_init                               - Undefined Weak Reference
    _fp_trap_init                             - Undefined Weak Reference
    _fp_trap_shutdown                         - Undefined Weak Reference
    _get_lc_collate                           - Undefined Weak Reference
    _get_lc_monetary                          - Undefined Weak Reference
    _get_lc_time                              - Undefined Weak Reference
    _getenv_init                              - Undefined Weak Reference
    _handle_redirection                       - Undefined Weak Reference
    _init_alloc                               - Undefined Weak Reference
    _init_user_alloc                          - Undefined Weak Reference
    _initio                                   - Undefined Weak Reference
    _printf_truncate_signed                   - Undefined Weak Reference
    _printf_truncate_unsigned                 - Undefined Weak Reference
    _rand_init                                - Undefined Weak Reference
    _signal_finish                            - Undefined Weak Reference
    _signal_init                              - Undefined Weak Reference
    _terminate_alloc                          - Undefined Weak Reference
    _terminate_user_alloc                     - Undefined Weak Reference
    _terminateio                              - Undefined Weak Reference
    __Vectors_Size                           0x00000188   Number         0  startup_stm32f40_41xxx.o ABSOLUTE
    __Vectors                                0x08000000   Data           4  startup_stm32f40_41xxx.o(RESET)
    __Vectors_End                            0x08000188   Data           0  startup_stm32f40_41xxx.o(RESET)
    __main                                   0x08000189   Thumb Code     8  __main.o(!!!main)
    __scatterload                            0x08000191   Thumb Code     0  __scatter.o(!!!scatter)
    __scatterload_rt2                        0x08000191   Thumb Code    44  __scatter.o(!!!scatter)
    __scatterload_rt2_thumb_only             0x08000191   Thumb Code     0  __scatter.o(!!!scatter)
    __scatterload_null                       0x0800019f   Thumb Code     0  __scatter.o(!!!scatter)
    __decompress                             0x080001c5   Thumb Code    90  __dczerorl2.o(!!dczerorl2)
    __decompress1                            0x080001c5   Thumb Code     0  __dczerorl2.o(!!dczerorl2)
    __scatterload_copy                       0x08000221   Thumb Code    26  __scatter_copy.o(!!handler_copy)
    __scatterload_zeroinit                   0x0800023d   Thumb Code    28  __scatter_zi.o(!!handler_zi)
    _printf_d                                0x08000259   Thumb Code     0  _printf_d.o(.ARM.Collect$$_printf_percent$$00000009)
    _printf_percent                          0x08000259   Thumb Code     0  _printf_percent.o(.ARM.Collect$$_printf_percent$$00000000)
    _printf_percent_end                      0x0800025f   Thumb Code     0  _printf_percent_end.o(.ARM.Collect$$_printf_percent$$00000017)
    __rt_lib_init                            0x08000263   Thumb Code     0  libinit.o(.ARM.Collect$$libinit$$00000000)
    __rt_lib_init_fp_1                       0x08000265   Thumb Code     0  libinit2.o(.ARM.Collect$$libinit$$00000001)
    __rt_lib_init_alloca_1                   0x08000269   Thumb Code     0  libinit2.o(.ARM.Collect$$libinit$$0000002E)
    __rt_lib_init_argv_1                     0x08000269   Thumb Code     0  libinit2.o(.ARM.Collect$$libinit$$0000002C)
    __rt_lib_init_atexit_1                   0x08000269   Thumb Code     0  libinit2.o(.ARM.Collect$$libinit$$0000001B)
    __rt_lib_init_clock_1                    0x08000269   Thumb Code     0  libinit2.o(.ARM.Collect$$libinit$$00000021)
    __rt_lib_init_cpp_1                      0x08000269   Thumb Code     0  libinit2.o(.ARM.Collect$$libinit$$00000032)
    __rt_lib_init_exceptions_1               0x08000269   Thumb Code     0  libinit2.o(.ARM.Collect$$libinit$$00000030)
    __rt_lib_init_fp_trap_1                  0x08000269   Thumb Code     0  libinit2.o(.ARM.Collect$$libinit$$0000001F)
    __rt_lib_init_getenv_1                   0x08000269   Thumb Code     0  libinit2.o(.ARM.Collect$$libinit$$00000023)
    __rt_lib_init_heap_1                     0x08000269   Thumb Code     0  libinit2.o(.ARM.Collect$$libinit$$0000000A)
    __rt_lib_init_lc_collate_1               0x08000269   Thumb Code     0  libinit2.o(.ARM.Collect$$libinit$$00000011)
    __rt_lib_init_lc_ctype_1                 0x08000269   Thumb Code     0  libinit2.o(.ARM.Collect$$libinit$$00000013)
    __rt_lib_init_lc_monetary_1              0x08000269   Thumb Code     0  libinit2.o(.ARM.Collect$$libinit$$00000015)
    __rt_lib_init_lc_numeric_1               0x08000269   Thumb Code     0  libinit2.o(.ARM.Collect$$libinit$$00000017)
    __rt_lib_init_lc_time_1                  0x08000269   Thumb Code     0  libinit2.o(.ARM.Collect$$libinit$$00000019)
    __rt_lib_init_preinit_1                  0x08000269   Thumb Code     0  libinit2.o(.ARM.Collect$$libinit$$00000004)
    __rt_lib_init_rand_1                     0x08000269   Thumb Code     0  libinit2.o(.ARM.Collect$$libinit$$0000000E)
    __rt_lib_init_return                     0x08000269   Thumb Code     0  libinit2.o(.ARM.Collect$$libinit$$00000033)
    __rt_lib_init_signal_1                   0x08000269   Thumb Code     0  libinit2.o(.ARM.Collect$$libinit$$0000001D)
    __rt_lib_init_stdio_1                    0x08000269   Thumb Code     0  libinit2.o(.ARM.Collect$$libinit$$00000025)
    __rt_lib_init_user_alloc_1               0x08000269   Thumb Code     0  libinit2.o(.ARM.Collect$$libinit$$0000000C)
    __rt_lib_shutdown                        0x0800026b   Thumb Code     0  libshutdown.o(.ARM.Collect$$libshutdown$$00000000)
    __rt_lib_shutdown_fp_trap_1              0x0800026d   Thumb Code     0  libshutdown2.o(.ARM.Collect$$libshutdown$$00000006)
    __rt_lib_shutdown_heap_1                 0x0800026d   Thumb Code     0  libshutdown2.o(.ARM.Collect$$libshutdown$$0000000E)
    __rt_lib_shutdown_return                 0x0800026d   Thumb Code     0  libshutdown2.o(.ARM.Collect$$libshutdown$$0000000F)
    __rt_lib_shutdown_signal_1               0x0800026d   Thumb Code     0  libshutdown2.o(.ARM.Collect$$libshutdown$$00000009)
    __rt_lib_shutdown_stdio_1                0x0800026d   Thumb Code     0  libshutdown2.o(.ARM.Collect$$libshutdown$$00000003)
    __rt_lib_shutdown_user_alloc_1           0x0800026d   Thumb Code     0  libshutdown2.o(.ARM.Collect$$libshutdown$$0000000B)
    __rt_entry                               0x0800026f   Thumb Code     0  __rtentry.o(.ARM.Collect$$rtentry$$00000000)
    __rt_entry_presh_1                       0x0800026f   Thumb Code     0  __rtentry2.o(.ARM.Collect$$rtentry$$00000002)
    __rt_entry_sh                            0x0800026f   Thumb Code     0  __rtentry4.o(.ARM.Collect$$rtentry$$00000004)
    __rt_entry_li                            0x08000275   Thumb Code     0  __rtentry2.o(.ARM.Collect$$rtentry$$0000000A)
    __rt_entry_postsh_1                      0x08000275   Thumb Code     0  __rtentry2.o(.ARM.Collect$$rtentry$$00000009)
    __rt_entry_main                          0x08000279   Thumb Code     0  __rtentry2.o(.ARM.Collect$$rtentry$$0000000D)
    __rt_entry_postli_1                      0x08000279   Thumb Code     0  __rtentry2.o(.ARM.Collect$$rtentry$$0000000C)
    __rt_exit                                0x08000281   Thumb Code     0  rtexit.o(.ARM.Collect$$rtexit$$00000000)
    __rt_exit_ls                             0x08000283   Thumb Code     0  rtexit2.o(.ARM.Collect$$rtexit$$00000003)
    __rt_exit_prels_1                        0x08000283   Thumb Code     0  rtexit2.o(.ARM.Collect$$rtexit$$00000002)
    __rt_exit_exit                           0x08000287   Thumb Code     0  rtexit2.o(.ARM.Collect$$rtexit$$00000004)
    Reset_Handler                            0x0800028d   Thumb Code     8  startup_stm32f40_41xxx.o(.text)
    ADC_IRQHandler                           0x080002a7   Thumb Code     0  startup_stm32f40_41xxx.o(.text)
    CAN1_RX0_IRQHandler                      0x080002a7   Thumb Code     0  startup_stm32f40_41xxx.o(.text)
    CAN1_RX1_IRQHandler                      0x080002a7   Thumb Code     0  startup_stm32f40_41xxx.o(.text)
    CAN1_SCE_IRQHandler                      0x080002a7   Thumb Code     0  startup_stm32f40_41xxx.o(.text)
    CAN1_TX_IRQHandler                       0x080002a7   Thumb Code     0  startup_stm32f40_41xxx.o(.text)
    CAN2_RX0_IRQHandler                      0x080002a7   Thumb Code     0  startup_stm32f40_41xxx.o(.text)
    CAN2_RX1_IRQHandler                      0x080002a7   Thumb Code     0  startup_stm32f40_41xxx.o(.text)
    CAN2_SCE_IRQHandler                      0x080002a7   Thumb Code     0  startup_stm32f40_41xxx.o(.text)
    CAN2_TX_IRQHandler                       0x080002a7   Thumb Code     0  startup_stm32f40_41xxx.o(.text)
    CRYP_IRQHandler                          0x080002a7   Thumb Code     0  startup_stm32f40_41xxx.o(.text)
    DCMI_IRQHandler                          0x080002a7   Thumb Code     0  startup_stm32f40_41xxx.o(.text)
    DMA1_Stream0_IRQHandler                  0x080002a7   Thumb Code     0  startup_stm32f40_41xxx.o(.text)
    DMA1_Stream1_IRQHandler                  0x080002a7   Thumb Code     0  startup_stm32f40_41xxx.o(.text)
    DMA1_Stream2_IRQHandler                  0x080002a7   Thumb Code     0  startup_stm32f40_41xxx.o(.text)
    DMA1_Stream3_IRQHandler                  0x080002a7   Thumb Code     0  startup_stm32f40_41xxx.o(.text)
    DMA1_Stream4_IRQHandler                  0x080002a7   Thumb Code     0  startup_stm32f40_41xxx.o(.text)
    DMA1_Stream5_IRQHandler                  0x080002a7   Thumb Code     0  startup_stm32f40_41xxx.o(.text)
    DMA1_Stream6_IRQHandler                  0x080002a7   Thumb Code     0  startup_stm32f40_41xxx.o(.text)
    DMA1_Stream7_IRQHandler                  0x080002a7   Thumb Code     0  startup_stm32f40_41xxx.o(.text)
    DMA2_Stream0_IRQHandler                  0x080002a7   Thumb Code     0  startup_stm32f40_41xxx.o(.text)
    DMA2_Stream1_IRQHandler                  0x080002a7   Thumb Code     0  startup_stm32f40_41xxx.o(.text)
    DMA2_Stream2_IRQHandler                  0x080002a7   Thumb Code     0  startup_stm32f40_41xxx.o(.text)
    DMA2_Stream3_IRQHandler                  0x080002a7   Thumb Code     0  startup_stm32f40_41xxx.o(.text)
    DMA2_Stream4_IRQHandler                  0x080002a7   Thumb Code     0  startup_stm32f40_41xxx.o(.text)
    DMA2_Stream5_IRQHandler                  0x080002a7   Thumb Code     0  startup_stm32f40_41xxx.o(.text)
    ETH_IRQHandler                           0x080002a7   Thumb Code     0  startup_stm32f40_41xxx.o(.text)
    ETH_WKUP_IRQHandler                      0x080002a7   Thumb Code     0  startup_stm32f40_41xxx.o(.text)
    EXTI0_IRQHandler                         0x080002a7   Thumb Code     0  startup_stm32f40_41xxx.o(.text)
    EXTI15_10_IRQHandler                     0x080002a7   Thumb Code     0  startup_stm32f40_41xxx.o(.text)
    EXTI1_IRQHandler                         0x080002a7   Thumb Code     0  startup_stm32f40_41xxx.o(.text)
    EXTI3_IRQHandler                         0x080002a7   Thumb Code     0  startup_stm32f40_41xxx.o(.text)
    EXTI4_IRQHandler                         0x080002a7   Thumb Code     0  startup_stm32f40_41xxx.o(.text)
    EXTI9_5_IRQHandler                       0x080002a7   Thumb Code     0  startup_stm32f40_41xxx.o(.text)
    FLASH_IRQHandler                         0x080002a7   Thumb Code     0  startup_stm32f40_41xxx.o(.text)
    FPU_IRQHandler                           0x080002a7   Thumb Code     0  startup_stm32f40_41xxx.o(.text)
    FSMC_IRQHandler                          0x080002a7   Thumb Code     0  startup_stm32f40_41xxx.o(.text)
    HASH_RNG_IRQHandler                      0x080002a7   Thumb Code     0  startup_stm32f40_41xxx.o(.text)
    I2C1_ER_IRQHandler                       0x080002a7   Thumb Code     0  startup_stm32f40_41xxx.o(.text)
    I2C1_EV_IRQHandler                       0x080002a7   Thumb Code     0  startup_stm32f40_41xxx.o(.text)
    I2C2_ER_IRQHandler                       0x080002a7   Thumb Code     0  startup_stm32f40_41xxx.o(.text)
    I2C2_EV_IRQHandler                       0x080002a7   Thumb Code     0  startup_stm32f40_41xxx.o(.text)
    I2C3_ER_IRQHandler                       0x080002a7   Thumb Code     0  startup_stm32f40_41xxx.o(.text)
    I2C3_EV_IRQHandler                       0x080002a7   Thumb Code     0  startup_stm32f40_41xxx.o(.text)
    OTG_FS_WKUP_IRQHandler                   0x080002a7   Thumb Code     0  startup_stm32f40_41xxx.o(.text)
    OTG_HS_EP1_IN_IRQHandler                 0x080002a7   Thumb Code     0  startup_stm32f40_41xxx.o(.text)
    OTG_HS_EP1_OUT_IRQHandler                0x080002a7   Thumb Code     0  startup_stm32f40_41xxx.o(.text)
    OTG_HS_IRQHandler                        0x080002a7   Thumb Code     0  startup_stm32f40_41xxx.o(.text)
    OTG_HS_WKUP_IRQHandler                   0x080002a7   Thumb Code     0  startup_stm32f40_41xxx.o(.text)
    PVD_IRQHandler                           0x080002a7   Thumb Code     0  startup_stm32f40_41xxx.o(.text)
    RCC_IRQHandler                           0x080002a7   Thumb Code     0  startup_stm32f40_41xxx.o(.text)
    RTC_Alarm_IRQHandler                     0x080002a7   Thumb Code     0  startup_stm32f40_41xxx.o(.text)
    RTC_WKUP_IRQHandler                      0x080002a7   Thumb Code     0  startup_stm32f40_41xxx.o(.text)
    SPI1_IRQHandler                          0x080002a7   Thumb Code     0  startup_stm32f40_41xxx.o(.text)
    SPI2_IRQHandler                          0x080002a7   Thumb Code     0  startup_stm32f40_41xxx.o(.text)
    SPI3_IRQHandler                          0x080002a7   Thumb Code     0  startup_stm32f40_41xxx.o(.text)
    TAMP_STAMP_IRQHandler                    0x080002a7   Thumb Code     0  startup_stm32f40_41xxx.o(.text)
    TIM1_BRK_TIM9_IRQHandler                 0x080002a7   Thumb Code     0  startup_stm32f40_41xxx.o(.text)
    TIM1_CC_IRQHandler                       0x080002a7   Thumb Code     0  startup_stm32f40_41xxx.o(.text)
    TIM1_TRG_COM_TIM11_IRQHandler            0x080002a7   Thumb Code     0  startup_stm32f40_41xxx.o(.text)
    TIM1_UP_TIM10_IRQHandler                 0x080002a7   Thumb Code     0  startup_stm32f40_41xxx.o(.text)
    TIM2_IRQHandler                          0x080002a7   Thumb Code     0  startup_stm32f40_41xxx.o(.text)
    TIM3_IRQHandler                          0x080002a7   Thumb Code     0  startup_stm32f40_41xxx.o(.text)
    TIM4_IRQHandler                          0x080002a7   Thumb Code     0  startup_stm32f40_41xxx.o(.text)
    TIM5_IRQHandler                          0x080002a7   Thumb Code     0  startup_stm32f40_41xxx.o(.text)
    TIM6_DAC_IRQHandler                      0x080002a7   Thumb Code     0  startup_stm32f40_41xxx.o(.text)
    TIM7_IRQHandler                          0x080002a7   Thumb Code     0  startup_stm32f40_41xxx.o(.text)
    TIM8_BRK_TIM12_IRQHandler                0x080002a7   Thumb Code     0  startup_stm32f40_41xxx.o(.text)
    TIM8_CC_IRQHandler                       0x080002a7   Thumb Code     0  startup_stm32f40_41xxx.o(.text)
    TIM8_TRG_COM_TIM14_IRQHandler            0x080002a7   Thumb Code     0  startup_stm32f40_41xxx.o(.text)
    TIM8_UP_TIM13_IRQHandler                 0x080002a7   Thumb Code     0  startup_stm32f40_41xxx.o(.text)
    UART4_IRQHandler                         0x080002a7   Thumb Code     0  startup_stm32f40_41xxx.o(.text)
    UART5_IRQHandler                         0x080002a7   Thumb Code     0  startup_stm32f40_41xxx.o(.text)
    WWDG_IRQHandler                          0x080002a7   Thumb Code     0  startup_stm32f40_41xxx.o(.text)
    __user_initial_stackheap                 0x080002a9   Thumb Code     0  startup_stm32f40_41xxx.o(.text)
    rt_hw_interrupt_disable                  0x080002cd   Thumb Code     8  context_rvds.o(.text)
    rt_hw_interrupt_enable                   0x080002d5   Thumb Code     6  context_rvds.o(.text)
    rt_hw_context_switch                     0x080002db   Thumb Code    32  context_rvds.o(.text)
    rt_hw_context_switch_interrupt           0x080002db   Thumb Code     0  context_rvds.o(.text)
    PendSV_Handler                           0x080002fb   Thumb Code   108  context_rvds.o(.text)
    rt_hw_context_switch_to                  0x08000367   Thumb Code    68  context_rvds.o(.text)
    rt_hw_interrupt_thread_switch            0x080003ab   Thumb Code     2  context_rvds.o(.text)
    HardFault_Handler                        0x080003ad   Thumb Code    20  context_rvds.o(.text)
    __2sprintf                               0x080003d9   Thumb Code    34  noretval__2sprintf.o(.text)
    _printf_pre_padding                      0x08000401   Thumb Code    44  _printf_pad.o(.text)
    _printf_post_padding                     0x0800042d   Thumb Code    34  _printf_pad.o(.text)
    _printf_int_dec                          0x08000451   Thumb Code   104  _printf_dec.o(.text)
    __printf                                 0x080004c9   Thumb Code   308  __printf_flags_wp.o(.text)
    __use_two_region_memory                  0x08000601   Thumb Code     2  heapauxi.o(.text)
    __rt_heap_escrow$2region                 0x08000603   Thumb Code     2  heapauxi.o(.text)
    __rt_heap_expand$2region                 0x08000605   Thumb Code     2  heapauxi.o(.text)
    _printf_int_common                       0x08000607   Thumb Code   178  _printf_intcommon.o(.text)
    _printf_char_common                      0x080006c3   Thumb Code    32  _printf_char_common.o(.text)
    _sputc                                   0x080006e9   Thumb Code    10  _sputc.o(.text)
    __user_libspace                          0x080006f5   Thumb Code     8  libspace.o(.text)
    __user_perproc_libspace                  0x080006f5   Thumb Code     0  libspace.o(.text)
    __user_perthread_libspace                0x080006f5   Thumb Code     0  libspace.o(.text)
    __user_setup_stackheap                   0x080006fd   Thumb Code    74  sys_stackheap_outer.o(.text)
    exit                                     0x08000747   Thumb Code    12  exit.o(.text)
    _sys_exit                                0x08000755   Thumb Code     8  sys_exit.o(.text)
    __I$use$semihosting                      0x08000761   Thumb Code     0  use_no_semi.o(.text)
    __use_no_semihosting_swi                 0x08000761   Thumb Code     2  use_no_semi.o(.text)
    __semihosting_library_function           0x08000763   Thumb Code     0  indicate_semi.o(.text)
    main                                     0x08000763   Thumb Code    14  components.o(i.$Sub$$main)
    AHRS_Init                                0x08000811   Thumb Code    16  ahrs.o(i.AHRS_Init)
    AHRS_data_analys                         0x08000821   Thumb Code   618  ahrs.o(i.AHRS_data_analys)
    BusFault_Handler                         0x08000abd   Thumb Code     4  stm32f4xx_it.o(i.BusFault_Handler)
    CmdResp1Error                            0x08000ac1   Thumb Code    94  sd.o(i.CmdResp1Error)
    DMA2_Stream6_IRQHandler                  0x08000b25   Thumb Code    50  sonar.o(i.DMA2_Stream6_IRQHandler)
    DMA2_Stream7_IRQHandler                  0x08000b65   Thumb Code    42  ahrs.o(i.DMA2_Stream7_IRQHandler)
    DMA_ClearFlag                            0x08000b9d   Thumb Code    38  stm32f4xx_dma.o(i.DMA_ClearFlag)
    DMA_Cmd                                  0x08000bd1   Thumb Code    22  stm32f4xx_dma.o(i.DMA_Cmd)
    DMA_DeInit                               0x08000be9   Thumb Code   324  stm32f4xx_dma.o(i.DMA_DeInit)
    DMA_GetCmdStatus                         0x08000d41   Thumb Code    20  stm32f4xx_dma.o(i.DMA_GetCmdStatus)
    DMA_GetCurrDataCounter                   0x08000d55   Thumb Code     8  stm32f4xx_dma.o(i.DMA_GetCurrDataCounter)
    DMA_GetITStatus                          0x08000d5d   Thumb Code    82  stm32f4xx_dma.o(i.DMA_GetITStatus)
    DMA_ITConfig                             0x08000dc1   Thumb Code    58  stm32f4xx_dma.o(i.DMA_ITConfig)
    DMA_Init                                 0x08000dfd   Thumb Code    82  stm32f4xx_dma.o(i.DMA_Init)
    DMA_SetCurrDataCounter                   0x08000e55   Thumb Code     4  stm32f4xx_dma.o(i.DMA_SetCurrDataCounter)
    DebugMon_Handler                         0x08000e59   Thumb Code     2  stm32f4xx_it.o(i.DebugMon_Handler)
    EXTI2_IRQHandler                         0x08000e5d   Thumb Code   384  wk2124.o(i.EXTI2_IRQHandler)
    EXTI_ClearITPendingBit                   0x08001001   Thumb Code     6  stm32f4xx_exti.o(i.EXTI_ClearITPendingBit)
    GPIO_Init                                0x0800100d   Thumb Code   144  stm32f4xx_gpio.o(i.GPIO_Init)
    GPIO_PinAFConfig                         0x0800109d   Thumb Code    70  stm32f4xx_gpio.o(i.GPIO_PinAFConfig)
    GPIO_SetBits                             0x080010e3   Thumb Code     4  stm32f4xx_gpio.o(i.GPIO_SetBits)
    LED_Init                                 0x080010e9   Thumb Code    58  led.o(i.LED_Init)
    MemManage_Handler                        0x08001129   Thumb Code     4  stm32f4xx_it.o(i.MemManage_Handler)
    NMI_Handler                              0x0800112d   Thumb Code     2  stm32f4xx_it.o(i.NMI_Handler)
    NVIC_Init                                0x08001131   Thumb Code   106  misc.o(i.NVIC_Init)
    NVIC_PriorityGroupConfig                 0x080011a9   Thumb Code    10  misc.o(i.NVIC_PriorityGroupConfig)
    OTG_FS_IRQHandler                        0x080011bd   Thumb Code    18  usbh_usr.o(i.OTG_FS_IRQHandler)
    RCC_AHB1PeriphClockCmd                   0x080011d5   Thumb Code    26  stm32f4xx_rcc.o(i.RCC_AHB1PeriphClockCmd)
    RCC_APB1PeriphClockCmd                   0x080011f5   Thumb Code    26  stm32f4xx_rcc.o(i.RCC_APB1PeriphClockCmd)
    RCC_APB1PeriphResetCmd                   0x08001215   Thumb Code    26  stm32f4xx_rcc.o(i.RCC_APB1PeriphResetCmd)
    RCC_APB2PeriphClockCmd                   0x08001235   Thumb Code    26  stm32f4xx_rcc.o(i.RCC_APB2PeriphClockCmd)
    RCC_APB2PeriphResetCmd                   0x08001255   Thumb Code    26  stm32f4xx_rcc.o(i.RCC_APB2PeriphResetCmd)
    RCC_GetClocksFreq                        0x08001275   Thumb Code   214  stm32f4xx_rcc.o(i.RCC_GetClocksFreq)
    SDIO_ClearFlag                           0x0800135d   Thumb Code     6  stm32f4xx_sdio.o(i.SDIO_ClearFlag)
    SDIO_GetFlagStatus                       0x08001369   Thumb Code    20  stm32f4xx_sdio.o(i.SDIO_GetFlagStatus)
    SDIO_IRQHandler                          0x08001381   Thumb Code    16  sd.o(i.SDIO_IRQHandler)
    SDIO_SendCommand                         0x08001391   Thumb Code    40  stm32f4xx_sdio.o(i.SDIO_SendCommand)
    SD_ProcessIRQSrc                         0x080013bd   Thumb Code   318  sd.o(i.SD_ProcessIRQSrc)
    SPI_I2S_GetFlagStatus                    0x08001511   Thumb Code    18  stm32f4xx_spi.o(i.SPI_I2S_GetFlagStatus)
    SPI_I2S_ReceiveData                      0x08001523   Thumb Code     6  stm32f4xx_spi.o(i.SPI_I2S_ReceiveData)
    SPI_I2S_SendData                         0x08001529   Thumb Code     4  stm32f4xx_spi.o(i.SPI_I2S_SendData)
    SVC_Handler                              0x0800152d   Thumb Code     2  stm32f4xx_it.o(i.SVC_Handler)
    SysTick_Handler                          0x08001739   Thumb Code    16  board.o(i.SysTick_Handler)
    SystemCoreClockUpdate                    0x08001749   Thumb Code   170  system_stm32f4xx.o(i.SystemCoreClockUpdate)
    SystemInit                               0x08001809   Thumb Code    88  system_stm32f4xx.o(i.SystemInit)
    Test_AHRS_USART1                         0x08001871   Thumb Code   272  test.o(i.Test_AHRS_USART1)
    USART1_IRQHandler                        0x08001a3d   Thumb Code    20  ahrs.o(i.USART1_IRQHandler)
    USART2_IRQHandler                        0x08001b29   Thumb Code   106  altimeter.o(i.USART2_IRQHandler)
    USART3_IRQHandler                        0x08001bb1   Thumb Code    92  ctd48m.o(i.USART3_IRQHandler)
    USART6_IRQHandler                        0x08001c21   Thumb Code    26  sonar.o(i.USART6_IRQHandler)
    USART_Cmd                                0x08001c45   Thumb Code    24  stm32f4xx_usart.o(i.USART_Cmd)
    USART_DMACmd                             0x08001c5d   Thumb Code    18  stm32f4xx_usart.o(i.USART_DMACmd)
    USART_DeInit                             0x08001c71   Thumb Code   206  stm32f4xx_usart.o(i.USART_DeInit)
    USART_GetFlagStatus                      0x08001d61   Thumb Code    26  stm32f4xx_usart.o(i.USART_GetFlagStatus)
    USART_GetITStatus                        0x08001d7b   Thumb Code    84  stm32f4xx_usart.o(i.USART_GetITStatus)
    USART_ITConfig                           0x08001dcf   Thumb Code    74  stm32f4xx_usart.o(i.USART_ITConfig)
    USART_Init                               0x08001e19   Thumb Code   204  stm32f4xx_usart.o(i.USART_Init)
    USART_SendData                           0x08001eed   Thumb Code     8  stm32f4xx_usart.o(i.USART_SendData)
    USBH_Connected                           0x08001ef5   Thumb Code    12  usbh_core.o(i.USBH_Connected)
    USBH_Disconnected                        0x08001f01   Thumb Code    12  usbh_core.o(i.USBH_Disconnected)
    USBH_OTG_ISR_Handler                     0x08001f0d   Thumb Code   168  usb_hcd_int.o(i.USBH_OTG_ISR_Handler)
    USBH_SOF                                 0x08001fb5   Thumb Code     6  usbh_core.o(i.USBH_SOF)
    USB_OTG_BSP_mDelay                       0x08001fbb   Thumb Code    28  usb_bsp.o(i.USB_OTG_BSP_mDelay)
    USB_OTG_GetMode                          0x08001fd7   Thumb Code    12  usb_core.o(i.USB_OTG_GetMode)
    USB_OTG_HC_DoPing                        0x08001fe3   Thumb Code    90  usb_core.o(i.USB_OTG_HC_DoPing)
    USB_OTG_HC_Halt                          0x0800203d   Thumb Code   130  usb_core.o(i.USB_OTG_HC_Halt)
    USB_OTG_InitFSLSPClkSel                  0x080020bf   Thumb Code    24  usb_core.o(i.USB_OTG_InitFSLSPClkSel)
    USB_OTG_IsHostMode                       0x080020d7   Thumb Code    20  usb_core.o(i.USB_OTG_IsHostMode)
    USB_OTG_ReadCoreItr                      0x080020eb   Thumb Code    16  usb_core.o(i.USB_OTG_ReadCoreItr)
    USB_OTG_ReadHPRT0                        0x080020fb   Thumb Code    48  usb_core.o(i.USB_OTG_ReadHPRT0)
    USB_OTG_ReadHostAllChannels_intr         0x0800212b   Thumb Code     8  usb_core.o(i.USB_OTG_ReadHostAllChannels_intr)
    USB_OTG_ReadPacket                       0x08002133   Thumb Code    40  usb_core.o(i.USB_OTG_ReadPacket)
    USB_OTG_ResetPort                        0x0800215b   Thumb Code    64  usb_core.o(i.USB_OTG_ResetPort)
    USB_OTG_WritePacket                      0x08002f6d   Thumb Code    64  usb_core.o(i.USB_OTG_WritePacket)
    UsageFault_Handler                       0x08002fad   Thumb Code     4  stm32f4xx_it.o(i.UsageFault_Handler)
    WK2124_FIFO_RST                          0x08002fb1   Thumb Code    46  wk2124.o(i.WK2124_FIFO_RST)
    WK2124_ReadWriteByte                     0x08002fe1   Thumb Code    50  wk2124.o(i.WK2124_ReadWriteByte)
    WK2124_USART_Ctr                         0x08003019   Thumb Code    68  wk2124.o(i.WK2124_USART_Ctr)
    WK2124_read_FIFO                         0x0800305d   Thumb Code    84  wk2124.o(i.WK2124_read_FIFO)
    WK2124_read_reg                          0x080030b5   Thumb Code    78  wk2124.o(i.WK2124_read_reg)
    WK2124_write_reg                         0x08003111   Thumb Code    62  wk2124.o(i.WK2124_write_reg)
    __rt_ffs                                 0x08003189   Thumb Code    70  kservice.o(i.__rt_ffs)
    _is_digit                                0x080031e9   Thumb Code    14  __printf_wp.o(i._is_digit)
    delay_init                               0x08003381   Thumb Code    22  delay.o(i.delay_init)
    delay_ms                                 0x080033a9   Thumb Code   152  delay.o(i.delay_ms)
    delay_osschedlock                        0x0800344d   Thumb Code     8  delay.o(i.delay_osschedlock)
    delay_osschedunlock                      0x08003455   Thumb Code     8  delay.o(i.delay_osschedunlock)
    delay_us                                 0x0800345d   Thumb Code    84  delay.o(i.delay_us)
    $Super$$main                             0x08003529   Thumb Code   144  main.o(i.main)
    main_thread_entry                        0x080035ed   Thumb Code    14  components.o(i.main_thread_entry)
    rt_application_init                      0x08003801   Thumb Code    34  components.o(i.rt_application_init)
    rt_components_board_init                 0x08003831   Thumb Code    20  components.o(i.rt_components_board_init)
    rt_components_init                       0x0800384d   Thumb Code    20  components.o(i.rt_components_init)
    rt_enter_critical                        0x08003869   Thumb Code    28  scheduler.o(i.rt_enter_critical)
    rt_exit_critical                         0x08003889   Thumb Code    54  scheduler.o(i.rt_exit_critical)
    rt_free                                  0x080038c5   Thumb Code    98  mem.o(i.rt_free)
    rt_hw_board_init                         0x0800394d   Thumb Code    74  board.o(i.rt_hw_board_init)
    rt_hw_console_output                     0x080039a1   Thumb Code    78  print_uart.o(i.rt_hw_console_output)
    rt_hw_hard_fault_exception               0x080039f5   Thumb Code   108  cpuport.o(i.rt_hw_hard_fault_exception)
    rt_hw_stack_init                         0x08003b01   Thumb Code    74  cpuport.o(i.rt_hw_stack_init)
    rt_interrupt_enter                       0x08003b51   Thumb Code    26  irq.o(i.rt_interrupt_enter)
    rt_interrupt_leave                       0x08003b71   Thumb Code    26  irq.o(i.rt_interrupt_leave)
    rt_kprintf                               0x08003c21   Thumb Code    44  kservice.o(i.rt_kprintf)
    rt_malloc                                0x08003ce1   Thumb Code   336  mem.o(i.rt_malloc)
    rt_memcpy                                0x08003e4d   Thumb Code   124  kservice.o(i.rt_memcpy)
    rt_memset                                0x08003ec9   Thumb Code    72  kservice.o(i.rt_memset)
    rt_object_allocate                       0x08003f11   Thumb Code    72  object.o(i.rt_object_allocate)
    rt_object_delete                         0x08003f5d   Thumb Code    32  object.o(i.rt_object_delete)
    rt_object_detach                         0x08003f7d   Thumb Code    26  object.o(i.rt_object_detach)
    rt_object_init                           0x08003f99   Thumb Code    58  object.o(i.rt_object_init)
    rt_object_is_systemobject                0x08003fd9   Thumb Code    18  object.o(i.rt_object_is_systemobject)
    rt_schedule                              0x08003fed   Thumb Code    98  scheduler.o(i.rt_schedule)
    rt_schedule_insert_thread                0x08004069   Thumb Code    64  scheduler.o(i.rt_schedule_insert_thread)
    rt_schedule_remove_thread                0x080040b1   Thumb Code    76  scheduler.o(i.rt_schedule_remove_thread)
    rt_sem_init                              0x08004105   Thumb Code    38  ipc.o(i.rt_sem_init)
    rt_sem_release                           0x0800412b   Thumb Code    58  ipc.o(i.rt_sem_release)
    rt_sem_take                              0x08004165   Thumb Code   116  ipc.o(i.rt_sem_take)
    rt_show_version                          0x080041d9   Thumb Code    38  kservice.o(i.rt_show_version)
    rt_strlen                                0x08004289   Thumb Code    18  kservice.o(i.rt_strlen)
    rt_strncpy                               0x0800429b   Thumb Code    52  kservice.o(i.rt_strncpy)
    rt_system_heap_init                      0x080042d1   Thumb Code   160  mem.o(i.rt_system_heap_init)
    rt_system_scheduler_init                 0x080043c9   Thumb Code    52  scheduler.o(i.rt_system_scheduler_init)
    rt_system_scheduler_start                0x08004415   Thumb Code    36  scheduler.o(i.rt_system_scheduler_start)
    rt_system_timer_init                     0x08004445   Thumb Code    24  timer.o(i.rt_system_timer_init)
    rt_system_timer_thread_init              0x08004461   Thumb Code     2  timer.o(i.rt_system_timer_thread_init)
    rt_thread_create                         0x08004463   Thumb Code    80  thread.o(i.rt_thread_create)
    rt_thread_delay                          0x080044b3   Thumb Code    12  thread.o(i.rt_thread_delay)
    rt_thread_exit                           0x080044c1   Thumb Code    76  thread.o(i.rt_thread_exit)
    rt_thread_idle_excute                    0x0800451d   Thumb Code   114  idle.o(i.rt_thread_idle_excute)
    rt_thread_idle_init                      0x08004595   Thumb Code    38  idle.o(i.rt_thread_idle_init)
    rt_thread_init                           0x080045d1   Thumb Code    52  thread.o(i.rt_thread_init)
    rt_thread_resume                         0x08004605   Thumb Code    56  thread.o(i.rt_thread_resume)
    rt_thread_self                           0x0800463d   Thumb Code     6  thread.o(i.rt_thread_self)
    rt_thread_sleep                          0x08004649   Thumb Code    62  thread.o(i.rt_thread_sleep)
    rt_thread_startup                        0x0800468d   Thumb Code    44  thread.o(i.rt_thread_startup)
    rt_thread_suspend                        0x080046b9   Thumb Code    54  thread.o(i.rt_thread_suspend)
    rt_thread_timeout                        0x080046ef   Thumb Code    32  thread.o(i.rt_thread_timeout)
    rt_thread_yield                          0x08004711   Thumb Code    88  thread.o(i.rt_thread_yield)
    rt_tick_get                              0x08004771   Thumb Code     6  clock.o(i.rt_tick_get)
    rt_tick_increase                         0x0800477d   Thumb Code    42  clock.o(i.rt_tick_increase)
    rt_timer_check                           0x080047ad   Thumb Code   118  timer.o(i.rt_timer_check)
    rt_timer_control                         0x08004829   Thumb Code    56  timer.o(i.rt_timer_control)
    rt_timer_detach                          0x08004861   Thumb Code    32  timer.o(i.rt_timer_detach)
    rt_timer_init                            0x08004881   Thumb Code    46  timer.o(i.rt_timer_init)
    rt_timer_start                           0x080048b1   Thumb Code   238  timer.o(i.rt_timer_start)
    rt_timer_stop                            0x080049a9   Thumb Code    48  timer.o(i.rt_timer_stop)
    rt_vsnprintf                             0x080049d9   Thumb Code   800  kservice.o(i.rt_vsnprintf)
    rtthread_startup                         0x08004d0d   Thumb Code    42  components.o(i.rtthread_startup)
    uart4_init                               0x08004d5d   Thumb Code   122  print_uart.o(i.uart4_init)
    __fpl_dretinf                            0x08004de1   Thumb Code    12  dretinf.o(x$fpl$dretinf)
    __aeabi_f2d                              0x08004ded   Thumb Code     0  f2d.o(x$fpl$f2d)
    _f2d                                     0x08004ded   Thumb Code    86  f2d.o(x$fpl$f2d)
    __fpl_fnaninf                            0x08004e43   Thumb Code   140  fnaninf.o(x$fpl$fnaninf)
    _fp_init                                 0x08004ecf   Thumb Code    10  fpinit.o(x$fpl$fpinit)
    __fplib_config_fpu_vfp                   0x08004ed7   Thumb Code     0  fpinit.o(x$fpl$fpinit)
    __fplib_config_pureend_doubles           0x08004ed7   Thumb Code     0  fpinit.o(x$fpl$fpinit)
    __I$use$fp                               0x08004ed8   Number         0  usenofp.o(x$fpl$usenofp)
    __lowest_bit_bitmap                      0x08004ed8   Data         256  kservice.o(.constdata)
    __rt_init_rti_board_start                0x0800500c   Data           4  components.o(.rti_fn.0.end)
    __rt_init_rti_board_end                  0x08005010   Data           4  components.o(.rti_fn.1.end)
    __rt_init_rti_end                        0x08005014   Data           4  components.o(.rti_fn.6.end)
    Region$$Table$$Base                      0x08005018   Number         0  anon$$obj.o(Region$$Table)
    Region$$Table$$Limit                     0x08005058   Number         0  anon$$obj.o(Region$$Table)
    SystemCoreClock                          0x10000000   Data           4  system_stm32f4xx.o(.data)
    AHBPrescTable                            0x10000004   Data          16  system_stm32f4xx.o(.data)
    rt_interrupt_from_thread                 0x10000028   Data           4  cpuport.o(.data)
    rt_interrupt_to_thread                   0x1000002c   Data           4  cpuport.o(.data)
    rt_thread_switch_interrupt_flag          0x10000030   Data           4  cpuport.o(.data)
    rt_object_container                      0x10000050   Data          80  object.o(.data)
    rt_current_thread                        0x100000a4   Data           4  scheduler.o(.data)
    rt_current_priority                      0x100000a8   Data           1  scheduler.o(.data)
    rt_thread_ready_priority_group           0x100000ac   Data           4  scheduler.o(.data)
    rt_thread_defunct                        0x100000b0   Data           8  scheduler.o(.data)
    rt_thread_priority_table                 0x100002e4   Data         240  scheduler.o(.bss)
    sd_cnt                                   0x20000000   Data           2  main.o(.data)
    ahrs_rev_flag                            0x20000004   Data           1  ahrs.o(.data)
    USART1_Tx_Flag                           0x20000005   Data           1  ahrs.o(.data)
    USART1_RX_STA                            0x20000006   Data           2  ahrs.o(.data)
    conver                                   0x20000008   Data           4  ahrs.o(.data)
    RS485_Rx_Len                             0x2000000c   Data           2  altimeter.o(.data)
    USART2_RX_STA                            0x2000000e   Data           2  altimeter.o(.data)
    altimer_rev_flag                         0x20000010   Data           1  altimeter.o(.data)
    fish_altitude                            0x20000014   Data           4  altimeter.o(.data)
    CTD48M_rev_flag                          0x20000018   Data           1  ctd48m.o(.data)
    USART3_RX_STA                            0x2000001a   Data           2  ctd48m.o(.data)
    sample_data                              0x2000001c   Data           6  ctd48m.o(.data)
    OSRunning                                0x2000002c   Data           1  delay.o(.data)
    TransferError                            0x2000003a   Data           1  sd.o(.data)
    TransferEnd                              0x2000003b   Data           1  sd.o(.data)
    tempbuff                                 0x2000003c   Data           4  sd.o(.data)
    uart_RST_Flag                            0x20000040   Data           4  wk2124.o(.data)
    WK2124_Rev_Flag                          0x20000044   Data           4  wk2124.o(.data)
    RNSS_rev_cnt                             0x20000048   Data           2  wk2124.o(.data)
    RNSS_FIFO_cnt                            0x2000004a   Data           1  wk2124.o(.data)
    Sonar_Tx_Flag                            0x2000004c   Data           1  sonar.o(.data)
    Sonar_Rx_Len                             0x2000004e   Data           2  sonar.o(.data)
    Sonar_DMA_index                          0x20000050   Data           2  sonar.o(.data)
    USBH_HCD_INT_cb                          0x20000054   Data          12  usbh_core.o(.data)
    USBH_HCD_INT_fops                        0x20000060   Data           4  usbh_core.o(.data)
    rt_interrupt_nest                        0x20000066   Data           1  irq.o(.data)
    wr_data                                  0x20000968   Data          30  main.o(.bss)
    USB_Host                                 0x20000988   Data         148  main.o(.bss)
    USB_OTG_Core                             0x20000a1c   Data        1452  main.o(.bss)
    AHRS_RxBuf                               0x20000fc8   Data          48  ahrs.o(.bss)
    AHRS_TxBuf                               0x20000ff8   Data          48  ahrs.o(.bss)
    attitude_data                            0x20001028   Data          14  ahrs.o(.bss)
    angleRate_data                           0x20001036   Data          14  ahrs.o(.bss)
    accRate_data                             0x20001044   Data          14  ahrs.o(.bss)
    attitude                                 0x20001054   Data          12  ahrs.o(.bss)
    angRate                                  0x20001060   Data          12  ahrs.o(.bss)
    accRate                                  0x2000106c   Data          12  ahrs.o(.bss)
    alti_DMA_Rx_Buf                          0x20001078   Data          16  altimeter.o(.bss)
    altitude                                 0x20001088   Data          16  altimeter.o(.bss)
    CTD_RxBuf                                0x20001098   Data          32  ctd48m.o(.bss)
    CTD_Final_Val                            0x200010b8   Data          12  ctd48m.o(.bss)
    SDIO_InitStructure                       0x200010c8   Data          24  sd.o(.bss)
    SDIO_CmdInitStructure                    0x200010e0   Data          20  sd.o(.bss)
    SDIO_DataInitStructure                   0x200010f4   Data          24  sd.o(.bss)
    SDCardInfo                               0x20001130   Data          88  sd.o(.bss)
    SDIO_DATA_BUFFER                         0x20001188   Data         512  sd.o(.bss)
    Sonar_RxBuf                              0x20001588   Data         512  sonar.o(.bss)
    Sonar_TxBuf                              0x20001788   Data         512  sonar.o(.bss)
    senor_rev_sem                            0x20001988   Data          32  sonar.o(.bss)
    sonar_samp_data                          0x200019a8   Data        4500  sonar.o(.bss)
    scan_result                              0x20002b3c   Data         180  sonar.o(.bss)
    BD_raw_data                              0x20002bf0   Data         512  bd_rnss.o(.bss)
    RNSS_rev_sem                             0x20002df0   Data          32  bd_rnss.o(.bss)
    RDSS_TX_buf                              0x20002e10   Data          78  bd_rdss.o(.bss)
    RDSS_REV_buf                             0x20002e5e   Data          78  bd_rdss.o(.bss)
    RF_Rev_Buf                               0x20002eac   Data          62  rf.o(.bss)
    __libspace_start                         0x20004eec   Data          96  libspace.o(.bss)
    __temporary_stack_top$libspace           0x20004f4c   Data           0  libspace.o(.bss)



==============================================================================

Memory Map of the image

  Image Entry point : 0x08000189

  Load Region LR_IROM1 (Base: 0x08000000, Size: 0x00005184, Max: 0x00100000, ABSOLUTE)

    Execution Region ER_IROM1 (Base: 0x08000000, Size: 0x00005058, Max: 0x00100000, ABSOLUTE)

    Base Addr    Size         Type   Attr      Idx    E Section Name        Object

    0x08000000   0x00000188   Data   RO         1475    RESET               startup_stm32f40_41xxx.o
    0x08000188   0x00000008   Code   RO         6284  * !!!main             c_w.l(__main.o)
    0x08000190   0x00000034   Code   RO         6685    !!!scatter          c_w.l(__scatter.o)
    0x080001c4   0x0000005a   Code   RO         6683    !!dczerorl2         c_w.l(__dczerorl2.o)
    0x0800021e   0x00000002   PAD
    0x08000220   0x0000001a   Code   RO         6687    !!handler_copy      c_w.l(__scatter_copy.o)
    0x0800023a   0x00000002   PAD
    0x0800023c   0x0000001c   Code   RO         6689    !!handler_zi        c_w.l(__scatter_zi.o)
    0x08000258   0x00000000   Code   RO         6275    .ARM.Collect$$_printf_percent$$00000000  c_w.l(_printf_percent.o)
    0x08000258   0x00000006   Code   RO         6274    .ARM.Collect$$_printf_percent$$00000009  c_w.l(_printf_d.o)
    0x0800025e   0x00000004   Code   RO         6357    .ARM.Collect$$_printf_percent$$00000017  c_w.l(_printf_percent_end.o)
    0x08000262   0x00000002   Code   RO         6520    .ARM.Collect$$libinit$$00000000  c_w.l(libinit.o)
    0x08000264   0x00000004   Code   RO         6450    .ARM.Collect$$libinit$$00000001  c_w.l(libinit2.o)
    0x08000268   0x00000000   Code   RO         6453    .ARM.Collect$$libinit$$00000004  c_w.l(libinit2.o)
    0x08000268   0x00000000   Code   RO         6456    .ARM.Collect$$libinit$$0000000A  c_w.l(libinit2.o)
    0x08000268   0x00000000   Code   RO         6458    .ARM.Collect$$libinit$$0000000C  c_w.l(libinit2.o)
    0x08000268   0x00000000   Code   RO         6460    .ARM.Collect$$libinit$$0000000E  c_w.l(libinit2.o)
    0x08000268   0x00000000   Code   RO         6463    .ARM.Collect$$libinit$$00000011  c_w.l(libinit2.o)
    0x08000268   0x00000000   Code   RO         6465    .ARM.Collect$$libinit$$00000013  c_w.l(libinit2.o)
    0x08000268   0x00000000   Code   RO         6467    .ARM.Collect$$libinit$$00000015  c_w.l(libinit2.o)
    0x08000268   0x00000000   Code   RO         6469    .ARM.Collect$$libinit$$00000017  c_w.l(libinit2.o)
    0x08000268   0x00000000   Code   RO         6471    .ARM.Collect$$libinit$$00000019  c_w.l(libinit2.o)
    0x08000268   0x00000000   Code   RO         6473    .ARM.Collect$$libinit$$0000001B  c_w.l(libinit2.o)
    0x08000268   0x00000000   Code   RO         6475    .ARM.Collect$$libinit$$0000001D  c_w.l(libinit2.o)
    0x08000268   0x00000000   Code   RO         6477    .ARM.Collect$$libinit$$0000001F  c_w.l(libinit2.o)
    0x08000268   0x00000000   Code   RO         6479    .ARM.Collect$$libinit$$00000021  c_w.l(libinit2.o)
    0x08000268   0x00000000   Code   RO         6481    .ARM.Collect$$libinit$$00000023  c_w.l(libinit2.o)
    0x08000268   0x00000000   Code   RO         6483    .ARM.Collect$$libinit$$00000025  c_w.l(libinit2.o)
    0x08000268   0x00000000   Code   RO         6487    .ARM.Collect$$libinit$$0000002C  c_w.l(libinit2.o)
    0x08000268   0x00000000   Code   RO         6489    .ARM.Collect$$libinit$$0000002E  c_w.l(libinit2.o)
    0x08000268   0x00000000   Code   RO         6491    .ARM.Collect$$libinit$$00000030  c_w.l(libinit2.o)
    0x08000268   0x00000000   Code   RO         6493    .ARM.Collect$$libinit$$00000032  c_w.l(libinit2.o)
    0x08000268   0x00000002   Code   RO         6494    .ARM.Collect$$libinit$$00000033  c_w.l(libinit2.o)
    0x0800026a   0x00000002   Code   RO         6631    .ARM.Collect$$libshutdown$$00000000  c_w.l(libshutdown.o)
    0x0800026c   0x00000000   Code   RO         6654    .ARM.Collect$$libshutdown$$00000003  c_w.l(libshutdown2.o)
    0x0800026c   0x00000000   Code   RO         6657    .ARM.Collect$$libshutdown$$00000006  c_w.l(libshutdown2.o)
    0x0800026c   0x00000000   Code   RO         6660    .ARM.Collect$$libshutdown$$00000009  c_w.l(libshutdown2.o)
    0x0800026c   0x00000000   Code   RO         6662    .ARM.Collect$$libshutdown$$0000000B  c_w.l(libshutdown2.o)
    0x0800026c   0x00000000   Code   RO         6665    .ARM.Collect$$libshutdown$$0000000E  c_w.l(libshutdown2.o)
    0x0800026c   0x00000002   Code   RO         6666    .ARM.Collect$$libshutdown$$0000000F  c_w.l(libshutdown2.o)
    0x0800026e   0x00000000   Code   RO         6336    .ARM.Collect$$rtentry$$00000000  c_w.l(__rtentry.o)
    0x0800026e   0x00000000   Code   RO         6421    .ARM.Collect$$rtentry$$00000002  c_w.l(__rtentry2.o)
    0x0800026e   0x00000006   Code   RO         6433    .ARM.Collect$$rtentry$$00000004  c_w.l(__rtentry4.o)
    0x08000274   0x00000000   Code   RO         6423    .ARM.Collect$$rtentry$$00000009  c_w.l(__rtentry2.o)
    0x08000274   0x00000004   Code   RO         6424    .ARM.Collect$$rtentry$$0000000A  c_w.l(__rtentry2.o)
    0x08000278   0x00000000   Code   RO         6426    .ARM.Collect$$rtentry$$0000000C  c_w.l(__rtentry2.o)
    0x08000278   0x00000008   Code   RO         6427    .ARM.Collect$$rtentry$$0000000D  c_w.l(__rtentry2.o)
    0x08000280   0x00000002   Code   RO         6527    .ARM.Collect$$rtexit$$00000000  c_w.l(rtexit.o)
    0x08000282   0x00000000   Code   RO         6586    .ARM.Collect$$rtexit$$00000002  c_w.l(rtexit2.o)
    0x08000282   0x00000004   Code   RO         6587    .ARM.Collect$$rtexit$$00000003  c_w.l(rtexit2.o)
    0x08000286   0x00000006   Code   RO         6588    .ARM.Collect$$rtexit$$00000004  c_w.l(rtexit2.o)
    0x0800028c   0x00000040   Code   RO         1476    .text               startup_stm32f40_41xxx.o
    0x080002cc   0x0000010c   Code   RO         5100    .text               context_rvds.o
    0x080003d8   0x00000028   Code   RO         6246    .text               c_w.l(noretval__2sprintf.o)
    0x08000400   0x0000004e   Code   RO         6250    .text               c_w.l(_printf_pad.o)
    0x0800044e   0x00000002   PAD
    0x08000450   0x00000078   Code   RO         6252    .text               c_w.l(_printf_dec.o)
    0x080004c8   0x00000138   Code   RO         6266    .text               c_w.l(__printf_flags_wp.o)
    0x08000600   0x00000006   Code   RO         6282    .text               c_w.l(heapauxi.o)
    0x08000606   0x000000b2   Code   RO         6351    .text               c_w.l(_printf_intcommon.o)
    0x080006b8   0x00000030   Code   RO         6353    .text               c_w.l(_printf_char_common.o)
    0x080006e8   0x0000000a   Code   RO         6355    .text               c_w.l(_sputc.o)
    0x080006f2   0x00000002   PAD
    0x080006f4   0x00000008   Code   RO         6417    .text               c_w.l(libspace.o)
    0x080006fc   0x0000004a   Code   RO         6503    .text               c_w.l(sys_stackheap_outer.o)
    0x08000746   0x0000000c   Code   RO         6511    .text               c_w.l(exit.o)
    0x08000752   0x00000002   PAD
    0x08000754   0x0000000c   Code   RO         6616    .text               c_w.l(sys_exit.o)
    0x08000760   0x00000002   Code   RO         6618    .text               c_w.l(use_no_semi.o)
    0x08000762   0x00000000   Code   RO         6620    .text               c_w.l(indicate_semi.o)
    0x08000762   0x0000000e   Code   RO         5032    i.$Sub$$main        components.o
    0x08000770   0x000000a0   Code   RO          527    i.AHRS_DMA_Tx_Init  ahrs.o
    0x08000810   0x00000010   Code   RO          528    i.AHRS_Init         ahrs.o
    0x08000820   0x0000029c   Code   RO          530    i.AHRS_data_analys  ahrs.o
    0x08000abc   0x00000004   Code   RO          326    i.BusFault_Handler  stm32f4xx_it.o
    0x08000ac0   0x00000064   Code   RO          828    i.CmdResp1Error     sd.o
    0x08000b24   0x00000040   Code   RO         1154    i.DMA2_Stream6_IRQHandler  sonar.o
    0x08000b64   0x00000038   Code   RO          531    i.DMA2_Stream7_IRQHandler  ahrs.o
    0x08000b9c   0x00000034   Code   RO         2202    i.DMA_ClearFlag     stm32f4xx_dma.o
    0x08000bd0   0x00000016   Code   RO         2204    i.DMA_Cmd           stm32f4xx_dma.o
    0x08000be6   0x00000002   PAD
    0x08000be8   0x00000158   Code   RO         2205    i.DMA_DeInit        stm32f4xx_dma.o
    0x08000d40   0x00000014   Code   RO         2209    i.DMA_GetCmdStatus  stm32f4xx_dma.o
    0x08000d54   0x00000008   Code   RO         2210    i.DMA_GetCurrDataCounter  stm32f4xx_dma.o
    0x08000d5c   0x00000064   Code   RO         2214    i.DMA_GetITStatus   stm32f4xx_dma.o
    0x08000dc0   0x0000003a   Code   RO         2215    i.DMA_ITConfig      stm32f4xx_dma.o
    0x08000dfa   0x00000002   PAD
    0x08000dfc   0x00000058   Code   RO         2216    i.DMA_Init          stm32f4xx_dma.o
    0x08000e54   0x00000004   Code   RO         2219    i.DMA_SetCurrDataCounter  stm32f4xx_dma.o
    0x08000e58   0x00000002   Code   RO          327    i.DebugMon_Handler  stm32f4xx_it.o
    0x08000e5a   0x00000002   PAD
    0x08000e5c   0x000001a4   Code   RO         1060    i.EXTI2_IRQHandler  wk2124.o
    0x08001000   0x0000000c   Code   RO         2820    i.EXTI_ClearITPendingBit  stm32f4xx_exti.o
    0x0800100c   0x00000090   Code   RO         1527    i.GPIO_Init         stm32f4xx_gpio.o
    0x0800109c   0x00000046   Code   RO         1528    i.GPIO_PinAFConfig  stm32f4xx_gpio.o
    0x080010e2   0x00000004   Code   RO         1535    i.GPIO_SetBits      stm32f4xx_gpio.o
    0x080010e6   0x00000002   PAD
    0x080010e8   0x00000040   Code   RO         1359    i.LED_Init          led.o
    0x08001128   0x00000004   Code   RO          328    i.MemManage_Handler  stm32f4xx_it.o
    0x0800112c   0x00000002   Code   RO          329    i.NMI_Handler       stm32f4xx_it.o
    0x0800112e   0x00000002   PAD
    0x08001130   0x00000078   Code   RO         1482    i.NVIC_Init         misc.o
    0x080011a8   0x00000014   Code   RO         1483    i.NVIC_PriorityGroupConfig  misc.o
    0x080011bc   0x00000018   Code   RO         4206    i.OTG_FS_IRQHandler  usbh_usr.o
    0x080011d4   0x00000020   Code   RO         1624    i.RCC_AHB1PeriphClockCmd  stm32f4xx_rcc.o
    0x080011f4   0x00000020   Code   RO         1633    i.RCC_APB1PeriphClockCmd  stm32f4xx_rcc.o
    0x08001214   0x00000020   Code   RO         1635    i.RCC_APB1PeriphResetCmd  stm32f4xx_rcc.o
    0x08001234   0x00000020   Code   RO         1636    i.RCC_APB2PeriphClockCmd  stm32f4xx_rcc.o
    0x08001254   0x00000020   Code   RO         1638    i.RCC_APB2PeriphResetCmd  stm32f4xx_rcc.o
    0x08001274   0x000000e8   Code   RO         1645    i.RCC_GetClocksFreq  stm32f4xx_rcc.o
    0x0800135c   0x0000000c   Code   RO         2626    i.SDIO_ClearFlag    stm32f4xx_sdio.o
    0x08001368   0x00000018   Code   RO         2638    i.SDIO_GetFlagStatus  stm32f4xx_sdio.o
    0x08001380   0x00000010   Code   RO          837    i.SDIO_IRQHandler   sd.o
    0x08001390   0x0000002c   Code   RO         2646    i.SDIO_SendCommand  stm32f4xx_sdio.o
    0x080013bc   0x00000154   Code   RO          847    i.SD_ProcessIRQSrc  sd.o
    0x08001510   0x00000012   Code   RO         2475    i.SPI_I2S_GetFlagStatus  stm32f4xx_spi.o
    0x08001522   0x00000006   Code   RO         2478    i.SPI_I2S_ReceiveData  stm32f4xx_spi.o
    0x08001528   0x00000004   Code   RO         2479    i.SPI_I2S_SendData  stm32f4xx_spi.o
    0x0800152c   0x00000002   Code   RO          330    i.SVC_Handler       stm32f4xx_it.o
    0x0800152e   0x00000002   PAD
    0x08001530   0x00000068   Code   RO         1155    i.Senor_irq_rx_end  sonar.o
    0x08001598   0x0000002c   Code   RO         1156    i.Senor_irq_tx_end  sonar.o
    0x080015c4   0x000000ec   Code   RO          405    i.SetSysClock       system_stm32f4xx.o
    0x080016b0   0x00000088   Code   RO         1157    i.Sonar_DMA_Rx_Init  sonar.o
    0x08001738   0x00000010   Code   RO         5962    i.SysTick_Handler   board.o
    0x08001748   0x000000c0   Code   RO          406    i.SystemCoreClockUpdate  system_stm32f4xx.o
    0x08001808   0x00000068   Code   RO          407    i.SystemInit        system_stm32f4xx.o
    0x08001870   0x000001cc   Code   RO          448    i.Test_AHRS_USART1  test.o
    0x08001a3c   0x00000014   Code   RO          532    i.USART1_IRQHandler  ahrs.o
    0x08001a50   0x000000d8   Code   RO          533    i.USART1_Init       ahrs.o
    0x08001b28   0x00000088   Code   RO          603    i.USART2_IRQHandler  altimeter.o
    0x08001bb0   0x00000070   Code   RO          659    i.USART3_IRQHandler  ctd48m.o
    0x08001c20   0x00000024   Code   RO         1163    i.USART6_IRQHandler  sonar.o
    0x08001c44   0x00000018   Code   RO         2018    i.USART_Cmd         stm32f4xx_usart.o
    0x08001c5c   0x00000012   Code   RO         2019    i.USART_DMACmd      stm32f4xx_usart.o
    0x08001c6e   0x00000002   PAD
    0x08001c70   0x000000f0   Code   RO         2020    i.USART_DeInit      stm32f4xx_usart.o
    0x08001d60   0x0000001a   Code   RO         2021    i.USART_GetFlagStatus  stm32f4xx_usart.o
    0x08001d7a   0x00000054   Code   RO         2022    i.USART_GetITStatus  stm32f4xx_usart.o
    0x08001dce   0x0000004a   Code   RO         2024    i.USART_ITConfig    stm32f4xx_usart.o
    0x08001e18   0x000000d4   Code   RO         2025    i.USART_Init        stm32f4xx_usart.o
    0x08001eec   0x00000008   Code   RO         2035    i.USART_SendData    stm32f4xx_usart.o
    0x08001ef4   0x0000000c   Code   RO         3846    i.USBH_Connected    usbh_core.o
    0x08001f00   0x0000000c   Code   RO         3848    i.USBH_Disconnected  usbh_core.o
    0x08001f0c   0x000000a8   Code   RO         3617    i.USBH_OTG_ISR_Handler  usb_hcd_int.o
    0x08001fb4   0x00000006   Code   RO         3854    i.USBH_SOF          usbh_core.o
    0x08001fba   0x0000001c   Code   RO         4152    i.USB_OTG_BSP_mDelay  usb_bsp.o
    0x08001fd6   0x0000000c   Code   RO         3367    i.USB_OTG_GetMode   usb_core.o
    0x08001fe2   0x0000005a   Code   RO         3368    i.USB_OTG_HC_DoPing  usb_core.o
    0x0800203c   0x00000082   Code   RO         3369    i.USB_OTG_HC_Halt   usb_core.o
    0x080020be   0x00000018   Code   RO         3372    i.USB_OTG_InitFSLSPClkSel  usb_core.o
    0x080020d6   0x00000014   Code   RO         3375    i.USB_OTG_IsHostMode  usb_core.o
    0x080020ea   0x00000010   Code   RO         3376    i.USB_OTG_ReadCoreItr  usb_core.o
    0x080020fa   0x00000030   Code   RO         3377    i.USB_OTG_ReadHPRT0  usb_core.o
    0x0800212a   0x00000008   Code   RO         3378    i.USB_OTG_ReadHostAllChannels_intr  usb_core.o
    0x08002132   0x00000028   Code   RO         3380    i.USB_OTG_ReadPacket  usb_core.o
    0x0800215a   0x00000040   Code   RO         3381    i.USB_OTG_ResetPort  usb_core.o
    0x0800219a   0x00000002   PAD
    0x0800219c   0x0000002c   Code   RO         3618    i.USB_OTG_USBH_handle_Disconnect_ISR  usb_hcd_int.o
    0x080021c8   0x00000046   Code   RO         3619    i.USB_OTG_USBH_handle_IncompletePeriodicXfer_ISR  usb_hcd_int.o
    0x0800220e   0x00000056   Code   RO         3620    i.USB_OTG_USBH_handle_hc_ISR  usb_hcd_int.o
    0x08002264   0x0000042a   Code   RO         3621    i.USB_OTG_USBH_handle_hc_n_In_ISR  usb_hcd_int.o
    0x0800268e   0x000003d0   Code   RO         3622    i.USB_OTG_USBH_handle_hc_n_Out_ISR  usb_hcd_int.o
    0x08002a5e   0x0000012e   Code   RO         3623    i.USB_OTG_USBH_handle_nptxfempty_ISR  usb_hcd_int.o
    0x08002b8c   0x00000120   Code   RO         3624    i.USB_OTG_USBH_handle_port_ISR  usb_hcd_int.o
    0x08002cac   0x0000012e   Code   RO         3625    i.USB_OTG_USBH_handle_ptxfempty_ISR  usb_hcd_int.o
    0x08002dda   0x00000164   Code   RO         3626    i.USB_OTG_USBH_handle_rx_qlvl_ISR  usb_hcd_int.o
    0x08002f3e   0x00000002   PAD
    0x08002f40   0x0000002c   Code   RO         3627    i.USB_OTG_USBH_handle_sof_ISR  usb_hcd_int.o
    0x08002f6c   0x00000040   Code   RO         3385    i.USB_OTG_WritePacket  usb_core.o
    0x08002fac   0x00000004   Code   RO          331    i.UsageFault_Handler  stm32f4xx_it.o
    0x08002fb0   0x0000002e   Code   RO         1061    i.WK2124_FIFO_RST   wk2124.o
    0x08002fde   0x00000002   PAD
    0x08002fe0   0x00000038   Code   RO         1064    i.WK2124_ReadWriteByte  wk2124.o
    0x08003018   0x00000044   Code   RO         1067    i.WK2124_USART_Ctr  wk2124.o
    0x0800305c   0x00000058   Code   RO         1068    i.WK2124_read_FIFO  wk2124.o
    0x080030b4   0x0000005c   Code   RO         1069    i.WK2124_read_reg   wk2124.o
    0x08003110   0x00000048   Code   RO         1071    i.WK2124_write_reg  wk2124.o
    0x08003158   0x00000030   Code   RO         5963    i._SysTick_Config   board.o
    0x08003188   0x0000004c   Code   RO         5386    i.__rt_ffs          kservice.o
    0x080031d4   0x00000014   Code   RO         5143    i._has_defunct_thread  idle.o
    0x080031e8   0x0000000e   Code   RO         6264    i._is_digit         c_w.l(__printf_wp.o)
    0x080031f6   0x00000002   PAD
    0x080031f8   0x00000084   Code   RO         5738    i._rt_thread_init   thread.o
    0x0800327c   0x00000042   Code   RO         5853    i._rt_timer_init    timer.o
    0x080032be   0x0000002e   Code   RO         5854    i._rt_timer_remove  timer.o
    0x080032ec   0x00000068   Code   RO          534    i.deal_irq_rx_end   ahrs.o
    0x08003354   0x0000002c   Code   RO          535    i.deal_irq_tx_end   ahrs.o
    0x08003380   0x00000028   Code   RO          720    i.delay_init        delay.o
    0x080033a8   0x000000a4   Code   RO          721    i.delay_ms          delay.o
    0x0800344c   0x00000008   Code   RO          722    i.delay_osschedlock  delay.o
    0x08003454   0x00000008   Code   RO          723    i.delay_osschedunlock  delay.o
    0x0800345c   0x00000058   Code   RO          724    i.delay_us          delay.o
    0x080034b4   0x00000014   Code   RO            3    i.led0_thread_entry  main.o
    0x080034c8   0x00000060   Code   RO            4    i.led1_thread_entry  main.o
    0x08003528   0x000000c4   Code   RO            5    i.main              main.o
    0x080035ec   0x0000000e   Code   RO         5033    i.main_thread_entry  components.o
    0x080035fa   0x00000002   PAD
    0x080035fc   0x00000078   Code   RO         5551    i.plug_holes        mem.o
    0x08003674   0x0000018c   Code   RO         5388    i.print_number      kservice.o
    0x08003800   0x00000030   Code   RO         5034    i.rt_application_init  components.o
    0x08003830   0x0000001c   Code   RO         5035    i.rt_components_board_init  components.o
    0x0800384c   0x0000001c   Code   RO         5036    i.rt_components_init  components.o
    0x08003868   0x00000020   Code   RO         5672    i.rt_enter_critical  scheduler.o
    0x08003888   0x0000003c   Code   RO         5673    i.rt_exit_critical  scheduler.o
    0x080038c4   0x00000078   Code   RO         5553    i.rt_free           mem.o
    0x0800393c   0x00000008   Code   RO         5964    i.rt_heap_begin_get  board.o
    0x08003944   0x00000008   Code   RO         5965    i.rt_heap_end_get   board.o
    0x0800394c   0x00000054   Code   RO         5966    i.rt_hw_board_init  board.o
    0x080039a0   0x00000054   Code   RO         1034    i.rt_hw_console_output  print_uart.o
    0x080039f4   0x0000010c   Code   RO         5106    i.rt_hw_hard_fault_exception  cpuport.o
    0x08003b00   0x00000050   Code   RO         5107    i.rt_hw_stack_init  cpuport.o
    0x08003b50   0x00000020   Code   RO         5359    i.rt_interrupt_enter  irq.o
    0x08003b70   0x00000020   Code   RO         5361    i.rt_interrupt_leave  irq.o
    0x08003b90   0x00000014   Code   RO         5184    i.rt_ipc_list_resume  ipc.o
    0x08003ba4   0x0000006c   Code   RO         5186    i.rt_ipc_list_suspend  ipc.o
    0x08003c10   0x00000010   Code   RO         5187    i.rt_ipc_object_init  ipc.o
    0x08003c20   0x00000030   Code   RO         5392    i.rt_kprintf        kservice.o
    0x08003c50   0x00000006   Code   RO         5188    i.rt_list_init      ipc.o
    0x08003c56   0x00000006   Code   RO         5674    i.rt_list_init      scheduler.o
    0x08003c5c   0x00000006   Code   RO         5855    i.rt_list_init      timer.o
    0x08003c62   0x0000000e   Code   RO         5601    i.rt_list_insert_after  object.o
    0x08003c70   0x0000000e   Code   RO         5739    i.rt_list_insert_after  thread.o
    0x08003c7e   0x0000000e   Code   RO         5856    i.rt_list_insert_after  timer.o
    0x08003c8c   0x0000000e   Code   RO         5189    i.rt_list_insert_before  ipc.o
    0x08003c9a   0x00000010   Code   RO         5190    i.rt_list_isempty   ipc.o
    0x08003caa   0x00000010   Code   RO         5857    i.rt_list_isempty   timer.o
    0x08003cba   0x00000012   Code   RO         5602    i.rt_list_remove    object.o
    0x08003ccc   0x00000012   Code   RO         5740    i.rt_list_remove    thread.o
    0x08003cde   0x00000002   PAD
    0x08003ce0   0x0000016c   Code   RO         5554    i.rt_malloc         mem.o
    0x08003e4c   0x0000007c   Code   RO         5395    i.rt_memcpy         kservice.o
    0x08003ec8   0x00000048   Code   RO         5397    i.rt_memset         kservice.o
    0x08003f10   0x0000004c   Code   RO         5603    i.rt_object_allocate  object.o
    0x08003f5c   0x00000020   Code   RO         5604    i.rt_object_delete  object.o
    0x08003f7c   0x0000001a   Code   RO         5605    i.rt_object_detach  object.o
    0x08003f96   0x00000002   PAD
    0x08003f98   0x00000040   Code   RO         5608    i.rt_object_init    object.o
    0x08003fd8   0x00000012   Code   RO         5609    i.rt_object_is_systemobject  object.o
    0x08003fea   0x00000002   PAD
    0x08003fec   0x0000007c   Code   RO         5675    i.rt_schedule       scheduler.o
    0x08004068   0x00000048   Code   RO         5676    i.rt_schedule_insert_thread  scheduler.o
    0x080040b0   0x00000054   Code   RO         5677    i.rt_schedule_remove_thread  scheduler.o
    0x08004104   0x00000026   Code   RO         5203    i.rt_sem_init       ipc.o
    0x0800412a   0x0000003a   Code   RO         5204    i.rt_sem_release    ipc.o
    0x08004164   0x00000074   Code   RO         5205    i.rt_sem_take       ipc.o
    0x080041d8   0x000000b0   Code   RO         5399    i.rt_show_version   kservice.o
    0x08004288   0x00000012   Code   RO         5405    i.rt_strlen         kservice.o
    0x0800429a   0x00000034   Code   RO         5407    i.rt_strncpy        kservice.o
    0x080042ce   0x00000002   PAD
    0x080042d0   0x000000f8   Code   RO         5557    i.rt_system_heap_init  mem.o
    0x080043c8   0x0000004c   Code   RO         5678    i.rt_system_scheduler_init  scheduler.o
    0x08004414   0x00000030   Code   RO         5679    i.rt_system_scheduler_start  scheduler.o
    0x08004444   0x0000001c   Code   RO         5858    i.rt_system_timer_init  timer.o
    0x08004460   0x00000002   Code   RO         5859    i.rt_system_timer_thread_init  timer.o
    0x08004462   0x00000050   Code   RO         5742    i.rt_thread_create  thread.o
    0x080044b2   0x0000000c   Code   RO         5743    i.rt_thread_delay   thread.o
    0x080044be   0x00000002   PAD
    0x080044c0   0x00000054   Code   RO         5746    i.rt_thread_exit    thread.o
    0x08004514   0x00000008   Code   RO         5144    i.rt_thread_idle_entry  idle.o
    0x0800451c   0x00000078   Code   RO         5145    i.rt_thread_idle_excute  idle.o
    0x08004594   0x0000003c   Code   RO         5146    i.rt_thread_idle_init  idle.o
    0x080045d0   0x00000034   Code   RO         5748    i.rt_thread_init    thread.o
    0x08004604   0x00000038   Code   RO         5749    i.rt_thread_resume  thread.o
    0x0800463c   0x0000000c   Code   RO         5750    i.rt_thread_self    thread.o
    0x08004648   0x00000044   Code   RO         5751    i.rt_thread_sleep   thread.o
    0x0800468c   0x0000002c   Code   RO         5752    i.rt_thread_startup  thread.o
    0x080046b8   0x00000036   Code   RO         5753    i.rt_thread_suspend  thread.o
    0x080046ee   0x00000020   Code   RO         5754    i.rt_thread_timeout  thread.o
    0x0800470e   0x00000002   PAD
    0x08004710   0x00000060   Code   RO         5755    i.rt_thread_yield   thread.o
    0x08004770   0x0000000c   Code   RO         4996    i.rt_tick_get       clock.o
    0x0800477c   0x00000030   Code   RO         4997    i.rt_tick_increase  clock.o
    0x080047ac   0x0000007c   Code   RO         5860    i.rt_timer_check    timer.o
    0x08004828   0x00000038   Code   RO         5861    i.rt_timer_control  timer.o
    0x08004860   0x00000020   Code   RO         5864    i.rt_timer_detach   timer.o
    0x08004880   0x0000002e   Code   RO         5865    i.rt_timer_init     timer.o
    0x080048ae   0x00000002   PAD
    0x080048b0   0x000000f8   Code   RO         5868    i.rt_timer_start    timer.o
    0x080049a8   0x00000030   Code   RO         5869    i.rt_timer_stop     timer.o
    0x080049d8   0x00000328   Code   RO         5409    i.rt_vsnprintf      kservice.o
    0x08004d00   0x00000004   Code   RO         5037    i.rti_board_end     components.o
    0x08004d04   0x00000004   Code   RO         5038    i.rti_board_start   components.o
    0x08004d08   0x00000004   Code   RO         5039    i.rti_end           components.o
    0x08004d0c   0x0000002a   Code   RO         5041    i.rtthread_startup  components.o
    0x08004d36   0x00000026   Code   RO         5411    i.skip_atoi         kservice.o
    0x08004d5c   0x00000084   Code   RO         1035    i.uart4_init        print_uart.o
    0x08004de0   0x0000000c   Code   RO         6369    x$fpl$dretinf       fz_wm.l(dretinf.o)
    0x08004dec   0x00000056   Code   RO         6314    x$fpl$f2d           fz_wm.l(f2d.o)
    0x08004e42   0x0000008c   Code   RO         6373    x$fpl$fnaninf       fz_wm.l(fnaninf.o)
    0x08004ece   0x0000000a   Code   RO         6523    x$fpl$fpinit        fz_wm.l(fpinit.o)
    0x08004ed8   0x00000000   Code   RO         6379    x$fpl$usenofp       fz_wm.l(usenofp.o)
    0x08004ed8   0x00000122   Data   RO         5413    .constdata          kservice.o
    0x08004ffa   0x00000011   Data   RO         6267    .constdata          c_w.l(__printf_flags_wp.o)
    0x0800500b   0x00000001   PAD
    0x0800500c   0x00000004   Data   RO         5043    .rti_fn.0.end       components.o
    0x08005010   0x00000004   Data   RO         5044    .rti_fn.1.end       components.o
    0x08005014   0x00000004   Data   RO         5045    .rti_fn.6.end       components.o
    0x08005018   0x00000040   Data   RO         6681    Region$$Table       anon$$obj.o


    Execution Region CCM_IRAM (Base: 0x10000000, Size: 0x000003d4, Max: 0x00001000, ABSOLUTE)

    Base Addr    Size         Type   Attr      Idx    E Section Name        Object

    0x10000000   0x00000014   Data   RW          408    .data               system_stm32f4xx.o
    0x10000014   0x00000010   Data   RW         1677    .data               stm32f4xx_rcc.o
    0x10000024   0x00000004   Data   RW         4999    .data               clock.o
    0x10000028   0x00000010   Data   RW         5108    .data               cpuport.o
    0x10000038   0x00000018   Data   RW         5559    .data               mem.o
    0x10000050   0x00000050   Data   RW         5611    .data               object.o
    0x100000a0   0x00000018   Data   RW         5681    .data               scheduler.o
    0x100000b8   0x0000000c   Data   RW         5870    .data               timer.o
    0x100000c4   0x00000180   Zero   RW         5147    .bss                idle.o
    0x10000244   0x00000080   Zero   RW         5412    .bss                kservice.o
    0x100002c4   0x00000020   Zero   RW         5558    .bss                mem.o
    0x100002e4   0x000000f0   Zero   RW         5680    .bss                scheduler.o


    Execution Region RW_IRAM1 (Base: 0x20000000, Size: 0x00005550, Max: 0x00020000, ABSOLUTE)

    Base Addr    Size         Type   Attr      Idx    E Section Name        Object

    0x20000000   0x00000002   Data   RW            7    .data               main.o
    0x20000002   0x00000002   PAD
    0x20000004   0x00000008   Data   RW          538    .data               ahrs.o
    0x2000000c   0x0000000c   Data   RW          609    .data               altimeter.o
    0x20000018   0x0000000a   Data   RW          663    .data               ctd48m.o
    0x20000022   0x00000002   PAD
    0x20000024   0x00000009   Data   RW          725    .data               delay.o
    0x2000002d   0x00000003   PAD
    0x20000030   0x00000010   Data   RW          859    .data               sd.o
    0x20000040   0x0000000b   Data   RW         1073    .data               wk2124.o
    0x2000004b   0x00000001   PAD
    0x2000004c   0x00000006   Data   RW         1167    .data               sonar.o
    0x20000052   0x00000002   PAD
    0x20000054   0x00000012   Data   RW         3855    .data               usbh_core.o
    0x20000066   0x00000001   Data   RW         5362    .data               irq.o
    0x20000067   0x00000001   PAD
    0x20000068   0x00000f60   Zero   RW            6    .bss                main.o
    0x20000fc8   0x000000b0   Zero   RW          536    .bss                ahrs.o
    0x20001078   0x00000020   Zero   RW          608    .bss                altimeter.o
    0x20001098   0x0000002c   Zero   RW          661    .bss                ctd48m.o
    0x200010c4   0x00000004   PAD
    0x200010c8   0x000002c0   Zero   RW          858    .bss                sd.o
    0x20001388   0x00001868   Zero   RW         1165    .bss                sonar.o
    0x20002bf0   0x00000220   Zero   RW         1246    .bss                bd_rnss.o
    0x20002e10   0x0000009c   Zero   RW         1322    .bss                bd_rdss.o
    0x20002eac   0x0000003e   Zero   RW         1445    .bss                rf.o
    0x20002eea   0x00000002   PAD
    0x20002eec   0x00002000   Zero   RW         5967    .bss                board.o
    0x20004eec   0x00000060   Zero   RW         6418    .bss                c_w.l(libspace.o)
    0x20004f4c   0x00000004   PAD
    0x20004f50   0x00000200   Zero   RW         1474    HEAP                startup_stm32f40_41xxx.o
    0x20005150   0x00000400   Zero   RW         1473    STACK               startup_stm32f40_41xxx.o


==============================================================================

Image component sizes


      Code (inc. data)   RO Data    RW Data    ZI Data      Debug   Object Name

      1284        118          0          8        176       6849   ahrs.o
       136         30          0         12         32       1493   altimeter.o
         0          0          0          0        156        756   bd_rdss.o
         0          0          0          0        544        813   bd_rnss.o
       164         22          0          0       8192       3481   board.o
        60         12          0          4          0       1233   clock.o
       186         30         12          0          0       5524   components.o
       268         24          0          0          0        788   context_rvds.o
       348        166          0         16          0       3490   cpuport.o
       112         20          0         10         44       2357   ctd48m.o
       308         34          0          9          0       3165   delay.o
       208         32          0          0        384       3634   idle.o
       392          0          0          0          0       6365   ipc.o
        64         12          0          1          0       1594   irq.o
      1808        164        290          0        128       9672   kservice.o
        64          6          0          0          0        547   led.o
       312        100          0          2       3936     325650   main.o
       852        150          0         24         32       3884   mem.o
       140         24          0          0          0       1539   misc.o
       248         10          0         80          0       5522   object.o
       216         16          0          0          0       1364   print_uart.o
         0          0          0          0         62        533   rf.o
       502         88          0         24        240       6558   scheduler.o
       456         28          0         16        704      11526   sd.o
       384         66          0          6       6248       4828   sonar.o
        64         26        392          0       1536        840   startup_stm32f40_41xxx.o
       696         58          0          0          0       6880   stm32f4xx_dma.o
        12          6          0          0          0        541   stm32f4xx_exti.o
       218          0          0          0          0       2318   stm32f4xx_gpio.o
        18          0          0          0          0       2727   stm32f4xx_it.o
       392         48          0         16          0       5817   stm32f4xx_rcc.o
        80         14          0          0          0       3481   stm32f4xx_sdio.o
        28          0          0          0          0       2317   stm32f4xx_spi.o
       686         42          0          0          0       6151   stm32f4xx_usart.o
       532         54          0         20          0       2429   system_stm32f4xx.o
       460        188          0          0          0        599   test.o
       754         36          0          0          0      10015   thread.o
       732         20          0         12          0       9324   timer.o
        28          0          0          0          0       1057   usb_bsp.o
       516          0          0          0          0       8319   usb_core.o
      3702         16          0          0          0      11051   usb_hcd_int.o
        30          0          0         18          0       5421   usbh_core.o
        24          6          0          0          0        552   usbh_usr.o
       842         70          0         11          0       8912   wk2124.o

    ----------------------------------------------------------------------
     18362       1736        758        300      22420     501916   Object Totals
         0          0         64          0          0          0   (incl. Generated)
        36          0          0         11          6          0   (incl. Padding)

    ----------------------------------------------------------------------

      Code (inc. data)   RO Data    RW Data    ZI Data      Debug   Library Member Name

        90          0          0          0          0          0   __dczerorl2.o
         8          0          0          0          0         68   __main.o
       312          4         17          0          0         92   __printf_flags_wp.o
        14          0          0          0          0         68   __printf_wp.o
         0          0          0          0          0          0   __rtentry.o
        12          0          0          0          0          0   __rtentry2.o
         6          0          0          0          0          0   __rtentry4.o
        52          8          0          0          0          0   __scatter.o
        26          0          0          0          0          0   __scatter_copy.o
        28          0          0          0          0          0   __scatter_zi.o
        48          6          0          0          0         96   _printf_char_common.o
         6          0          0          0          0          0   _printf_d.o
       120         16          0          0          0         92   _printf_dec.o
       178          0          0          0          0         88   _printf_intcommon.o
        78          0          0          0          0        108   _printf_pad.o
         0          0          0          0          0          0   _printf_percent.o
         4          0          0          0          0          0   _printf_percent_end.o
        10          0          0          0          0         68   _sputc.o
        12          0          0          0          0         72   exit.o
         6          0          0          0          0        152   heapauxi.o
         0          0          0          0          0          0   indicate_semi.o
         2          0          0          0          0          0   libinit.o
         6          0          0          0          0          0   libinit2.o
         2          0          0          0          0          0   libshutdown.o
         2          0          0          0          0          0   libshutdown2.o
         8          4          0          0         96         68   libspace.o
        40          6          0          0          0         84   noretval__2sprintf.o
         2          0          0          0          0          0   rtexit.o
        10          0          0          0          0          0   rtexit2.o
        12          4          0          0          0         68   sys_exit.o
        74          0          0          0          0         80   sys_stackheap_outer.o
         2          0          0          0          0         68   use_no_semi.o
        12          0          0          0          0        116   dretinf.o
        86          4          0          0          0        132   f2d.o
       140          4          0          0          0        132   fnaninf.o
        10          0          0          0          0        116   fpinit.o
         0          0          0          0          0          0   usenofp.o

    ----------------------------------------------------------------------
      1430         56         18          0        100       1768   Library Totals
        12          0          1          0          4          0   (incl. Padding)

    ----------------------------------------------------------------------

      Code (inc. data)   RO Data    RW Data    ZI Data      Debug   Library Name

      1170         48         17          0         96       1272   c_w.l
       248          8          0          0          0        496   fz_wm.l

    ----------------------------------------------------------------------
      1430         56         18          0        100       1768   Library Totals

    ----------------------------------------------------------------------

==============================================================================


      Code (inc. data)   RO Data    RW Data    ZI Data      Debug   

     19792       1792        776        300      22520     483780   Grand Totals
     19792       1792        776        300      22520     483780   ELF Image Totals
     19792       1792        776        300          0          0   ROM Totals

==============================================================================

    Total RO  Size (Code + RO Data)                20568 (  20.09kB)
    Total RW  Size (RW Data + ZI Data)             22820 (  22.29kB)
    Total ROM Size (Code + RO Data + RW Data)      20868 (  20.38kB)

==============================================================================

